SQL> desc employees;
 Name                                      Null?    Type
 ----------------------------------------- -------- ----------------------------
 EMPLOYEE_ID                               NOT NULL NUMBER(6)
 FIRST_NAME                                         VARCHAR2(20)
 LAST_NAME                                 NOT NULL VARCHAR2(25)
 EMAIL                                     NOT NULL VARCHAR2(25)
 PHONE_NUMBER                                       VARCHAR2(20)
 HIRE_DATE                                 NOT NULL DATE
 JOB_ID                                    NOT NULL VARCHAR2(10)
 SALARY                                             NUMBER(8,2)
 COMMISSION_PCT                                     NUMBER(2,2)
 MANAGER_ID                                         NUMBER(6)
 DEPARTMENT_ID                                      NUMBER(4)

SQL> select employee_id, last_name, job_id, hire_date as STARTDATE from employees;

EMPLOYEE_ID LAST_NAME                 JOB_ID     STARTDATE                      
----------- ------------------------- ---------- ---------                      
        100 King                      AD_PRES    17-JUN-03                      
        101 Kochhar                   AD_VP      21-SEP-05                      
        102 De Haan                   AD_VP      13-JAN-01                      
        103 Hunold                    IT_PROG    03-JAN-06                      
        104 Ernst                     IT_PROG    21-MAY-07                      
        105 Austin                    IT_PROG    25-JUN-05                      
        106 Pataballa                 IT_PROG    05-FEB-06                      
        107 Lorentz                   IT_PROG    07-FEB-07                      
        108 Greenberg                 FI_MGR     17-AUG-02                      
        109 Faviet                    FI_ACCOUNT 16-AUG-02                      
        110 Chen                      FI_ACCOUNT 28-SEP-05                      

EMPLOYEE_ID LAST_NAME                 JOB_ID     STARTDATE                      
----------- ------------------------- ---------- ---------                      
        111 Sciarra                   FI_ACCOUNT 30-SEP-05                      
        112 Urman                     FI_ACCOUNT 07-MAR-06                      
        113 Popp                      FI_ACCOUNT 07-DEC-07                      
        114 Raphaely                  PU_MAN     07-DEC-02                      
        115 Khoo                      PU_CLERK   18-MAY-03                      
        116 Baida                     PU_CLERK   24-DEC-05                      
        117 Tobias                    PU_CLERK   24-JUL-05                      
        118 Himuro                    PU_CLERK   15-NOV-06                      
        119 Colmenares                PU_CLERK   10-AUG-07                      
        120 Weiss                     ST_MAN     18-JUL-04                      
        121 Fripp                     ST_MAN     10-APR-05                      

EMPLOYEE_ID LAST_NAME                 JOB_ID     STARTDATE                      
----------- ------------------------- ---------- ---------                      
        122 Kaufling                  ST_MAN     01-MAY-03                      
        123 Vollman                   ST_MAN     10-OCT-05                      
        124 Mourgos                   ST_MAN     16-NOV-07                      
        125 Nayer                     ST_CLERK   16-JUL-05                      
        126 Mikkilineni               ST_CLERK   28-SEP-06                      
        127 Landry                    ST_CLERK   14-JAN-07                      
        128 Markle                    ST_CLERK   08-MAR-08                      
        129 Bissot                    ST_CLERK   20-AUG-05                      
        130 Atkinson                  ST_CLERK   30-OCT-05                      
        131 Marlow                    ST_CLERK   16-FEB-05                      
        132 Olson                     ST_CLERK   10-APR-07                      

EMPLOYEE_ID LAST_NAME                 JOB_ID     STARTDATE                      
----------- ------------------------- ---------- ---------                      
        133 Mallin                    ST_CLERK   14-JUN-04                      
        134 Rogers                    ST_CLERK   26-AUG-06                      
        135 Gee                       ST_CLERK   12-DEC-07                      
        136 Philtanker                ST_CLERK   06-FEB-08                      
        137 Ladwig                    ST_CLERK   14-JUL-03                      
        138 Stiles                    ST_CLERK   26-OCT-05                      
        139 Seo                       ST_CLERK   12-FEB-06                      
        140 Patel                     ST_CLERK   06-APR-06                      
        141 Rajs                      ST_CLERK   17-OCT-03                      
        142 Davies                    ST_CLERK   29-JAN-05                      
        143 Matos                     ST_CLERK   15-MAR-06                      

EMPLOYEE_ID LAST_NAME                 JOB_ID     STARTDATE                      
----------- ------------------------- ---------- ---------                      
        144 Vargas                    ST_CLERK   09-JUL-06                      
        145 Russell                   SA_MAN     01-OCT-04                      
        146 Partners                  SA_MAN     05-JAN-05                      
        147 Errazuriz                 SA_MAN     10-MAR-05                      
        148 Cambrault                 SA_MAN     15-OCT-07                      
        149 Zlotkey                   SA_MAN     29-JAN-08                      
        150 Tucker                    SA_REP     30-JAN-05                      
        151 Bernstein                 SA_REP     24-MAR-05                      
        152 Hall                      SA_REP     20-AUG-05                      
        153 Olsen                     SA_REP     30-MAR-06                      
        154 Cambrault                 SA_REP     09-DEC-06                      

EMPLOYEE_ID LAST_NAME                 JOB_ID     STARTDATE                      
----------- ------------------------- ---------- ---------                      
        155 Tuvault                   SA_REP     23-NOV-07                      
        156 King                      SA_REP     30-JAN-04                      
        157 Sully                     SA_REP     04-MAR-04                      
        158 McEwen                    SA_REP     01-AUG-04                      
        159 Smith                     SA_REP     10-MAR-05                      
        160 Doran                     SA_REP     15-DEC-05                      
        161 Sewall                    SA_REP     03-NOV-06                      
        162 Vishney                   SA_REP     11-NOV-05                      
        163 Greene                    SA_REP     19-MAR-07                      
        164 Marvins                   SA_REP     24-JAN-08                      
        165 Lee                       SA_REP     23-FEB-08                      

EMPLOYEE_ID LAST_NAME                 JOB_ID     STARTDATE                      
----------- ------------------------- ---------- ---------                      
        166 Ande                      SA_REP     24-MAR-08                      
        167 Banda                     SA_REP     21-APR-08                      
        168 Ozer                      SA_REP     11-MAR-05                      
        169 Bloom                     SA_REP     23-MAR-06                      
        170 Fox                       SA_REP     24-JAN-06                      
        171 Smith                     SA_REP     23-FEB-07                      
        172 Bates                     SA_REP     24-MAR-07                      
        173 Kumar                     SA_REP     21-APR-08                      
        174 Abel                      SA_REP     11-MAY-04                      
        175 Hutton                    SA_REP     19-MAR-05                      
        176 Taylor                    SA_REP     24-MAR-06                      

EMPLOYEE_ID LAST_NAME                 JOB_ID     STARTDATE                      
----------- ------------------------- ---------- ---------                      
        177 Livingston                SA_REP     23-APR-06                      
        178 Grant                     SA_REP     24-MAY-07                      
        179 Johnson                   SA_REP     04-JAN-08                      
        180 Taylor                    SH_CLERK   24-JAN-06                      
        181 Fleaur                    SH_CLERK   23-FEB-06                      
        182 Sullivan                  SH_CLERK   21-JUN-07                      
        183 Geoni                     SH_CLERK   03-FEB-08                      
        184 Sarchand                  SH_CLERK   27-JAN-04                      
        185 Bull                      SH_CLERK   20-FEB-05                      
        186 Dellinger                 SH_CLERK   24-JUN-06                      
        187 Cabrio                    SH_CLERK   07-FEB-07                      

EMPLOYEE_ID LAST_NAME                 JOB_ID     STARTDATE                      
----------- ------------------------- ---------- ---------                      
        188 Chung                     SH_CLERK   14-JUN-05                      
        189 Dilly                     SH_CLERK   13-AUG-05                      
        190 Gates                     SH_CLERK   11-JUL-06                      
        191 Perkins                   SH_CLERK   19-DEC-07                      
        192 Bell                      SH_CLERK   04-FEB-04                      
        193 Everett                   SH_CLERK   03-MAR-05                      
        194 McCain                    SH_CLERK   01-JUL-06                      
        195 Jones                     SH_CLERK   17-MAR-07                      
        196 Walsh                     SH_CLERK   24-APR-06                      
        197 Feeney                    SH_CLERK   23-MAY-06                      
        198 OConnell                  SH_CLERK   21-JUN-07                      

EMPLOYEE_ID LAST_NAME                 JOB_ID     STARTDATE                      
----------- ------------------------- ---------- ---------                      
        199 Grant                     SH_CLERK   13-JAN-08                      
        200 Whalen                    AD_ASST    17-SEP-03                      
        201 Hartstein                 MK_MAN     17-FEB-04                      
        202 Fay                       MK_REP     17-AUG-05                      
        203 Mavris                    HR_REP     07-JUN-02                      
        204 Baer                      PR_REP     07-JUN-02                      
        205 Higgins                   AC_MGR     07-JUN-02                      
        206 Gietz                     AC_ACCOUNT 07-JUN-02                      

107 rows selected.

Elapsed: 00:00:00.44
SQL> select distinct job_id from employees;

JOB_ID                                                                          
----------                                                                      
IT_PROG                                                                         
AC_MGR                                                                          
AC_ACCOUNT                                                                      
ST_MAN                                                                          
PU_MAN                                                                          
AD_ASST                                                                         
AD_VP                                                                           
SH_CLERK                                                                        
FI_ACCOUNT                                                                      
FI_MGR                                                                          
PU_CLERK                                                                        

JOB_ID                                                                          
----------                                                                      
SA_MAN                                                                          
MK_MAN                                                                          
PR_REP                                                                          
AD_PRES                                                                         
SA_REP                                                                          
MK_REP                                                                          
ST_CLERK                                                                        
HR_REP                                                                          

19 rows selected.

Elapsed: 00:00:00.07
SQL> select employee_id Emp#, last_name Employee, job_id Job, hire_date as 'Hire Date' from employees;
select employee_id Emp#, last_name Employee, job_id Job, hire_date as 'Hire Date' from employees
                                                                      *
ERROR at line 1:
ORA-00923: FROM keyword not found where expected 


Elapsed: 00:00:00.01
SQL> select employee_id as 'Emp#', last_name as 'Employee', job_id as 'Job', hire_date as 'Hire Date' from employees;
select employee_id as 'Emp#', last_name as 'Employee', job_id as 'Job', hire_date as 'Hire Date' from employees
                      *
ERROR at line 1:
ORA-00923: FROM keyword not found where expected 


Elapsed: 00:00:00.01
SQL> select employee_id, last_name, job_id, hire_date as STARTDATE from employees;

EMPLOYEE_ID LAST_NAME                 JOB_ID     STARTDATE                      
----------- ------------------------- ---------- ---------                      
        100 King                      AD_PRES    17-JUN-03                      
        101 Kochhar                   AD_VP      21-SEP-05                      
        102 De Haan                   AD_VP      13-JAN-01                      
        103 Hunold                    IT_PROG    03-JAN-06                      
        104 Ernst                     IT_PROG    21-MAY-07                      
        105 Austin                    IT_PROG    25-JUN-05                      
        106 Pataballa                 IT_PROG    05-FEB-06                      
        107 Lorentz                   IT_PROG    07-FEB-07                      
        108 Greenberg                 FI_MGR     17-AUG-02                      
        109 Faviet                    FI_ACCOUNT 16-AUG-02                      
        110 Chen                      FI_ACCOUNT 28-SEP-05                      

EMPLOYEE_ID LAST_NAME                 JOB_ID     STARTDATE                      
----------- ------------------------- ---------- ---------                      
        111 Sciarra                   FI_ACCOUNT 30-SEP-05                      
        112 Urman                     FI_ACCOUNT 07-MAR-06                      
        113 Popp                      FI_ACCOUNT 07-DEC-07                      
        114 Raphaely                  PU_MAN     07-DEC-02                      
        115 Khoo                      PU_CLERK   18-MAY-03                      
        116 Baida                     PU_CLERK   24-DEC-05                      
        117 Tobias                    PU_CLERK   24-JUL-05                      
        118 Himuro                    PU_CLERK   15-NOV-06                      
        119 Colmenares                PU_CLERK   10-AUG-07                      
        120 Weiss                     ST_MAN     18-JUL-04                      
        121 Fripp                     ST_MAN     10-APR-05                      

EMPLOYEE_ID LAST_NAME                 JOB_ID     STARTDATE                      
----------- ------------------------- ---------- ---------                      
        122 Kaufling                  ST_MAN     01-MAY-03                      
        123 Vollman                   ST_MAN     10-OCT-05                      
        124 Mourgos                   ST_MAN     16-NOV-07                      
        125 Nayer                     ST_CLERK   16-JUL-05                      
        126 Mikkilineni               ST_CLERK   28-SEP-06                      
        127 Landry                    ST_CLERK   14-JAN-07                      
        128 Markle                    ST_CLERK   08-MAR-08                      
        129 Bissot                    ST_CLERK   20-AUG-05                      
        130 Atkinson                  ST_CLERK   30-OCT-05                      
        131 Marlow                    ST_CLERK   16-FEB-05                      
        132 Olson                     ST_CLERK   10-APR-07                      

EMPLOYEE_ID LAST_NAME                 JOB_ID     STARTDATE                      
----------- ------------------------- ---------- ---------                      
        133 Mallin                    ST_CLERK   14-JUN-04                      
        134 Rogers                    ST_CLERK   26-AUG-06                      
        135 Gee                       ST_CLERK   12-DEC-07                      
        136 Philtanker                ST_CLERK   06-FEB-08                      
        137 Ladwig                    ST_CLERK   14-JUL-03                      
        138 Stiles                    ST_CLERK   26-OCT-05                      
        139 Seo                       ST_CLERK   12-FEB-06                      
        140 Patel                     ST_CLERK   06-APR-06                      
        141 Rajs                      ST_CLERK   17-OCT-03                      
        142 Davies                    ST_CLERK   29-JAN-05                      
        143 Matos                     ST_CLERK   15-MAR-06                      

EMPLOYEE_ID LAST_NAME                 JOB_ID     STARTDATE                      
----------- ------------------------- ---------- ---------                      
        144 Vargas                    ST_CLERK   09-JUL-06                      
        145 Russell                   SA_MAN     01-OCT-04                      
        146 Partners                  SA_MAN     05-JAN-05                      
        147 Errazuriz                 SA_MAN     10-MAR-05                      
        148 Cambrault                 SA_MAN     15-OCT-07                      
        149 Zlotkey                   SA_MAN     29-JAN-08                      
        150 Tucker                    SA_REP     30-JAN-05                      
        151 Bernstein                 SA_REP     24-MAR-05                      
        152 Hall                      SA_REP     20-AUG-05                      
        153 Olsen                     SA_REP     30-MAR-06                      
        154 Cambrault                 SA_REP     09-DEC-06                      

EMPLOYEE_ID LAST_NAME                 JOB_ID     STARTDATE                      
----------- ------------------------- ---------- ---------                      
        155 Tuvault                   SA_REP     23-NOV-07                      
        156 King                      SA_REP     30-JAN-04                      
        157 Sully                     SA_REP     04-MAR-04                      
        158 McEwen                    SA_REP     01-AUG-04                      
        159 Smith                     SA_REP     10-MAR-05                      
        160 Doran                     SA_REP     15-DEC-05                      
        161 Sewall                    SA_REP     03-NOV-06                      
        162 Vishney                   SA_REP     11-NOV-05                      
        163 Greene                    SA_REP     19-MAR-07                      
        164 Marvins                   SA_REP     24-JAN-08                      
        165 Lee                       SA_REP     23-FEB-08                      

EMPLOYEE_ID LAST_NAME                 JOB_ID     STARTDATE                      
----------- ------------------------- ---------- ---------                      
        166 Ande                      SA_REP     24-MAR-08                      
        167 Banda                     SA_REP     21-APR-08                      
        168 Ozer                      SA_REP     11-MAR-05                      
        169 Bloom                     SA_REP     23-MAR-06                      
        170 Fox                       SA_REP     24-JAN-06                      
        171 Smith                     SA_REP     23-FEB-07                      
        172 Bates                     SA_REP     24-MAR-07                      
        173 Kumar                     SA_REP     21-APR-08                      
        174 Abel                      SA_REP     11-MAY-04                      
        175 Hutton                    SA_REP     19-MAR-05                      
        176 Taylor                    SA_REP     24-MAR-06                      

EMPLOYEE_ID LAST_NAME                 JOB_ID     STARTDATE                      
----------- ------------------------- ---------- ---------                      
        177 Livingston                SA_REP     23-APR-06                      
        178 Grant                     SA_REP     24-MAY-07                      
        179 Johnson                   SA_REP     04-JAN-08                      
        180 Taylor                    SH_CLERK   24-JAN-06                      
        181 Fleaur                    SH_CLERK   23-FEB-06                      
        182 Sullivan                  SH_CLERK   21-JUN-07                      
        183 Geoni                     SH_CLERK   03-FEB-08                      
        184 Sarchand                  SH_CLERK   27-JAN-04                      
        185 Bull                      SH_CLERK   20-FEB-05                      
        186 Dellinger                 SH_CLERK   24-JUN-06                      
        187 Cabrio                    SH_CLERK   07-FEB-07                      

EMPLOYEE_ID LAST_NAME                 JOB_ID     STARTDATE                      
----------- ------------------------- ---------- ---------                      
        188 Chung                     SH_CLERK   14-JUN-05                      
        189 Dilly                     SH_CLERK   13-AUG-05                      
        190 Gates                     SH_CLERK   11-JUL-06                      
        191 Perkins                   SH_CLERK   19-DEC-07                      
        192 Bell                      SH_CLERK   04-FEB-04                      
        193 Everett                   SH_CLERK   03-MAR-05                      
        194 McCain                    SH_CLERK   01-JUL-06                      
        195 Jones                     SH_CLERK   17-MAR-07                      
        196 Walsh                     SH_CLERK   24-APR-06                      
        197 Feeney                    SH_CLERK   23-MAY-06                      
        198 OConnell                  SH_CLERK   21-JUN-07                      

EMPLOYEE_ID LAST_NAME                 JOB_ID     STARTDATE                      
----------- ------------------------- ---------- ---------                      
        199 Grant                     SH_CLERK   13-JAN-08                      
        200 Whalen                    AD_ASST    17-SEP-03                      
        201 Hartstein                 MK_MAN     17-FEB-04                      
        202 Fay                       MK_REP     17-AUG-05                      
        203 Mavris                    HR_REP     07-JUN-02                      
        204 Baer                      PR_REP     07-JUN-02                      
        205 Higgins                   AC_MGR     07-JUN-02                      
        206 Gietz                     AC_ACCOUNT 07-JUN-02                      

107 rows selected.

Elapsed: 00:00:00.35
SQL> select employee_id as 'Emp#', last_name as'Employee', job_id as 'Job', hire_date as 'Hire Date' from employees;
select employee_id as 'Emp#', last_name as'Employee', job_id as 'Job', hire_date as 'Hire Date' from employees
                      *
ERROR at line 1:
ORA-00923: FROM keyword not found where expected 


Elapsed: 00:00:00.01
SQL> select employee_id, last_name, job_id, hire_date as 'Hire Date' from employees;
select employee_id, last_name, job_id, hire_date as 'Hire Date' from employees
                                                    *
ERROR at line 1:
ORA-00923: FROM keyword not found where expected 


Elapsed: 00:00:00.00
SQL> select employee_id, last_name, job_id, hire_date 'Hire Date' from employees;
select employee_id, last_name, job_id, hire_date 'Hire Date' from employees
                                                 *
ERROR at line 1:
ORA-00923: FROM keyword not found where expected 


Elapsed: 00:00:00.01
SQL> select employee_id, last_name, job_id, hire_date 'Hire Date' from employees;
select employee_id, last_name, job_id, hire_date 'Hire Date' from employees
                                                 *
ERROR at line 1:
ORA-00923: FROM keyword not found where expected 


Elapsed: 00:00:00.01
SQL> select employee_id, last_name, job_id, hire_date "Hire Date" from employees;

EMPLOYEE_ID LAST_NAME                 JOB_ID     Hire Date                      
----------- ------------------------- ---------- ---------                      
        100 King                      AD_PRES    17-JUN-03                      
        101 Kochhar                   AD_VP      21-SEP-05                      
        102 De Haan                   AD_VP      13-JAN-01                      
        103 Hunold                    IT_PROG    03-JAN-06                      
        104 Ernst                     IT_PROG    21-MAY-07                      
        105 Austin                    IT_PROG    25-JUN-05                      
        106 Pataballa                 IT_PROG    05-FEB-06                      
        107 Lorentz                   IT_PROG    07-FEB-07                      
        108 Greenberg                 FI_MGR     17-AUG-02                      
        109 Faviet                    FI_ACCOUNT 16-AUG-02                      
        110 Chen                      FI_ACCOUNT 28-SEP-05                      

EMPLOYEE_ID LAST_NAME                 JOB_ID     Hire Date                      
----------- ------------------------- ---------- ---------                      
        111 Sciarra                   FI_ACCOUNT 30-SEP-05                      
        112 Urman                     FI_ACCOUNT 07-MAR-06                      
        113 Popp                      FI_ACCOUNT 07-DEC-07                      
        114 Raphaely                  PU_MAN     07-DEC-02                      
        115 Khoo                      PU_CLERK   18-MAY-03                      
        116 Baida                     PU_CLERK   24-DEC-05                      
        117 Tobias                    PU_CLERK   24-JUL-05                      
        118 Himuro                    PU_CLERK   15-NOV-06                      
        119 Colmenares                PU_CLERK   10-AUG-07                      
        120 Weiss                     ST_MAN     18-JUL-04                      
        121 Fripp                     ST_MAN     10-APR-05                      

EMPLOYEE_ID LAST_NAME                 JOB_ID     Hire Date                      
----------- ------------------------- ---------- ---------                      
        122 Kaufling                  ST_MAN     01-MAY-03                      
        123 Vollman                   ST_MAN     10-OCT-05                      
        124 Mourgos                   ST_MAN     16-NOV-07                      
        125 Nayer                     ST_CLERK   16-JUL-05                      
        126 Mikkilineni               ST_CLERK   28-SEP-06                      
        127 Landry                    ST_CLERK   14-JAN-07                      
        128 Markle                    ST_CLERK   08-MAR-08                      
        129 Bissot                    ST_CLERK   20-AUG-05                      
        130 Atkinson                  ST_CLERK   30-OCT-05                      
        131 Marlow                    ST_CLERK   16-FEB-05                      
        132 Olson                     ST_CLERK   10-APR-07                      

EMPLOYEE_ID LAST_NAME                 JOB_ID     Hire Date                      
----------- ------------------------- ---------- ---------                      
        133 Mallin                    ST_CLERK   14-JUN-04                      
        134 Rogers                    ST_CLERK   26-AUG-06                      
        135 Gee                       ST_CLERK   12-DEC-07                      
        136 Philtanker                ST_CLERK   06-FEB-08                      
        137 Ladwig                    ST_CLERK   14-JUL-03                      
        138 Stiles                    ST_CLERK   26-OCT-05                      
        139 Seo                       ST_CLERK   12-FEB-06                      
        140 Patel                     ST_CLERK   06-APR-06                      
        141 Rajs                      ST_CLERK   17-OCT-03                      
        142 Davies                    ST_CLERK   29-JAN-05                      
        143 Matos                     ST_CLERK   15-MAR-06                      

EMPLOYEE_ID LAST_NAME                 JOB_ID     Hire Date                      
----------- ------------------------- ---------- ---------                      
        144 Vargas                    ST_CLERK   09-JUL-06                      
        145 Russell                   SA_MAN     01-OCT-04                      
        146 Partners                  SA_MAN     05-JAN-05                      
        147 Errazuriz                 SA_MAN     10-MAR-05                      
        148 Cambrault                 SA_MAN     15-OCT-07                      
        149 Zlotkey                   SA_MAN     29-JAN-08                      
        150 Tucker                    SA_REP     30-JAN-05                      
        151 Bernstein                 SA_REP     24-MAR-05                      
        152 Hall                      SA_REP     20-AUG-05                      
        153 Olsen                     SA_REP     30-MAR-06                      
        154 Cambrault                 SA_REP     09-DEC-06                      

EMPLOYEE_ID LAST_NAME                 JOB_ID     Hire Date                      
----------- ------------------------- ---------- ---------                      
        155 Tuvault                   SA_REP     23-NOV-07                      
        156 King                      SA_REP     30-JAN-04                      
        157 Sully                     SA_REP     04-MAR-04                      
        158 McEwen                    SA_REP     01-AUG-04                      
        159 Smith                     SA_REP     10-MAR-05                      
        160 Doran                     SA_REP     15-DEC-05                      
        161 Sewall                    SA_REP     03-NOV-06                      
        162 Vishney                   SA_REP     11-NOV-05                      
        163 Greene                    SA_REP     19-MAR-07                      
        164 Marvins                   SA_REP     24-JAN-08                      
        165 Lee                       SA_REP     23-FEB-08                      

EMPLOYEE_ID LAST_NAME                 JOB_ID     Hire Date                      
----------- ------------------------- ---------- ---------                      
        166 Ande                      SA_REP     24-MAR-08                      
        167 Banda                     SA_REP     21-APR-08                      
        168 Ozer                      SA_REP     11-MAR-05                      
        169 Bloom                     SA_REP     23-MAR-06                      
        170 Fox                       SA_REP     24-JAN-06                      
        171 Smith                     SA_REP     23-FEB-07                      
        172 Bates                     SA_REP     24-MAR-07                      
        173 Kumar                     SA_REP     21-APR-08                      
        174 Abel                      SA_REP     11-MAY-04                      
        175 Hutton                    SA_REP     19-MAR-05                      
        176 Taylor                    SA_REP     24-MAR-06                      

EMPLOYEE_ID LAST_NAME                 JOB_ID     Hire Date                      
----------- ------------------------- ---------- ---------                      
        177 Livingston                SA_REP     23-APR-06                      
        178 Grant                     SA_REP     24-MAY-07                      
        179 Johnson                   SA_REP     04-JAN-08                      
        180 Taylor                    SH_CLERK   24-JAN-06                      
        181 Fleaur                    SH_CLERK   23-FEB-06                      
        182 Sullivan                  SH_CLERK   21-JUN-07                      
        183 Geoni                     SH_CLERK   03-FEB-08                      
        184 Sarchand                  SH_CLERK   27-JAN-04                      
        185 Bull                      SH_CLERK   20-FEB-05                      
        186 Dellinger                 SH_CLERK   24-JUN-06                      
        187 Cabrio                    SH_CLERK   07-FEB-07                      

EMPLOYEE_ID LAST_NAME                 JOB_ID     Hire Date                      
----------- ------------------------- ---------- ---------                      
        188 Chung                     SH_CLERK   14-JUN-05                      
        189 Dilly                     SH_CLERK   13-AUG-05                      
        190 Gates                     SH_CLERK   11-JUL-06                      
        191 Perkins                   SH_CLERK   19-DEC-07                      
        192 Bell                      SH_CLERK   04-FEB-04                      
        193 Everett                   SH_CLERK   03-MAR-05                      
        194 McCain                    SH_CLERK   01-JUL-06                      
        195 Jones                     SH_CLERK   17-MAR-07                      
        196 Walsh                     SH_CLERK   24-APR-06                      
        197 Feeney                    SH_CLERK   23-MAY-06                      
        198 OConnell                  SH_CLERK   21-JUN-07                      

EMPLOYEE_ID LAST_NAME                 JOB_ID     Hire Date                      
----------- ------------------------- ---------- ---------                      
        199 Grant                     SH_CLERK   13-JAN-08                      
        200 Whalen                    AD_ASST    17-SEP-03                      
        201 Hartstein                 MK_MAN     17-FEB-04                      
        202 Fay                       MK_REP     17-AUG-05                      
        203 Mavris                    HR_REP     07-JUN-02                      
        204 Baer                      PR_REP     07-JUN-02                      
        205 Higgins                   AC_MGR     07-JUN-02                      
        206 Gietz                     AC_ACCOUNT 07-JUN-02                      

107 rows selected.

Elapsed: 00:00:00.34
SQL> select employee_id "#Emp", last_name "Employee", job_id "Job", hire_date "Hire Date" from employees;

      #Emp Employee                  Job        Hire Date                       
---------- ------------------------- ---------- ---------                       
       100 King                      AD_PRES    17-JUN-03                       
       101 Kochhar                   AD_VP      21-SEP-05                       
       102 De Haan                   AD_VP      13-JAN-01                       
       103 Hunold                    IT_PROG    03-JAN-06                       
       104 Ernst                     IT_PROG    21-MAY-07                       
       105 Austin                    IT_PROG    25-JUN-05                       
       106 Pataballa                 IT_PROG    05-FEB-06                       
       107 Lorentz                   IT_PROG    07-FEB-07                       
       108 Greenberg                 FI_MGR     17-AUG-02                       
       109 Faviet                    FI_ACCOUNT 16-AUG-02                       
       110 Chen                      FI_ACCOUNT 28-SEP-05                       

      #Emp Employee                  Job        Hire Date                       
---------- ------------------------- ---------- ---------                       
       111 Sciarra                   FI_ACCOUNT 30-SEP-05                       
       112 Urman                     FI_ACCOUNT 07-MAR-06                       
       113 Popp                      FI_ACCOUNT 07-DEC-07                       
       114 Raphaely                  PU_MAN     07-DEC-02                       
       115 Khoo                      PU_CLERK   18-MAY-03                       
       116 Baida                     PU_CLERK   24-DEC-05                       
       117 Tobias                    PU_CLERK   24-JUL-05                       
       118 Himuro                    PU_CLERK   15-NOV-06                       
       119 Colmenares                PU_CLERK   10-AUG-07                       
       120 Weiss                     ST_MAN     18-JUL-04                       
       121 Fripp                     ST_MAN     10-APR-05                       

      #Emp Employee                  Job        Hire Date                       
---------- ------------------------- ---------- ---------                       
       122 Kaufling                  ST_MAN     01-MAY-03                       
       123 Vollman                   ST_MAN     10-OCT-05                       
       124 Mourgos                   ST_MAN     16-NOV-07                       
       125 Nayer                     ST_CLERK   16-JUL-05                       
       126 Mikkilineni               ST_CLERK   28-SEP-06                       
       127 Landry                    ST_CLERK   14-JAN-07                       
       128 Markle                    ST_CLERK   08-MAR-08                       
       129 Bissot                    ST_CLERK   20-AUG-05                       
       130 Atkinson                  ST_CLERK   30-OCT-05                       
       131 Marlow                    ST_CLERK   16-FEB-05                       
       132 Olson                     ST_CLERK   10-APR-07                       

      #Emp Employee                  Job        Hire Date                       
---------- ------------------------- ---------- ---------                       
       133 Mallin                    ST_CLERK   14-JUN-04                       
       134 Rogers                    ST_CLERK   26-AUG-06                       
       135 Gee                       ST_CLERK   12-DEC-07                       
       136 Philtanker                ST_CLERK   06-FEB-08                       
       137 Ladwig                    ST_CLERK   14-JUL-03                       
       138 Stiles                    ST_CLERK   26-OCT-05                       
       139 Seo                       ST_CLERK   12-FEB-06                       
       140 Patel                     ST_CLERK   06-APR-06                       
       141 Rajs                      ST_CLERK   17-OCT-03                       
       142 Davies                    ST_CLERK   29-JAN-05                       
       143 Matos                     ST_CLERK   15-MAR-06                       

      #Emp Employee                  Job        Hire Date                       
---------- ------------------------- ---------- ---------                       
       144 Vargas                    ST_CLERK   09-JUL-06                       
       145 Russell                   SA_MAN     01-OCT-04                       
       146 Partners                  SA_MAN     05-JAN-05                       
       147 Errazuriz                 SA_MAN     10-MAR-05                       
       148 Cambrault                 SA_MAN     15-OCT-07                       
       149 Zlotkey                   SA_MAN     29-JAN-08                       
       150 Tucker                    SA_REP     30-JAN-05                       
       151 Bernstein                 SA_REP     24-MAR-05                       
       152 Hall                      SA_REP     20-AUG-05                       
       153 Olsen                     SA_REP     30-MAR-06                       
       154 Cambrault                 SA_REP     09-DEC-06                       

      #Emp Employee                  Job        Hire Date                       
---------- ------------------------- ---------- ---------                       
       155 Tuvault                   SA_REP     23-NOV-07                       
       156 King                      SA_REP     30-JAN-04                       
       157 Sully                     SA_REP     04-MAR-04                       
       158 McEwen                    SA_REP     01-AUG-04                       
       159 Smith                     SA_REP     10-MAR-05                       
       160 Doran                     SA_REP     15-DEC-05                       
       161 Sewall                    SA_REP     03-NOV-06                       
       162 Vishney                   SA_REP     11-NOV-05                       
       163 Greene                    SA_REP     19-MAR-07                       
       164 Marvins                   SA_REP     24-JAN-08                       
       165 Lee                       SA_REP     23-FEB-08                       

      #Emp Employee                  Job        Hire Date                       
---------- ------------------------- ---------- ---------                       
       166 Ande                      SA_REP     24-MAR-08                       
       167 Banda                     SA_REP     21-APR-08                       
       168 Ozer                      SA_REP     11-MAR-05                       
       169 Bloom                     SA_REP     23-MAR-06                       
       170 Fox                       SA_REP     24-JAN-06                       
       171 Smith                     SA_REP     23-FEB-07                       
       172 Bates                     SA_REP     24-MAR-07                       
       173 Kumar                     SA_REP     21-APR-08                       
       174 Abel                      SA_REP     11-MAY-04                       
       175 Hutton                    SA_REP     19-MAR-05                       
       176 Taylor                    SA_REP     24-MAR-06                       

      #Emp Employee                  Job        Hire Date                       
---------- ------------------------- ---------- ---------                       
       177 Livingston                SA_REP     23-APR-06                       
       178 Grant                     SA_REP     24-MAY-07                       
       179 Johnson                   SA_REP     04-JAN-08                       
       180 Taylor                    SH_CLERK   24-JAN-06                       
       181 Fleaur                    SH_CLERK   23-FEB-06                       
       182 Sullivan                  SH_CLERK   21-JUN-07                       
       183 Geoni                     SH_CLERK   03-FEB-08                       
       184 Sarchand                  SH_CLERK   27-JAN-04                       
       185 Bull                      SH_CLERK   20-FEB-05                       
       186 Dellinger                 SH_CLERK   24-JUN-06                       
       187 Cabrio                    SH_CLERK   07-FEB-07                       

      #Emp Employee                  Job        Hire Date                       
---------- ------------------------- ---------- ---------                       
       188 Chung                     SH_CLERK   14-JUN-05                       
       189 Dilly                     SH_CLERK   13-AUG-05                       
       190 Gates                     SH_CLERK   11-JUL-06                       
       191 Perkins                   SH_CLERK   19-DEC-07                       
       192 Bell                      SH_CLERK   04-FEB-04                       
       193 Everett                   SH_CLERK   03-MAR-05                       
       194 McCain                    SH_CLERK   01-JUL-06                       
       195 Jones                     SH_CLERK   17-MAR-07                       
       196 Walsh                     SH_CLERK   24-APR-06                       
       197 Feeney                    SH_CLERK   23-MAY-06                       
       198 OConnell                  SH_CLERK   21-JUN-07                       

      #Emp Employee                  Job        Hire Date                       
---------- ------------------------- ---------- ---------                       
       199 Grant                     SH_CLERK   13-JAN-08                       
       200 Whalen                    AD_ASST    17-SEP-03                       
       201 Hartstein                 MK_MAN     17-FEB-04                       
       202 Fay                       MK_REP     17-AUG-05                       
       203 Mavris                    HR_REP     07-JUN-02                       
       204 Baer                      PR_REP     07-JUN-02                       
       205 Higgins                   AC_MGR     07-JUN-02                       
       206 Gietz                     AC_ACCOUNT 07-JUN-02                       

107 rows selected.

Elapsed: 00:00:00.36
SQL> select last_name||' , '||job_id "Employee and Title" from employees;

Employee and Title                                                              
--------------------------------------                                          
King , AD_PRES                                                                  
Kochhar , AD_VP                                                                 
De Haan , AD_VP                                                                 
Hunold , IT_PROG                                                                
Ernst , IT_PROG                                                                 
Austin , IT_PROG                                                                
Pataballa , IT_PROG                                                             
Lorentz , IT_PROG                                                               
Greenberg , FI_MGR                                                              
Faviet , FI_ACCOUNT                                                             
Chen , FI_ACCOUNT                                                               

Employee and Title                                                              
--------------------------------------                                          
Sciarra , FI_ACCOUNT                                                            
Urman , FI_ACCOUNT                                                              
Popp , FI_ACCOUNT                                                               
Raphaely , PU_MAN                                                               
Khoo , PU_CLERK                                                                 
Baida , PU_CLERK                                                                
Tobias , PU_CLERK                                                               
Himuro , PU_CLERK                                                               
Colmenares , PU_CLERK                                                           
Weiss , ST_MAN                                                                  
Fripp , ST_MAN                                                                  

Employee and Title                                                              
--------------------------------------                                          
Kaufling , ST_MAN                                                               
Vollman , ST_MAN                                                                
Mourgos , ST_MAN                                                                
Nayer , ST_CLERK                                                                
Mikkilineni , ST_CLERK                                                          
Landry , ST_CLERK                                                               
Markle , ST_CLERK                                                               
Bissot , ST_CLERK                                                               
Atkinson , ST_CLERK                                                             
Marlow , ST_CLERK                                                               
Olson , ST_CLERK                                                                

Employee and Title                                                              
--------------------------------------                                          
Mallin , ST_CLERK                                                               
Rogers , ST_CLERK                                                               
Gee , ST_CLERK                                                                  
Philtanker , ST_CLERK                                                           
Ladwig , ST_CLERK                                                               
Stiles , ST_CLERK                                                               
Seo , ST_CLERK                                                                  
Patel , ST_CLERK                                                                
Rajs , ST_CLERK                                                                 
Davies , ST_CLERK                                                               
Matos , ST_CLERK                                                                

Employee and Title                                                              
--------------------------------------                                          
Vargas , ST_CLERK                                                               
Russell , SA_MAN                                                                
Partners , SA_MAN                                                               
Errazuriz , SA_MAN                                                              
Cambrault , SA_MAN                                                              
Zlotkey , SA_MAN                                                                
Tucker , SA_REP                                                                 
Bernstein , SA_REP                                                              
Hall , SA_REP                                                                   
Olsen , SA_REP                                                                  
Cambrault , SA_REP                                                              

Employee and Title                                                              
--------------------------------------                                          
Tuvault , SA_REP                                                                
King , SA_REP                                                                   
Sully , SA_REP                                                                  
McEwen , SA_REP                                                                 
Smith , SA_REP                                                                  
Doran , SA_REP                                                                  
Sewall , SA_REP                                                                 
Vishney , SA_REP                                                                
Greene , SA_REP                                                                 
Marvins , SA_REP                                                                
Lee , SA_REP                                                                    

Employee and Title                                                              
--------------------------------------                                          
Ande , SA_REP                                                                   
Banda , SA_REP                                                                  
Ozer , SA_REP                                                                   
Bloom , SA_REP                                                                  
Fox , SA_REP                                                                    
Smith , SA_REP                                                                  
Bates , SA_REP                                                                  
Kumar , SA_REP                                                                  
Abel , SA_REP                                                                   
Hutton , SA_REP                                                                 
Taylor , SA_REP                                                                 

Employee and Title                                                              
--------------------------------------                                          
Livingston , SA_REP                                                             
Grant , SA_REP                                                                  
Johnson , SA_REP                                                                
Taylor , SH_CLERK                                                               
Fleaur , SH_CLERK                                                               
Sullivan , SH_CLERK                                                             
Geoni , SH_CLERK                                                                
Sarchand , SH_CLERK                                                             
Bull , SH_CLERK                                                                 
Dellinger , SH_CLERK                                                            
Cabrio , SH_CLERK                                                               

Employee and Title                                                              
--------------------------------------                                          
Chung , SH_CLERK                                                                
Dilly , SH_CLERK                                                                
Gates , SH_CLERK                                                                
Perkins , SH_CLERK                                                              
Bell , SH_CLERK                                                                 
Everett , SH_CLERK                                                              
McCain , SH_CLERK                                                               
Jones , SH_CLERK                                                                
Walsh , SH_CLERK                                                                
Feeney , SH_CLERK                                                               
OConnell , SH_CLERK                                                             

Employee and Title                                                              
--------------------------------------                                          
Grant , SH_CLERK                                                                
Whalen , AD_ASST                                                                
Hartstein , MK_MAN                                                              
Fay , MK_REP                                                                    
Mavris , HR_REP                                                                 
Baer , PR_REP                                                                   
Higgins , AC_MGR                                                                
Gietz , AC_ACCOUNT                                                              

107 rows selected.

Elapsed: 00:00:00.40
SQL> desc employees;
 Name                                      Null?    Type
 ----------------------------------------- -------- ----------------------------
 EMPLOYEE_ID                               NOT NULL NUMBER(6)
 FIRST_NAME                                         VARCHAR2(20)
 LAST_NAME                                 NOT NULL VARCHAR2(25)
 EMAIL                                     NOT NULL VARCHAR2(25)
 PHONE_NUMBER                                       VARCHAR2(20)
 HIRE_DATE                                 NOT NULL DATE
 JOB_ID                                    NOT NULL VARCHAR2(10)
 SALARY                                             NUMBER(8,2)
 COMMISSION_PCT                                     NUMBER(2,2)
 MANAGER_ID                                         NUMBER(6)
 DEPARTMENT_ID                                      NUMBER(4)

SQL> desc department;
ERROR:
ORA-04043: object department does not exist 


SQL> show tables;
SP2-0158: unknown SHOW option "tables"
SQL> select table_name from user_tables;

TABLE_NAME                                                                      
------------------------------                                                  
COUNTRIES                                                                       
JOB_HISTORY                                                                     
EMPLOYEES                                                                       
JOBS                                                                            
DEPARTMENTS                                                                     
LOCATIONS                                                                       
REGIONS                                                                         

7 rows selected.

Elapsed: 00:00:00.06
SQL> desc departments;
 Name                                      Null?    Type
 ----------------------------------------- -------- ----------------------------
 DEPARTMENT_ID                             NOT NULL NUMBER(4)
 DEPARTMENT_NAME                           NOT NULL VARCHAR2(30)
 MANAGER_ID                                         NUMBER(6)
 LOCATION_ID                                        NUMBER(4)

SQL> select department_id||','||department_name||','||manager_id||','||location_id "THE_OUTPUT" from departments;

THE_OUTPUT                                                                      
--------------------------------------------------------------------------------
10,Administration,200,1700                                                      
20,Marketing,201,1800                                                           
30,Purchasing,114,1700                                                          
40,Human Resources,203,2400                                                     
50,Shipping,121,1500                                                            
60,IT,103,1400                                                                  
70,Public Relations,204,2700                                                    
80,Sales,145,2500                                                               
90,Executive,100,1700                                                           
100,Finance,108,1700                                                            
110,Accounting,205,1700                                                         

THE_OUTPUT                                                                      
--------------------------------------------------------------------------------
120,Treasury,,1700                                                              
130,Corporate Tax,,1700                                                         
140,Control And Credit,,1700                                                    
150,Shareholder Services,,1700                                                  
160,Benefits,,1700                                                              
170,Manufacturing,,1700                                                         
180,Construction,,1700                                                          
190,Contracting,,1700                                                           
200,Operations,,1700                                                            
210,IT Support,,1700                                                            
220,NOC,,1700                                                                   

THE_OUTPUT                                                                      
--------------------------------------------------------------------------------
230,IT Helpdesk,,1700                                                           
240,Government Sales,,1700                                                      
250,Retail Sales,,1700                                                          
260,Recruiting,,1700                                                            
270,Payroll,,1700                                                               

27 rows selected.

Elapsed: 00:00:00.11
SQL> desc employees;
 Name                                      Null?    Type
 ----------------------------------------- -------- ----------------------------
 EMPLOYEE_ID                               NOT NULL NUMBER(6)
 FIRST_NAME                                         VARCHAR2(20)
 LAST_NAME                                 NOT NULL VARCHAR2(25)
 EMAIL                                     NOT NULL VARCHAR2(25)
 PHONE_NUMBER                                       VARCHAR2(20)
 HIRE_DATE                                 NOT NULL DATE
 JOB_ID                                    NOT NULL VARCHAR2(10)
 SALARY                                             NUMBER(8,2)
 COMMISSION_PCT                                     NUMBER(2,2)
 MANAGER_ID                                         NUMBER(6)
 DEPARTMENT_ID                                      NUMBER(4)

SQL> select last_name,salary from employees where salary>12000;

LAST_NAME                     SALARY                                            
------------------------- ----------                                            
King                           24000                                            
Kochhar                        17000                                            
De Haan                        17000                                            
Greenberg                      12008                                            
Russell                        14000                                            
Partners                       13500                                            
Hartstein                      13000                                            
Higgins                        12008                                            

8 rows selected.

Elapsed: 00:00:00.04
SQL> select last_name, department_id from employees where employee_id=176;

LAST_NAME                 DEPARTMENT_ID                                         
------------------------- -------------                                         
Taylor                               80                                         

Elapsed: 00:00:00.01
SQL> select last_name,salary from employees where salary>12000 and salary<5000;

no rows selected

Elapsed: 00:00:00.00
SQL> select hire_date from employees;

HIRE_DATE                                                                       
---------                                                                       
17-JUN-03                                                                       
21-SEP-05                                                                       
13-JAN-01                                                                       
03-JAN-06                                                                       
21-MAY-07                                                                       
25-JUN-05                                                                       
05-FEB-06                                                                       
07-FEB-07                                                                       
17-AUG-02                                                                       
16-AUG-02                                                                       
28-SEP-05                                                                       

HIRE_DATE                                                                       
---------                                                                       
30-SEP-05                                                                       
07-MAR-06                                                                       
07-DEC-07                                                                       
07-DEC-02                                                                       
18-MAY-03                                                                       
24-DEC-05                                                                       
24-JUL-05                                                                       
15-NOV-06                                                                       
10-AUG-07                                                                       
18-JUL-04                                                                       
10-APR-05                                                                       

HIRE_DATE                                                                       
---------                                                                       
01-MAY-03                                                                       
10-OCT-05                                                                       
16-NOV-07                                                                       
16-JUL-05                                                                       
28-SEP-06                                                                       
14-JAN-07                                                                       
08-MAR-08                                                                       
20-AUG-05                                                                       
30-OCT-05                                                                       
16-FEB-05                                                                       
10-APR-07                                                                       

HIRE_DATE                                                                       
---------                                                                       
14-JUN-04                                                                       
26-AUG-06                                                                       
12-DEC-07                                                                       
06-FEB-08                                                                       
14-JUL-03                                                                       
26-OCT-05                                                                       
12-FEB-06                                                                       
06-APR-06                                                                       
17-OCT-03                                                                       
29-JAN-05                                                                       
15-MAR-06                                                                       

HIRE_DATE                                                                       
---------                                                                       
09-JUL-06                                                                       
01-OCT-04                                                                       
05-JAN-05                                                                       
10-MAR-05                                                                       
15-OCT-07                                                                       
29-JAN-08                                                                       
30-JAN-05                                                                       
24-MAR-05                                                                       
20-AUG-05                                                                       
30-MAR-06                                                                       
09-DEC-06                                                                       

HIRE_DATE                                                                       
---------                                                                       
23-NOV-07                                                                       
30-JAN-04                                                                       
04-MAR-04                                                                       
01-AUG-04                                                                       
10-MAR-05                                                                       
15-DEC-05                                                                       
03-NOV-06                                                                       
11-NOV-05                                                                       
19-MAR-07                                                                       
24-JAN-08                                                                       
23-FEB-08                                                                       

HIRE_DATE                                                                       
---------                                                                       
24-MAR-08                                                                       
21-APR-08                                                                       
11-MAR-05                                                                       
23-MAR-06                                                                       
24-JAN-06                                                                       
23-FEB-07                                                                       
24-MAR-07                                                                       
21-APR-08                                                                       
11-MAY-04                                                                       
19-MAR-05                                                                       
24-MAR-06                                                                       

HIRE_DATE                                                                       
---------                                                                       
23-APR-06                                                                       
24-MAY-07                                                                       
04-JAN-08                                                                       
24-JAN-06                                                                       
23-FEB-06                                                                       
21-JUN-07                                                                       
03-FEB-08                                                                       
27-JAN-04                                                                       
20-FEB-05                                                                       
24-JUN-06                                                                       
07-FEB-07                                                                       

HIRE_DATE                                                                       
---------                                                                       
14-JUN-05                                                                       
13-AUG-05                                                                       
11-JUL-06                                                                       
19-DEC-07                                                                       
04-FEB-04                                                                       
03-MAR-05                                                                       
01-JUL-06                                                                       
17-MAR-07                                                                       
24-APR-06                                                                       
23-MAY-06                                                                       
21-JUN-07                                                                       

HIRE_DATE                                                                       
---------                                                                       
13-JAN-08                                                                       
17-SEP-03                                                                       
17-FEB-04                                                                       
17-AUG-05                                                                       
07-JUN-02                                                                       
07-JUN-02                                                                       
07-JUN-02                                                                       
07-JUN-02                                                                       

107 rows selected.

Elapsed: 00:00:00.44
SQL> select last_name, job_id, hire_date from employees where hire_date>'20-FEB-11' and hire_date<'01-MAY-12' order by hire_date;

no rows selected

Elapsed: 00:00:00.00
SQL> select last_name, department_id from employees where department_id in (20,50) order by last_name;

LAST_NAME                 DEPARTMENT_ID                                         
------------------------- -------------                                         
Atkinson                             50                                         
Bell                                 50                                         
Bissot                               50                                         
Bull                                 50                                         
Cabrio                               50                                         
Chung                                50                                         
Davies                               50                                         
Dellinger                            50                                         
Dilly                                50                                         
Everett                              50                                         
Fay                                  20                                         

LAST_NAME                 DEPARTMENT_ID                                         
------------------------- -------------                                         
Feeney                               50                                         
Fleaur                               50                                         
Fripp                                50                                         
Gates                                50                                         
Gee                                  50                                         
Geoni                                50                                         
Grant                                50                                         
Hartstein                            20                                         
Jones                                50                                         
Kaufling                             50                                         
Ladwig                               50                                         

LAST_NAME                 DEPARTMENT_ID                                         
------------------------- -------------                                         
Landry                               50                                         
Mallin                               50                                         
Markle                               50                                         
Marlow                               50                                         
Matos                                50                                         
McCain                               50                                         
Mikkilineni                          50                                         
Mourgos                              50                                         
Nayer                                50                                         
OConnell                             50                                         
Olson                                50                                         

LAST_NAME                 DEPARTMENT_ID                                         
------------------------- -------------                                         
Patel                                50                                         
Perkins                              50                                         
Philtanker                           50                                         
Rajs                                 50                                         
Rogers                               50                                         
Sarchand                             50                                         
Seo                                  50                                         
Stiles                               50                                         
Sullivan                             50                                         
Taylor                               50                                         
Vargas                               50                                         

LAST_NAME                 DEPARTMENT_ID                                         
------------------------- -------------                                         
Vollman                              50                                         
Walsh                                50                                         
Weiss                                50                                         

47 rows selected.

Elapsed: 00:00:00.20
SQL> select last_name "Employee", salary "Monthly Salary" from employees where salary between 5000 and 12000 and department in (20,50);
select last_name "Employee", salary "Monthly Salary" from employees where salary between 5000 and 12000 and department in (20,50)
                                                                                                            *
ERROR at line 1:
ORA-00904: "DEPARTMENT": invalid identifier 


Elapsed: 00:00:00.01
SQL> select last_name "Employee", salary "Monthly Salary" from employees where salary between 5000 and 12000 and department_id in (20,50);

Employee                  Monthly Salary                                        
------------------------- --------------                                        
Weiss                               8000                                        
Fripp                               8200                                        
Kaufling                            7900                                        
Vollman                             6500                                        
Mourgos                             5800                                        
Fay                                 6000                                        

6 rows selected.

Elapsed: 00:00:00.04
SQL> select last_name, hire_date from employees where hire_date between '01-01-12' and '31-12-12';
select last_name, hire_date from employees where hire_date between '01-01-12' and '31-12-12'
                                                                   *
ERROR at line 1:
ORA-01843: not a valid month 


Elapsed: 00:00:00.02
SQL> select last_name, hire_date from employees where hire_date between '01-JAN-12' and '31-DEC-12';

no rows selected

Elapsed: 00:00:00.00
SQL> desc employeesl
ERROR:
ORA-04043: object employeesl does not exist 


SQL> desc employees;
 Name                                      Null?    Type
 ----------------------------------------- -------- ----------------------------
 EMPLOYEE_ID                               NOT NULL NUMBER(6)
 FIRST_NAME                                         VARCHAR2(20)
 LAST_NAME                                 NOT NULL VARCHAR2(25)
 EMAIL                                     NOT NULL VARCHAR2(25)
 PHONE_NUMBER                                       VARCHAR2(20)
 HIRE_DATE                                 NOT NULL DATE
 JOB_ID                                    NOT NULL VARCHAR2(10)
 SALARY                                             NUMBER(8,2)
 COMMISSION_PCT                                     NUMBER(2,2)
 MANAGER_ID                                         NUMBER(6)
 DEPARTMENT_ID                                      NUMBER(4)

SQL> select last_name, job_id from employees where manager_id is null;

LAST_NAME                 JOB_ID                                                
------------------------- ----------                                            
King                      AD_PRES                                               

Elapsed: 00:00:00.01
SQL> select last_name, salary, commission_pct from employees where commission_pct is not null order by salary desc, commission_pct desc;

LAST_NAME                     SALARY COMMISSION_PCT                             
------------------------- ---------- --------------                             
Russell                        14000             .4                             
Partners                       13500             .3                             
Errazuriz                      12000             .3                             
Ozer                           11500            .25                             
Cambrault                      11000             .3                             
Abel                           11000             .3                             
Vishney                        10500            .25                             
Zlotkey                        10500             .2                             
King                           10000            .35                             
Tucker                         10000             .3                             
Bloom                          10000             .2                             

LAST_NAME                     SALARY COMMISSION_PCT                             
------------------------- ---------- --------------                             
Fox                             9600             .2                             
Sully                           9500            .35                             
Bernstein                       9500            .25                             
Greene                          9500            .15                             
McEwen                          9000            .35                             
Hall                            9000            .25                             
Hutton                          8800            .25                             
Taylor                          8600             .2                             
Livingston                      8400             .2                             
Smith                           8000             .3                             
Olsen                           8000             .2                             

LAST_NAME                     SALARY COMMISSION_PCT                             
------------------------- ---------- --------------                             
Doran                           7500             .3                             
Cambrault                       7500             .2                             
Smith                           7400            .15                             
Bates                           7300            .15                             
Marvins                         7200             .1                             
Sewall                          7000            .25                             
Tuvault                         7000            .15                             
Grant                           7000            .15                             
Lee                             6800             .1                             
Ande                            6400             .1                             
Banda                           6200             .1                             

LAST_NAME                     SALARY COMMISSION_PCT                             
------------------------- ---------- --------------                             
Johnson                         6200             .1                             
Kumar                           6100             .1                             

35 rows selected.

Elapsed: 00:00:00.19
SQL> select last_name from employees where last_name like "__a%";
select last_name from employees where last_name like "__a%"
                                                     *
ERROR at line 1:
ORA-00904: "__a%": invalid identifier 


Elapsed: 00:00:00.00
SQL> select last_name from employees where last_name like '__a%';

LAST_NAME                                                                       
-------------------------                                                       
Grant                                                                           
Grant                                                                           
Whalen                                                                          

Elapsed: 00:00:00.01
SQL> desc employees;
 Name                                      Null?    Type
 ----------------------------------------- -------- ----------------------------
 EMPLOYEE_ID                               NOT NULL NUMBER(6)
 FIRST_NAME                                         VARCHAR2(20)
 LAST_NAME                                 NOT NULL VARCHAR2(25)
 EMAIL                                     NOT NULL VARCHAR2(25)
 PHONE_NUMBER                                       VARCHAR2(20)
 HIRE_DATE                                 NOT NULL DATE
 JOB_ID                                    NOT NULL VARCHAR2(10)
 SALARY                                             NUMBER(8,2)
 COMMISSION_PCT                                     NUMBER(2,2)
 MANAGER_ID                                         NUMBER(6)
 DEPARTMENT_ID                                      NUMBER(4)

SQL> select job_id from employees;

JOB_ID                                                                          
----------                                                                      
AD_PRES                                                                         
AD_VP                                                                           
AD_VP                                                                           
IT_PROG                                                                         
IT_PROG                                                                         
IT_PROG                                                                         
IT_PROG                                                                         
IT_PROG                                                                         
FI_MGR                                                                          
FI_ACCOUNT                                                                      
FI_ACCOUNT                                                                      

JOB_ID                                                                          
----------                                                                      
FI_ACCOUNT                                                                      
FI_ACCOUNT                                                                      
FI_ACCOUNT                                                                      
PU_MAN                                                                          
PU_CLERK                                                                        
PU_CLERK                                                                        
PU_CLERK                                                                        
PU_CLERK                                                                        
PU_CLERK                                                                        
ST_MAN                                                                          
ST_MAN                                                                          

JOB_ID                                                                          
----------                                                                      
ST_MAN                                                                          
ST_MAN                                                                          
ST_MAN                                                                          
ST_CLERK                                                                        
ST_CLERK                                                                        
ST_CLERK                                                                        
ST_CLERK                                                                        
ST_CLERK                                                                        
ST_CLERK                                                                        
ST_CLERK                                                                        
ST_CLERK                                                                        

JOB_ID                                                                          
----------                                                                      
ST_CLERK                                                                        
ST_CLERK                                                                        
ST_CLERK                                                                        
ST_CLERK                                                                        
ST_CLERK                                                                        
ST_CLERK                                                                        
ST_CLERK                                                                        
ST_CLERK                                                                        
ST_CLERK                                                                        
ST_CLERK                                                                        
ST_CLERK                                                                        

JOB_ID                                                                          
----------                                                                      
ST_CLERK                                                                        
SA_MAN                                                                          
SA_MAN                                                                          
SA_MAN                                                                          
SA_MAN                                                                          
SA_MAN                                                                          
SA_REP                                                                          
SA_REP                                                                          
SA_REP                                                                          
SA_REP                                                                          
SA_REP                                                                          

JOB_ID                                                                          
----------                                                                      
SA_REP                                                                          
SA_REP                                                                          
SA_REP                                                                          
SA_REP                                                                          
SA_REP                                                                          
SA_REP                                                                          
SA_REP                                                                          
SA_REP                                                                          
SA_REP                                                                          
SA_REP                                                                          
SA_REP                                                                          

JOB_ID                                                                          
----------                                                                      
SA_REP                                                                          
SA_REP                                                                          
SA_REP                                                                          
SA_REP                                                                          
SA_REP                                                                          
SA_REP                                                                          
SA_REP                                                                          
SA_REP                                                                          
SA_REP                                                                          
SA_REP                                                                          
SA_REP                                                                          

JOB_ID                                                                          
----------                                                                      
SA_REP                                                                          
SA_REP                                                                          
SA_REP                                                                          
SH_CLERK                                                                        
SH_CLERK                                                                        
SH_CLERK                                                                        
SH_CLERK                                                                        
SH_CLERK                                                                        
SH_CLERK                                                                        
SH_CLERK                                                                        
SH_CLERK                                                                        

JOB_ID                                                                          
----------                                                                      
SH_CLERK                                                                        
SH_CLERK                                                                        
SH_CLERK                                                                        
SH_CLERK                                                                        
SH_CLERK                                                                        
SH_CLERK                                                                        
SH_CLERK                                                                        
SH_CLERK                                                                        
SH_CLERK                                                                        
SH_CLERK                                                                        
SH_CLERK                                                                        

JOB_ID                                                                          
----------                                                                      
SH_CLERK                                                                        
AD_ASST                                                                         
MK_MAN                                                                          
MK_REP                                                                          
HR_REP                                                                          
PR_REP                                                                          
AC_MGR                                                                          
AC_ACCOUNT                                                                      

107 rows selected.

Elapsed: 00:00:00.48
SQL> select job_id from employees;

JOB_ID                                                                          
----------                                                                      
AD_PRES                                                                         
AD_VP                                                                           
AD_VP                                                                           
IT_PROG                                                                         
IT_PROG                                                                         
IT_PROG                                                                         
IT_PROG                                                                         
IT_PROG                                                                         
FI_MGR                                                                          
FI_ACCOUNT                                                                      
FI_ACCOUNT                                                                      

JOB_ID                                                                          
----------                                                                      
FI_ACCOUNT                                                                      
FI_ACCOUNT                                                                      
FI_ACCOUNT                                                                      
PU_MAN                                                                          
PU_CLERK                                                                        
PU_CLERK                                                                        
PU_CLERK                                                                        
PU_CLERK                                                                        
PU_CLERK                                                                        
ST_MAN                                                                          
ST_MAN                                                                          

JOB_ID                                                                          
----------                                                                      
ST_MAN                                                                          
ST_MAN                                                                          
ST_MAN                                                                          
ST_CLERK                                                                        
ST_CLERK                                                                        
ST_CLERK                                                                        
ST_CLERK                                                                        
ST_CLERK                                                                        
ST_CLERK                                                                        
ST_CLERK                                                                        
ST_CLERK                                                                        

JOB_ID                                                                          
----------                                                                      
ST_CLERK                                                                        
ST_CLERK                                                                        
ST_CLERK                                                                        
ST_CLERK                                                                        
ST_CLERK                                                                        
ST_CLERK                                                                        
ST_CLERK                                                                        
ST_CLERK                                                                        
ST_CLERK                                                                        
ST_CLERK                                                                        
ST_CLERK                                                                        

JOB_ID                                                                          
----------                                                                      
ST_CLERK                                                                        
SA_MAN                                                                          
SA_MAN                                                                          
SA_MAN                                                                          
SA_MAN                                                                          
SA_MAN                                                                          
SA_REP                                                                          
SA_REP                                                                          
SA_REP                                                                          
SA_REP                                                                          
SA_REP                                                                          

JOB_ID                                                                          
----------                                                                      
SA_REP                                                                          
SA_REP                                                                          
SA_REP                                                                          
SA_REP                                                                          
SA_REP                                                                          
SA_REP                                                                          
SA_REP                                                                          
SA_REP                                                                          
SA_REP                                                                          
SA_REP                                                                          
SA_REP                                                                          

JOB_ID                                                                          
----------                                                                      
SA_REP                                                                          
SA_REP                                                                          
SA_REP                                                                          
SA_REP                                                                          
SA_REP                                                                          
SA_REP                                                                          
SA_REP                                                                          
SA_REP                                                                          
SA_REP                                                                          
SA_REP                                                                          
SA_REP                                                                          

JOB_ID                                                                          
----------                                                                      
SA_REP                                                                          
SA_REP                                                                          
SA_REP                                                                          
SH_CLERK                                                                        
SH_CLERK                                                                        
SH_CLERK                                                                        
SH_CLERK                                                                        
SH_CLERK                                                                        
SH_CLERK                                                                        
SH_CLERK                                                                        
SH_CLERK                                                                        

JOB_ID                                                                          
----------                                                                      
SH_CLERK                                                                        
SH_CLERK                                                                        
SH_CLERK                                                                        
SH_CLERK                                                                        
SH_CLERK                                                                        
SH_CLERK                                                                        
SH_CLERK                                                                        
SH_CLERK                                                                        
SH_CLERK                                                                        
SH_CLERK                                                                        
SH_CLERK                                                                        

JOB_ID                                                                          
----------                                                                      
SH_CLERK                                                                        
AD_ASST                                                                         
MK_MAN                                                                          
MK_REP                                                                          
HR_REP                                                                          
PR_REP                                                                          
AC_MGR                                                                          
AC_ACCOUNT                                                                      

107 rows selected.

Elapsed: 00:00:00.37
SQL> select distinct job_id from employees;

JOB_ID                                                                          
----------                                                                      
IT_PROG                                                                         
AC_MGR                                                                          
AC_ACCOUNT                                                                      
ST_MAN                                                                          
PU_MAN                                                                          
AD_ASST                                                                         
AD_VP                                                                           
SH_CLERK                                                                        
FI_ACCOUNT                                                                      
FI_MGR                                                                          
PU_CLERK                                                                        

JOB_ID                                                                          
----------                                                                      
SA_MAN                                                                          
MK_MAN                                                                          
PR_REP                                                                          
AD_PRES                                                                         
SA_REP                                                                          
MK_REP                                                                          
ST_CLERK                                                                        
HR_REP                                                                          

19 rows selected.

Elapsed: 00:00:00.07
SQL> desc employees;
 Name                                      Null?    Type
 ----------------------------------------- -------- ----------------------------
 EMPLOYEE_ID                               NOT NULL NUMBER(6)
 FIRST_NAME                                         VARCHAR2(20)
 LAST_NAME                                 NOT NULL VARCHAR2(25)
 EMAIL                                     NOT NULL VARCHAR2(25)
 PHONE_NUMBER                                       VARCHAR2(20)
 HIRE_DATE                                 NOT NULL DATE
 JOB_ID                                    NOT NULL VARCHAR2(10)
 SALARY                                             NUMBER(8,2)
 COMMISSION_PCT                                     NUMBER(2,2)
 MANAGER_ID                                         NUMBER(6)
 DEPARTMENT_ID                                      NUMBER(4)

SQL> select last_name, job_id, salary from employees where job_id="SA_REP" or job_id="ST_CLERK" and salary not in(2500,3500,7000);
select last_name, job_id, salary from employees where job_id="SA_REP" or job_id="ST_CLERK" and salary not in(2500,3500,7000)
                                                                                *
ERROR at line 1:
ORA-00904: "ST_CLERK": invalid identifier 


Elapsed: 00:00:00.01
SQL> select last_name, job_id, salary from employees where job_id='SA_REP' or job_id='ST_CLERK' and salary not in(2500,3500,7000);

LAST_NAME                 JOB_ID         SALARY                                 
------------------------- ---------- ----------                                 
Nayer                     ST_CLERK         3200                                 
Mikkilineni               ST_CLERK         2700                                 
Landry                    ST_CLERK         2400                                 
Markle                    ST_CLERK         2200                                 
Bissot                    ST_CLERK         3300                                 
Atkinson                  ST_CLERK         2800                                 
Olson                     ST_CLERK         2100                                 
Mallin                    ST_CLERK         3300                                 
Rogers                    ST_CLERK         2900                                 
Gee                       ST_CLERK         2400                                 
Philtanker                ST_CLERK         2200                                 

LAST_NAME                 JOB_ID         SALARY                                 
------------------------- ---------- ----------                                 
Ladwig                    ST_CLERK         3600                                 
Stiles                    ST_CLERK         3200                                 
Seo                       ST_CLERK         2700                                 
Davies                    ST_CLERK         3100                                 
Matos                     ST_CLERK         2600                                 
Tucker                    SA_REP          10000                                 
Bernstein                 SA_REP           9500                                 
Hall                      SA_REP           9000                                 
Olsen                     SA_REP           8000                                 
Cambrault                 SA_REP           7500                                 
Tuvault                   SA_REP           7000                                 

LAST_NAME                 JOB_ID         SALARY                                 
------------------------- ---------- ----------                                 
King                      SA_REP          10000                                 
Sully                     SA_REP           9500                                 
McEwen                    SA_REP           9000                                 
Smith                     SA_REP           8000                                 
Doran                     SA_REP           7500                                 
Sewall                    SA_REP           7000                                 
Vishney                   SA_REP          10500                                 
Greene                    SA_REP           9500                                 
Marvins                   SA_REP           7200                                 
Lee                       SA_REP           6800                                 
Ande                      SA_REP           6400                                 

LAST_NAME                 JOB_ID         SALARY                                 
------------------------- ---------- ----------                                 
Banda                     SA_REP           6200                                 
Ozer                      SA_REP          11500                                 
Bloom                     SA_REP          10000                                 
Fox                       SA_REP           9600                                 
Smith                     SA_REP           7400                                 
Bates                     SA_REP           7300                                 
Kumar                     SA_REP           6100                                 
Abel                      SA_REP          11000                                 
Hutton                    SA_REP           8800                                 
Taylor                    SA_REP           8600                                 
Livingston                SA_REP           8400                                 

LAST_NAME                 JOB_ID         SALARY                                 
------------------------- ---------- ----------                                 
Grant                     SA_REP           7000                                 
Johnson                   SA_REP           6200                                 

46 rows selected.

Elapsed: 00:00:00.18
SQL> select distinct commission_pct from employees;

COMMISSION_PCT                                                                  
--------------                                                                  
                                                                                
           .15                                                                  
           .35                                                                  
            .4                                                                  
            .3                                                                  
            .2                                                                  
           .25                                                                  
            .1                                                                  

8 rows selected.

Elapsed: 00:00:00.03
SQL> select last_name, salary, commission_pct from employees where commission=.2;
select last_name, salary, commission_pct from employees where commission=.2
                                                              *
ERROR at line 1:
ORA-00904: "COMMISSION": invalid identifier 


Elapsed: 00:00:00.01
SQL> select last_name, salary, commission_pct from employees where commission_pct=.2;

LAST_NAME                     SALARY COMMISSION_PCT                             
------------------------- ---------- --------------                             
Zlotkey                        10500             .2                             
Olsen                           8000             .2                             
Cambrault                       7500             .2                             
Bloom                          10000             .2                             
Fox                             9600             .2                             
Taylor                          8600             .2                             
Livingston                      8400             .2                             

7 rows selected.

Elapsed: 00:00:00.03
SQL> spool off ;
