SQL> select last_name, salary f
  2  from employees
  3  where salary between 2500 and 5000;

LAST_NAME                          F                                            
------------------------- ----------                                            
Austin                          4800                                            
Pataballa                       4800                                            
Lorentz                         4200                                            
Khoo                            3100                                            
Baida                           2900                                            
Tobias                          2800                                            
Himuro                          2600                                            
Colmenares                      2500                                            
Nayer                           3200                                            
Mikkilineni                     2700                                            
Bissot                          3300                                            

LAST_NAME                          F                                            
------------------------- ----------                                            
Atkinson                        2800                                            
Marlow                          2500                                            
Mallin                          3300                                            
Rogers                          2900                                            
Ladwig                          3600                                            
Stiles                          3200                                            
Seo                             2700                                            
Patel                           2500                                            
Rajs                            3500                                            
Davies                          3100                                            
Matos                           2600                                            

LAST_NAME                          F                                            
------------------------- ----------                                            
Vargas                          2500                                            
Taylor                          3200                                            
Fleaur                          3100                                            
Sullivan                        2500                                            
Geoni                           2800                                            
Sarchand                        4200                                            
Bull                            4100                                            
Dellinger                       3400                                            
Cabrio                          3000                                            
Chung                           3800                                            
Dilly                           3600                                            

LAST_NAME                          F                                            
------------------------- ----------                                            
Gates                           2900                                            
Perkins                         2500                                            
Bell                            4000                                            
Everett                         3900                                            
McCain                          3200                                            
Jones                           2800                                            
Walsh                           3100                                            
Feeney                          3000                                            
OConnell                        2600                                            
Grant                           2600                                            
Whalen                          4400                                            

44 rows selected.

SQL> select last_name, salary
  2  from employees
  3  where salary >=2500 and salary<5000;

LAST_NAME                     SALARY                                            
------------------------- ----------                                            
Austin                          4800                                            
Pataballa                       4800                                            
Lorentz                         4200                                            
Khoo                            3100                                            
Baida                           2900                                            
Tobias                          2800                                            
Himuro                          2600                                            
Colmenares                      2500                                            
Nayer                           3200                                            
Mikkilineni                     2700                                            
Bissot                          3300                                            

LAST_NAME                     SALARY                                            
------------------------- ----------                                            
Atkinson                        2800                                            
Marlow                          2500                                            
Mallin                          3300                                            
Rogers                          2900                                            
Ladwig                          3600                                            
Stiles                          3200                                            
Seo                             2700                                            
Patel                           2500                                            
Rajs                            3500                                            
Davies                          3100                                            
Matos                           2600                                            

LAST_NAME                     SALARY                                            
------------------------- ----------                                            
Vargas                          2500                                            
Taylor                          3200                                            
Fleaur                          3100                                            
Sullivan                        2500                                            
Geoni                           2800                                            
Sarchand                        4200                                            
Bull                            4100                                            
Dellinger                       3400                                            
Cabrio                          3000                                            
Chung                           3800                                            
Dilly                           3600                                            

LAST_NAME                     SALARY                                            
------------------------- ----------                                            
Gates                           2900                                            
Perkins                         2500                                            
Bell                            4000                                            
Everett                         3900                                            
McCain                          3200                                            
Jones                           2800                                            
Walsh                           3100                                            
Feeney                          3000                                            
OConnell                        2600                                            
Grant                           2600                                            
Whalen                          4400                                            

44 rows selected.

SQL> desc employee;
ERROR:
ORA-04043: object employee does not exist 


SQL> desc employees;
 Name                                      Null?    Type
 ----------------------------------------- -------- ----------------------------
 EMPLOYEE_ID                               NOT NULL NUMBER(6)
 FIRST_NAME                                         VARCHAR2(20)
 LAST_NAME                                 NOT NULL VARCHAR2(25)
 EMAIL                                     NOT NULL VARCHAR2(25)
 PHONE_NUMBER                                       VARCHAR2(20)
 HIRE_DATE                                 NOT NULL DATE
 JOB_ID                                    NOT NULL VARCHAR2(10)
 SALARY                                             NUMBER(8,2)
 COMMISSION_PCT                                     NUMBER(2,2)
 MANAGER_ID                                         NUMBER(6)
 DEPARTMENT_ID                                      NUMBER(4)

SQL> select l_name, department_id
  2  from employees
  3  where department_id in(30,50,60);
select l_name, department_id
       *
ERROR at line 1:
ORA-00904: "L_NAME": invalid identifier 


SQL> select last_name, department_id
  2  from employees
  3  where department_id in(30,50,60);

LAST_NAME                 DEPARTMENT_ID                                         
------------------------- -------------                                         
Hunold                               60                                         
Ernst                                60                                         
Austin                               60                                         
Pataballa                            60                                         
Lorentz                              60                                         
Raphaely                             30                                         
Khoo                                 30                                         
Baida                                30                                         
Tobias                               30                                         
Himuro                               30                                         
Colmenares                           30                                         

LAST_NAME                 DEPARTMENT_ID                                         
------------------------- -------------                                         
Weiss                                50                                         
Fripp                                50                                         
Kaufling                             50                                         
Vollman                              50                                         
Mourgos                              50                                         
Nayer                                50                                         
Mikkilineni                          50                                         
Landry                               50                                         
Markle                               50                                         
Bissot                               50                                         
Atkinson                             50                                         

LAST_NAME                 DEPARTMENT_ID                                         
------------------------- -------------                                         
Marlow                               50                                         
Olson                                50                                         
Mallin                               50                                         
Rogers                               50                                         
Gee                                  50                                         
Philtanker                           50                                         
Ladwig                               50                                         
Stiles                               50                                         
Seo                                  50                                         
Patel                                50                                         
Rajs                                 50                                         

LAST_NAME                 DEPARTMENT_ID                                         
------------------------- -------------                                         
Davies                               50                                         
Matos                                50                                         
Vargas                               50                                         
Taylor                               50                                         
Fleaur                               50                                         
Sullivan                             50                                         
Geoni                                50                                         
Sarchand                             50                                         
Bull                                 50                                         
Dellinger                            50                                         
Cabrio                               50                                         

LAST_NAME                 DEPARTMENT_ID                                         
------------------------- -------------                                         
Chung                                50                                         
Dilly                                50                                         
Gates                                50                                         
Perkins                              50                                         
Bell                                 50                                         
Everett                              50                                         
McCain                               50                                         
Jones                                50                                         
Walsh                                50                                         
Feeney                               50                                         
OConnell                             50                                         

LAST_NAME                 DEPARTMENT_ID                                         
------------------------- -------------                                         
Grant                                50                                         

56 rows selected.

SQL> /

LAST_NAME                 DEPARTMENT_ID                                         
------------------------- -------------                                         
Hunold                               60                                         
Ernst                                60                                         
Austin                               60                                         
Pataballa                            60                                         
Lorentz                              60                                         
Raphaely                             30                                         
Khoo                                 30                                         
Baida                                30                                         
Tobias                               30                                         
Himuro                               30                                         
Colmenares                           30                                         

LAST_NAME                 DEPARTMENT_ID                                         
------------------------- -------------                                         
Weiss                                50                                         
Fripp                                50                                         
Kaufling                             50                                         
Vollman                              50                                         
Mourgos                              50                                         
Nayer                                50                                         
Mikkilineni                          50                                         
Landry                               50                                         
Markle                               50                                         
Bissot                               50                                         
Atkinson                             50                                         

LAST_NAME                 DEPARTMENT_ID                                         
------------------------- -------------                                         
Marlow                               50                                         
Olson                                50                                         
Mallin                               50                                         
Rogers                               50                                         
Gee                                  50                                         
Philtanker                           50                                         
Ladwig                               50                                         
Stiles                               50                                         
Seo                                  50                                         
Patel                                50                                         
Rajs                                 50                                         

LAST_NAME                 DEPARTMENT_ID                                         
------------------------- -------------                                         
Davies                               50                                         
Matos                                50                                         
Vargas                               50                                         
Taylor                               50                                         
Fleaur                               50                                         
Sullivan                             50                                         
Geoni                                50                                         
Sarchand                             50                                         
Bull                                 50                                         
Dellinger                            50                                         
Cabrio                               50                                         

LAST_NAME                 DEPARTMENT_ID                                         
------------------------- -------------                                         
Chung                                50                                         
Dilly                                50                                         
Gates                                50                                         
Perkins                              50                                         
Bell                                 50                                         
Everett                              50                                         
McCain                               50                                         
Jones                                50                                         
Walsh                                50                                         
Feeney                               50                                         
OConnell                             50                                         

LAST_NAME                 DEPARTMENT_ID                                         
------------------------- -------------                                         
Grant                                50                                         

56 rows selected.

SQL> select last_name, department_id
  2  from employees
  3  where last_name like 'S%';

LAST_NAME                 DEPARTMENT_ID                                         
------------------------- -------------                                         
Sciarra                             100                                         
Stiles                               50                                         
Seo                                  50                                         
Sully                                80                                         
Smith                                80                                         
Sewall                               80                                         
Smith                                80                                         
Sullivan                             50                                         
Sarchand                             50                                         

9 rows selected.

SQL> select last_name, department_id
  2  from employees
  3  where last_name like '%t';

LAST_NAME                 DEPARTMENT_ID                                         
------------------------- -------------                                         
Ernst                                60                                         
Faviet                              100                                         
Bissot                               50                                         
Cambrault                            80                                         
Cambrault                            80                                         
Tuvault                              80                                         
Grant                                                                           
Everett                              50                                         
Grant                                50                                         

9 rows selected.

SQL> select last_name, department_id
  2  from employees
  3  where department_id is null;

LAST_NAME                 DEPARTMENT_ID                                         
------------------------- -------------                                         
Grant                                                                           

SQL> select last_name, department_id
  2  from employees
  3  where last_name like '_o%';

LAST_NAME                 DEPARTMENT_ID                                         
------------------------- -------------                                         
Kochhar                              90                                         
Lorentz                              60                                         
Popp                                100                                         
Tobias                               30                                         
Colmenares                           30                                         
Vollman                              50                                         
Mourgos                              50                                         
Rogers                               50                                         
Doran                                80                                         
Fox                                  80                                         
Johnson                              80                                         

LAST_NAME                 DEPARTMENT_ID                                         
------------------------- -------------                                         
Jones                                50                                         

12 rows selected.

SQL> select last_name, department_id
  2  from employees
  3  where last_name like '_o%' and department_id=30;

LAST_NAME                 DEPARTMENT_ID                                         
------------------------- -------------                                         
Tobias                               30                                         
Colmenares                           30                                         

SQL> spool off;
SQL> select substr('Oracle',2,3) from dual;

SUB                                                                             
---                                                                             
rac                                                                             

SQL> select substr('Oracle',2) from dual;

SUBST                                                                           
-----                                                                           
racle                                                                           

SQL> select substr('Oracle',-1,1) from dual;

S                                                                               
-                                                                               
e                                                                               

SQL> select substr('Oracle',-2,1) from dual;

S                                                                               
-                                                                               
l                                                                               

SQL> select substr('Oracle',-2,2) from dual;

SU                                                                              
--                                                                              
le                                                                              

SQL> select substr('Oracle',-2,2) column from dual;
select substr('Oracle',-2,2) column from dual
                             *
ERROR at line 1:
ORA-00923: FROM keyword not found where expected 


SQL> col column format a10;
SQL> select substr('Oracle',-2,2) column from dual;
select substr('Oracle',-2,2) column from dual
                             *
ERROR at line 1:
ORA-00923: FROM keyword not found where expected 


SQL> select substr('Oracle',-1,3) from dual;

S                                                                               
-                                                                               
e                                                                               

SQL> select last_name from employees where last_name like '%z';

LAST_NAME                                                                       
-------------------------                                                       
Lorentz                                                                         
Errazuriz                                                                       
Gietz                                                                           

SQL> select last_name from employees where substr(last_name,-1)='z';

LAST_NAME                                                                       
-------------------------                                                       
Lorentz                                                                         
Errazuriz                                                                       
Gietz                                                                           

SQL> set timing on
SQL> select last_name from employees where last_name like '%z';

LAST_NAME                                                                       
-------------------------                                                       
Lorentz                                                                         
Errazuriz                                                                       
Gietz                                                                           

Elapsed: 00:00:00.02
SQL> select last_name from employees where substr(last_name,-1)='z';

LAST_NAME                                                                       
-------------------------                                                       
Lorentz                                                                         
Errazuriz                                                                       
Gietz                                                                           

Elapsed: 00:00:00.02
SQL> select lpad('Oracle',8,'*') from dual;

LPAD('OR                                                                        
--------                                                                        
**Oracle                                                                        

Elapsed: 00:00:00.01
SQL> select lpad('Oracle',8,'****') from dual;

LPAD('OR                                                                        
--------                                                                        
**Oracle                                                                        

Elapsed: 00:00:00.01
SQL> select replace('Oracle','O','H') from dual;

REPLAC                                                                          
------                                                                          
Hracle                                                                          

Elapsed: 00:00:00.01
SQL> select trim('m' from 'madam') from dual;

TRI                                                                             
---                                                                             
ada                                                                             

Elapsed: 00:00:00.01
SQL> select trim('m' from 'mmm') from dual;

T                                                                               
-                                                                               
                                                                                

Elapsed: 00:00:00.01
SQL> spool off;
