SQL> select to_char(3456.78,'99,999.99') from dual;

TO_CHAR(34                                                                      
----------                                                                      
  3,456.78                                                                      

SQL> select to_char(3456.78,'00,000.00') from dual;

TO_CHAR(34                                                                      
----------                                                                      
 03,456.78                                                                      

SQL> select to_char(3456.78,'$99,999.99') from dual;

TO_CHAR(345                                                                     
-----------                                                                     
  $3,456.78                                                                     

SQL> select to_char(3456.78,'L99,999.99') from dual;

TO_CHAR(3456.78,'L99                                                            
--------------------                                                            
           $3,456.78                                                            

SQL> alter session set nls_currency='Rs.';

Session altered.

SQL> select to_char(3456.78,'L99,999.99') from dual;

TO_CHAR(3456.78,'L99                                                            
--------------------                                                            
         Rs.3,456.78                                                            

SQL> select '09-dec-19'+5 from dual;
select '09-dec-19'+5 from dual
       *
ERROR at line 1:
ORA-01722: invalid number 


SQL> select to_date('09-dec-19')+5 from dual;

TO_DATE('                                                                       
---------                                                                       
14-DEC-19                                                                       

SQL> select add_months('09-dec-19',5) from dual;

ADD_MONTH                                                                       
---------                                                                       
09-MAY-20                                                                       

SQL> select to_date('09/12/19','dd/mm/yy')+5 from dual;

TO_DATE('                                                                       
---------                                                                       
14-DEC-19                                                                       

SQL> select to_date('09/12/19','mm/dd/yy')+5 from dual;

TO_DATE('                                                                       
---------                                                                       
17-SEP-19                                                                       

SQL> select nvl(1234,null) from dual;

NVL(1234,NULL)                                                                  
--------------                                                                  
          1234                                                                  

SQL> select nvl(null,454354) from dual;

NVL(NULL,454354)                                                                
----------------                                                                
          454354                                                                

SQL> desc employees;
 Name                                      Null?    Type
 ----------------------------------------- -------- ----------------------------
 EMPLOYEE_ID                               NOT NULL NUMBER(6)
 FIRST_NAME                                         VARCHAR2(20)
 LAST_NAME                                 NOT NULL VARCHAR2(25)
 EMAIL                                     NOT NULL VARCHAR2(25)
 PHONE_NUMBER                                       VARCHAR2(20)
 HIRE_DATE                                 NOT NULL DATE
 JOB_ID                                    NOT NULL VARCHAR2(10)
 SALARY                                             NUMBER(8,2)
 COMMISSION_PCT                                     NUMBER(2,2)
 MANAGER_ID                                         NUMBER(6)
 DEPARTMENT_ID                                      NUMBER(4)

SQL> select salary, commission_pct, employee_id from employees;

    SALARY COMMISSION_PCT EMPLOYEE_ID                                           
---------- -------------- -----------                                           
     24000                        100                                           
     17000                        101                                           
     17000                        102                                           
      9000                        103                                           
      6000                        104                                           
      4800                        105                                           
      4800                        106                                           
      4200                        107                                           
     12008                        108                                           
      9000                        109                                           
      8200                        110                                           

    SALARY COMMISSION_PCT EMPLOYEE_ID                                           
---------- -------------- -----------                                           
      7700                        111                                           
      7800                        112                                           
      6900                        113                                           
     11000                        114                                           
      3100                        115                                           
      2900                        116                                           
      2800                        117                                           
      2600                        118                                           
      2500                        119                                           
      8000                        120                                           
      8200                        121                                           

    SALARY COMMISSION_PCT EMPLOYEE_ID                                           
---------- -------------- -----------                                           
      7900                        122                                           
      6500                        123                                           
      5800                        124                                           
      3200                        125                                           
      2700                        126                                           
      2400                        127                                           
      2200                        128                                           
      3300                        129                                           
      2800                        130                                           
      2500                        131                                           
      2100                        132                                           

    SALARY COMMISSION_PCT EMPLOYEE_ID                                           
---------- -------------- -----------                                           
      3300                        133                                           
      2900                        134                                           
      2400                        135                                           
      2200                        136                                           
      3600                        137                                           
      3200                        138                                           
      2700                        139                                           
      2500                        140                                           
      3500                        141                                           
      3100                        142                                           
      2600                        143                                           

    SALARY COMMISSION_PCT EMPLOYEE_ID                                           
---------- -------------- -----------                                           
      2500                        144                                           
     14000             .4         145                                           
     13500             .3         146                                           
     12000             .3         147                                           
     11000             .3         148                                           
     10500             .2         149                                           
     10000             .3         150                                           
      9500            .25         151                                           
      9000            .25         152                                           
      8000             .2         153                                           
      7500             .2         154                                           

    SALARY COMMISSION_PCT EMPLOYEE_ID                                           
---------- -------------- -----------                                           
      7000            .15         155                                           
     10000            .35         156                                           
      9500            .35         157                                           
      9000            .35         158                                           
      8000             .3         159                                           
      7500             .3         160                                           
      7000            .25         161                                           
     10500            .25         162                                           
      9500            .15         163                                           
      7200             .1         164                                           
      6800             .1         165                                           

    SALARY COMMISSION_PCT EMPLOYEE_ID                                           
---------- -------------- -----------                                           
      6400             .1         166                                           
      6200             .1         167                                           
     11500            .25         168                                           
     10000             .2         169                                           
      9600             .2         170                                           
      7400            .15         171                                           
      7300            .15         172                                           
      6100             .1         173                                           
     11000             .3         174                                           
      8800            .25         175                                           
      8600             .2         176                                           

    SALARY COMMISSION_PCT EMPLOYEE_ID                                           
---------- -------------- -----------                                           
      8400             .2         177                                           
      7000            .15         178                                           
      6200             .1         179                                           
      3200                        180                                           
      3100                        181                                           
      2500                        182                                           
      2800                        183                                           
      4200                        184                                           
      4100                        185                                           
      3400                        186                                           
      3000                        187                                           

    SALARY COMMISSION_PCT EMPLOYEE_ID                                           
---------- -------------- -----------                                           
      3800                        188                                           
      3600                        189                                           
      2900                        190                                           
      2500                        191                                           
      4000                        192                                           
      3900                        193                                           
      3200                        194                                           
      2800                        195                                           
      3100                        196                                           
      3000                        197                                           
      2600                        198                                           

    SALARY COMMISSION_PCT EMPLOYEE_ID                                           
---------- -------------- -----------                                           
      2600                        199                                           
      4400                        200                                           
     13000                        201                                           
      6000                        202                                           
      6500                        203                                           
     10000                        204                                           
     12008                        205                                           
      8300                        206                                           

107 rows selected.

SQL> select salary, commission_pct, employee_id, salary*commission_pct "Comm Amount" from employees;

    SALARY COMMISSION_PCT EMPLOYEE_ID Comm Amount                               
---------- -------------- ----------- -----------                               
     24000                        100                                           
     17000                        101                                           
     17000                        102                                           
      9000                        103                                           
      6000                        104                                           
      4800                        105                                           
      4800                        106                                           
      4200                        107                                           
     12008                        108                                           
      9000                        109                                           
      8200                        110                                           

    SALARY COMMISSION_PCT EMPLOYEE_ID Comm Amount                               
---------- -------------- ----------- -----------                               
      7700                        111                                           
      7800                        112                                           
      6900                        113                                           
     11000                        114                                           
      3100                        115                                           
      2900                        116                                           
      2800                        117                                           
      2600                        118                                           
      2500                        119                                           
      8000                        120                                           
      8200                        121                                           

    SALARY COMMISSION_PCT EMPLOYEE_ID Comm Amount                               
---------- -------------- ----------- -----------                               
      7900                        122                                           
      6500                        123                                           
      5800                        124                                           
      3200                        125                                           
      2700                        126                                           
      2400                        127                                           
      2200                        128                                           
      3300                        129                                           
      2800                        130                                           
      2500                        131                                           
      2100                        132                                           

    SALARY COMMISSION_PCT EMPLOYEE_ID Comm Amount                               
---------- -------------- ----------- -----------                               
      3300                        133                                           
      2900                        134                                           
      2400                        135                                           
      2200                        136                                           
      3600                        137                                           
      3200                        138                                           
      2700                        139                                           
      2500                        140                                           
      3500                        141                                           
      3100                        142                                           
      2600                        143                                           

    SALARY COMMISSION_PCT EMPLOYEE_ID Comm Amount                               
---------- -------------- ----------- -----------                               
      2500                        144                                           
     14000             .4         145        5600                               
     13500             .3         146        4050                               
     12000             .3         147        3600                               
     11000             .3         148        3300                               
     10500             .2         149        2100                               
     10000             .3         150        3000                               
      9500            .25         151        2375                               
      9000            .25         152        2250                               
      8000             .2         153        1600                               
      7500             .2         154        1500                               

    SALARY COMMISSION_PCT EMPLOYEE_ID Comm Amount                               
---------- -------------- ----------- -----------                               
      7000            .15         155        1050                               
     10000            .35         156        3500                               
      9500            .35         157        3325                               
      9000            .35         158        3150                               
      8000             .3         159        2400                               
      7500             .3         160        2250                               
      7000            .25         161        1750                               
     10500            .25         162        2625                               
      9500            .15         163        1425                               
      7200             .1         164         720                               
      6800             .1         165         680                               

    SALARY COMMISSION_PCT EMPLOYEE_ID Comm Amount                               
---------- -------------- ----------- -----------                               
      6400             .1         166         640                               
      6200             .1         167         620                               
     11500            .25         168        2875                               
     10000             .2         169        2000                               
      9600             .2         170        1920                               
      7400            .15         171        1110                               
      7300            .15         172        1095                               
      6100             .1         173         610                               
     11000             .3         174        3300                               
      8800            .25         175        2200                               
      8600             .2         176        1720                               

    SALARY COMMISSION_PCT EMPLOYEE_ID Comm Amount                               
---------- -------------- ----------- -----------                               
      8400             .2         177        1680                               
      7000            .15         178        1050                               
      6200             .1         179         620                               
      3200                        180                                           
      3100                        181                                           
      2500                        182                                           
      2800                        183                                           
      4200                        184                                           
      4100                        185                                           
      3400                        186                                           
      3000                        187                                           

    SALARY COMMISSION_PCT EMPLOYEE_ID Comm Amount                               
---------- -------------- ----------- -----------                               
      3800                        188                                           
      3600                        189                                           
      2900                        190                                           
      2500                        191                                           
      4000                        192                                           
      3900                        193                                           
      3200                        194                                           
      2800                        195                                           
      3100                        196                                           
      3000                        197                                           
      2600                        198                                           

    SALARY COMMISSION_PCT EMPLOYEE_ID Comm Amount                               
---------- -------------- ----------- -----------                               
      2600                        199                                           
      4400                        200                                           
     13000                        201                                           
      6000                        202                                           
      6500                        203                                           
     10000                        204                                           
     12008                        205                                           
      8300                        206                                           

107 rows selected.

SQL> select employee_id, salary, commission_pc, salary*commission_pct "Comm Amount", salary+(salary*commission_pct) "Take Home" from employees;
select employee_id, salary, commission_pc, salary*commission_pct "Comm Amount", salary+(salary*commission_pct) "Take Home" from employees
                            *
ERROR at line 1:
ORA-00904: "COMMISSION_PC": invalid identifier 


SQL> select employee_id, salary, commission_pct, salary*commission_pct "Comm Amount", salary+(salary*commission_pct) "Take Home" from employees;

EMPLOYEE_ID     SALARY COMMISSION_PCT Comm Amount  Take Home                    
----------- ---------- -------------- ----------- ----------                    
        100      24000                                                          
        101      17000                                                          
        102      17000                                                          
        103       9000                                                          
        104       6000                                                          
        105       4800                                                          
        106       4800                                                          
        107       4200                                                          
        108      12008                                                          
        109       9000                                                          
        110       8200                                                          

EMPLOYEE_ID     SALARY COMMISSION_PCT Comm Amount  Take Home                    
----------- ---------- -------------- ----------- ----------                    
        111       7700                                                          
        112       7800                                                          
        113       6900                                                          
        114      11000                                                          
        115       3100                                                          
        116       2900                                                          
        117       2800                                                          
        118       2600                                                          
        119       2500                                                          
        120       8000                                                          
        121       8200                                                          

EMPLOYEE_ID     SALARY COMMISSION_PCT Comm Amount  Take Home                    
----------- ---------- -------------- ----------- ----------                    
        122       7900                                                          
        123       6500                                                          
        124       5800                                                          
        125       3200                                                          
        126       2700                                                          
        127       2400                                                          
        128       2200                                                          
        129       3300                                                          
        130       2800                                                          
        131       2500                                                          
        132       2100                                                          

EMPLOYEE_ID     SALARY COMMISSION_PCT Comm Amount  Take Home                    
----------- ---------- -------------- ----------- ----------                    
        133       3300                                                          
        134       2900                                                          
        135       2400                                                          
        136       2200                                                          
        137       3600                                                          
        138       3200                                                          
        139       2700                                                          
        140       2500                                                          
        141       3500                                                          
        142       3100                                                          
        143       2600                                                          

EMPLOYEE_ID     SALARY COMMISSION_PCT Comm Amount  Take Home                    
----------- ---------- -------------- ----------- ----------                    
        144       2500                                                          
        145      14000             .4        5600      19600                    
        146      13500             .3        4050      17550                    
        147      12000             .3        3600      15600                    
        148      11000             .3        3300      14300                    
        149      10500             .2        2100      12600                    
        150      10000             .3        3000      13000                    
        151       9500            .25        2375      11875                    
        152       9000            .25        2250      11250                    
        153       8000             .2        1600       9600                    
        154       7500             .2        1500       9000                    

EMPLOYEE_ID     SALARY COMMISSION_PCT Comm Amount  Take Home                    
----------- ---------- -------------- ----------- ----------                    
        155       7000            .15        1050       8050                    
        156      10000            .35        3500      13500                    
        157       9500            .35        3325      12825                    
        158       9000            .35        3150      12150                    
        159       8000             .3        2400      10400                    
        160       7500             .3        2250       9750                    
        161       7000            .25        1750       8750                    
        162      10500            .25        2625      13125                    
        163       9500            .15        1425      10925                    
        164       7200             .1         720       7920                    
        165       6800             .1         680       7480                    

EMPLOYEE_ID     SALARY COMMISSION_PCT Comm Amount  Take Home                    
----------- ---------- -------------- ----------- ----------                    
        166       6400             .1         640       7040                    
        167       6200             .1         620       6820                    
        168      11500            .25        2875      14375                    
        169      10000             .2        2000      12000                    
        170       9600             .2        1920      11520                    
        171       7400            .15        1110       8510                    
        172       7300            .15        1095       8395                    
        173       6100             .1         610       6710                    
        174      11000             .3        3300      14300                    
        175       8800            .25        2200      11000                    
        176       8600             .2        1720      10320                    

EMPLOYEE_ID     SALARY COMMISSION_PCT Comm Amount  Take Home                    
----------- ---------- -------------- ----------- ----------                    
        177       8400             .2        1680      10080                    
        178       7000            .15        1050       8050                    
        179       6200             .1         620       6820                    
        180       3200                                                          
        181       3100                                                          
        182       2500                                                          
        183       2800                                                          
        184       4200                                                          
        185       4100                                                          
        186       3400                                                          
        187       3000                                                          

EMPLOYEE_ID     SALARY COMMISSION_PCT Comm Amount  Take Home                    
----------- ---------- -------------- ----------- ----------                    
        188       3800                                                          
        189       3600                                                          
        190       2900                                                          
        191       2500                                                          
        192       4000                                                          
        193       3900                                                          
        194       3200                                                          
        195       2800                                                          
        196       3100                                                          
        197       3000                                                          
        198       2600                                                          

EMPLOYEE_ID     SALARY COMMISSION_PCT Comm Amount  Take Home                    
----------- ---------- -------------- ----------- ----------                    
        199       2600                                                          
        200       4400                                                          
        201      13000                                                          
        202       6000                                                          
        203       6500                                                          
        204      10000                                                          
        205      12008                                                          
        206       8300                                                          

107 rows selected.

SQL> select employee_id, salary, commission_pct, salary*commission_pct "Comm Amount", salary+(salary*nvl(commission_pct,0)) "Take Home" from employees;

EMPLOYEE_ID     SALARY COMMISSION_PCT Comm Amount  Take Home                    
----------- ---------- -------------- ----------- ----------                    
        100      24000                                 24000                    
        101      17000                                 17000                    
        102      17000                                 17000                    
        103       9000                                  9000                    
        104       6000                                  6000                    
        105       4800                                  4800                    
        106       4800                                  4800                    
        107       4200                                  4200                    
        108      12008                                 12008                    
        109       9000                                  9000                    
        110       8200                                  8200                    

EMPLOYEE_ID     SALARY COMMISSION_PCT Comm Amount  Take Home                    
----------- ---------- -------------- ----------- ----------                    
        111       7700                                  7700                    
        112       7800                                  7800                    
        113       6900                                  6900                    
        114      11000                                 11000                    
        115       3100                                  3100                    
        116       2900                                  2900                    
        117       2800                                  2800                    
        118       2600                                  2600                    
        119       2500                                  2500                    
        120       8000                                  8000                    
        121       8200                                  8200                    

EMPLOYEE_ID     SALARY COMMISSION_PCT Comm Amount  Take Home                    
----------- ---------- -------------- ----------- ----------                    
        122       7900                                  7900                    
        123       6500                                  6500                    
        124       5800                                  5800                    
        125       3200                                  3200                    
        126       2700                                  2700                    
        127       2400                                  2400                    
        128       2200                                  2200                    
        129       3300                                  3300                    
        130       2800                                  2800                    
        131       2500                                  2500                    
        132       2100                                  2100                    

EMPLOYEE_ID     SALARY COMMISSION_PCT Comm Amount  Take Home                    
----------- ---------- -------------- ----------- ----------                    
        133       3300                                  3300                    
        134       2900                                  2900                    
        135       2400                                  2400                    
        136       2200                                  2200                    
        137       3600                                  3600                    
        138       3200                                  3200                    
        139       2700                                  2700                    
        140       2500                                  2500                    
        141       3500                                  3500                    
        142       3100                                  3100                    
        143       2600                                  2600                    

EMPLOYEE_ID     SALARY COMMISSION_PCT Comm Amount  Take Home                    
----------- ---------- -------------- ----------- ----------                    
        144       2500                                  2500                    
        145      14000             .4        5600      19600                    
        146      13500             .3        4050      17550                    
        147      12000             .3        3600      15600                    
        148      11000             .3        3300      14300                    
        149      10500             .2        2100      12600                    
        150      10000             .3        3000      13000                    
        151       9500            .25        2375      11875                    
        152       9000            .25        2250      11250                    
        153       8000             .2        1600       9600                    
        154       7500             .2        1500       9000                    

EMPLOYEE_ID     SALARY COMMISSION_PCT Comm Amount  Take Home                    
----------- ---------- -------------- ----------- ----------                    
        155       7000            .15        1050       8050                    
        156      10000            .35        3500      13500                    
        157       9500            .35        3325      12825                    
        158       9000            .35        3150      12150                    
        159       8000             .3        2400      10400                    
        160       7500             .3        2250       9750                    
        161       7000            .25        1750       8750                    
        162      10500            .25        2625      13125                    
        163       9500            .15        1425      10925                    
        164       7200             .1         720       7920                    
        165       6800             .1         680       7480                    

EMPLOYEE_ID     SALARY COMMISSION_PCT Comm Amount  Take Home                    
----------- ---------- -------------- ----------- ----------                    
        166       6400             .1         640       7040                    
        167       6200             .1         620       6820                    
        168      11500            .25        2875      14375                    
        169      10000             .2        2000      12000                    
        170       9600             .2        1920      11520                    
        171       7400            .15        1110       8510                    
        172       7300            .15        1095       8395                    
        173       6100             .1         610       6710                    
        174      11000             .3        3300      14300                    
        175       8800            .25        2200      11000                    
        176       8600             .2        1720      10320                    

EMPLOYEE_ID     SALARY COMMISSION_PCT Comm Amount  Take Home                    
----------- ---------- -------------- ----------- ----------                    
        177       8400             .2        1680      10080                    
        178       7000            .15        1050       8050                    
        179       6200             .1         620       6820                    
        180       3200                                  3200                    
        181       3100                                  3100                    
        182       2500                                  2500                    
        183       2800                                  2800                    
        184       4200                                  4200                    
        185       4100                                  4100                    
        186       3400                                  3400                    
        187       3000                                  3000                    

EMPLOYEE_ID     SALARY COMMISSION_PCT Comm Amount  Take Home                    
----------- ---------- -------------- ----------- ----------                    
        188       3800                                  3800                    
        189       3600                                  3600                    
        190       2900                                  2900                    
        191       2500                                  2500                    
        192       4000                                  4000                    
        193       3900                                  3900                    
        194       3200                                  3200                    
        195       2800                                  2800                    
        196       3100                                  3100                    
        197       3000                                  3000                    
        198       2600                                  2600                    

EMPLOYEE_ID     SALARY COMMISSION_PCT Comm Amount  Take Home                    
----------- ---------- -------------- ----------- ----------                    
        199       2600                                  2600                    
        200       4400                                  4400                    
        201      13000                                 13000                    
        202       6000                                  6000                    
        203       6500                                  6500                    
        204      10000                                 10000                    
        205      12008                                 12008                    
        206       8300                                  8300                    

107 rows selected.

SQL> select nvl2(1,2,3) from dual;

NVL2(1,2,3)                                                                     
-----------                                                                     
          2                                                                     

SQL> select employee_id, commission_pct, nvl2(commission_pct,'Available','Not Available') "Comment" from employee;
select employee_id, commission_pct, nvl2(commission_pct,'Available','Not Available') "Comment" from employee
                                                                                                    *
ERROR at line 1:
ORA-00942: table or view does not exist 


SQL> select employee_id, commission_pct, nvl2(commission_pct,'Available','Not Available') "Comment" from employees;

EMPLOYEE_ID COMMISSION_PCT Comment                                              
----------- -------------- -------------                                        
        100                Not Available                                        
        101                Not Available                                        
        102                Not Available                                        
        103                Not Available                                        
        104                Not Available                                        
        105                Not Available                                        
        106                Not Available                                        
        107                Not Available                                        
        108                Not Available                                        
        109                Not Available                                        
        110                Not Available                                        

EMPLOYEE_ID COMMISSION_PCT Comment                                              
----------- -------------- -------------                                        
        111                Not Available                                        
        112                Not Available                                        
        113                Not Available                                        
        114                Not Available                                        
        115                Not Available                                        
        116                Not Available                                        
        117                Not Available                                        
        118                Not Available                                        
        119                Not Available                                        
        120                Not Available                                        
        121                Not Available                                        

EMPLOYEE_ID COMMISSION_PCT Comment                                              
----------- -------------- -------------                                        
        122                Not Available                                        
        123                Not Available                                        
        124                Not Available                                        
        125                Not Available                                        
        126                Not Available                                        
        127                Not Available                                        
        128                Not Available                                        
        129                Not Available                                        
        130                Not Available                                        
        131                Not Available                                        
        132                Not Available                                        

EMPLOYEE_ID COMMISSION_PCT Comment                                              
----------- -------------- -------------                                        
        133                Not Available                                        
        134                Not Available                                        
        135                Not Available                                        
        136                Not Available                                        
        137                Not Available                                        
        138                Not Available                                        
        139                Not Available                                        
        140                Not Available                                        
        141                Not Available                                        
        142                Not Available                                        
        143                Not Available                                        

EMPLOYEE_ID COMMISSION_PCT Comment                                              
----------- -------------- -------------                                        
        144                Not Available                                        
        145             .4 Available                                            
        146             .3 Available                                            
        147             .3 Available                                            
        148             .3 Available                                            
        149             .2 Available                                            
        150             .3 Available                                            
        151            .25 Available                                            
        152            .25 Available                                            
        153             .2 Available                                            
        154             .2 Available                                            

EMPLOYEE_ID COMMISSION_PCT Comment                                              
----------- -------------- -------------                                        
        155            .15 Available                                            
        156            .35 Available                                            
        157            .35 Available                                            
        158            .35 Available                                            
        159             .3 Available                                            
        160             .3 Available                                            
        161            .25 Available                                            
        162            .25 Available                                            
        163            .15 Available                                            
        164             .1 Available                                            
        165             .1 Available                                            

EMPLOYEE_ID COMMISSION_PCT Comment                                              
----------- -------------- -------------                                        
        166             .1 Available                                            
        167             .1 Available                                            
        168            .25 Available                                            
        169             .2 Available                                            
        170             .2 Available                                            
        171            .15 Available                                            
        172            .15 Available                                            
        173             .1 Available                                            
        174             .3 Available                                            
        175            .25 Available                                            
        176             .2 Available                                            

EMPLOYEE_ID COMMISSION_PCT Comment                                              
----------- -------------- -------------                                        
        177             .2 Available                                            
        178            .15 Available                                            
        179             .1 Available                                            
        180                Not Available                                        
        181                Not Available                                        
        182                Not Available                                        
        183                Not Available                                        
        184                Not Available                                        
        185                Not Available                                        
        186                Not Available                                        
        187                Not Available                                        

EMPLOYEE_ID COMMISSION_PCT Comment                                              
----------- -------------- -------------                                        
        188                Not Available                                        
        189                Not Available                                        
        190                Not Available                                        
        191                Not Available                                        
        192                Not Available                                        
        193                Not Available                                        
        194                Not Available                                        
        195                Not Available                                        
        196                Not Available                                        
        197                Not Available                                        
        198                Not Available                                        

EMPLOYEE_ID COMMISSION_PCT Comment                                              
----------- -------------- -------------                                        
        199                Not Available                                        
        200                Not Available                                        
        201                Not Available                                        
        202                Not Available                                        
        203                Not Available                                        
        204                Not Available                                        
        205                Not Available                                        
        206                Not Available                                        

107 rows selected.

SQL> select employee_id, commission_pct, nvl(commission_pct, 0) from employees;

EMPLOYEE_ID COMMISSION_PCT NVL(COMMISSION_PCT,0)                                
----------- -------------- ---------------------                                
        100                                    0                                
        101                                    0                                
        102                                    0                                
        103                                    0                                
        104                                    0                                
        105                                    0                                
        106                                    0                                
        107                                    0                                
        108                                    0                                
        109                                    0                                
        110                                    0                                

EMPLOYEE_ID COMMISSION_PCT NVL(COMMISSION_PCT,0)                                
----------- -------------- ---------------------                                
        111                                    0                                
        112                                    0                                
        113                                    0                                
        114                                    0                                
        115                                    0                                
        116                                    0                                
        117                                    0                                
        118                                    0                                
        119                                    0                                
        120                                    0                                
        121                                    0                                

EMPLOYEE_ID COMMISSION_PCT NVL(COMMISSION_PCT,0)                                
----------- -------------- ---------------------                                
        122                                    0                                
        123                                    0                                
        124                                    0                                
        125                                    0                                
        126                                    0                                
        127                                    0                                
        128                                    0                                
        129                                    0                                
        130                                    0                                
        131                                    0                                
        132                                    0                                

EMPLOYEE_ID COMMISSION_PCT NVL(COMMISSION_PCT,0)                                
----------- -------------- ---------------------                                
        133                                    0                                
        134                                    0                                
        135                                    0                                
        136                                    0                                
        137                                    0                                
        138                                    0                                
        139                                    0                                
        140                                    0                                
        141                                    0                                
        142                                    0                                
        143                                    0                                

EMPLOYEE_ID COMMISSION_PCT NVL(COMMISSION_PCT,0)                                
----------- -------------- ---------------------                                
        144                                    0                                
        145             .4                    .4                                
        146             .3                    .3                                
        147             .3                    .3                                
        148             .3                    .3                                
        149             .2                    .2                                
        150             .3                    .3                                
        151            .25                   .25                                
        152            .25                   .25                                
        153             .2                    .2                                
        154             .2                    .2                                

EMPLOYEE_ID COMMISSION_PCT NVL(COMMISSION_PCT,0)                                
----------- -------------- ---------------------                                
        155            .15                   .15                                
        156            .35                   .35                                
        157            .35                   .35                                
        158            .35                   .35                                
        159             .3                    .3                                
        160             .3                    .3                                
        161            .25                   .25                                
        162            .25                   .25                                
        163            .15                   .15                                
        164             .1                    .1                                
        165             .1                    .1                                

EMPLOYEE_ID COMMISSION_PCT NVL(COMMISSION_PCT,0)                                
----------- -------------- ---------------------                                
        166             .1                    .1                                
        167             .1                    .1                                
        168            .25                   .25                                
        169             .2                    .2                                
        170             .2                    .2                                
        171            .15                   .15                                
        172            .15                   .15                                
        173             .1                    .1                                
        174             .3                    .3                                
        175            .25                   .25                                
        176             .2                    .2                                

EMPLOYEE_ID COMMISSION_PCT NVL(COMMISSION_PCT,0)                                
----------- -------------- ---------------------                                
        177             .2                    .2                                
        178            .15                   .15                                
        179             .1                    .1                                
        180                                    0                                
        181                                    0                                
        182                                    0                                
        183                                    0                                
        184                                    0                                
        185                                    0                                
        186                                    0                                
        187                                    0                                

EMPLOYEE_ID COMMISSION_PCT NVL(COMMISSION_PCT,0)                                
----------- -------------- ---------------------                                
        188                                    0                                
        189                                    0                                
        190                                    0                                
        191                                    0                                
        192                                    0                                
        193                                    0                                
        194                                    0                                
        195                                    0                                
        196                                    0                                
        197                                    0                                
        198                                    0                                

EMPLOYEE_ID COMMISSION_PCT NVL(COMMISSION_PCT,0)                                
----------- -------------- ---------------------                                
        199                                    0                                
        200                                    0                                
        201                                    0                                
        202                                    0                                
        203                                    0                                
        204                                    0                                
        205                                    0                                
        206                                    0                                

107 rows selected.

SQL> select employee_id, commission_pct, nvl(commission_pct, 'NA') from employees;
select employee_id, commission_pct, nvl(commission_pct, 'NA') from employees
                                                        *
ERROR at line 1:
ORA-01722: invalid number 


SQL> select employee_id, commission_pct, nvl(to_char(commission_pct), 'NA') from employees;

EMPLOYEE_ID COMMISSION_PCT NVL(TO_CHAR(COMMISSION_PCT),'NA')                    
----------- -------------- ----------------------------------------             
        100                NA                                                   
        101                NA                                                   
        102                NA                                                   
        103                NA                                                   
        104                NA                                                   
        105                NA                                                   
        106                NA                                                   
        107                NA                                                   
        108                NA                                                   
        109                NA                                                   
        110                NA                                                   

EMPLOYEE_ID COMMISSION_PCT NVL(TO_CHAR(COMMISSION_PCT),'NA')                    
----------- -------------- ----------------------------------------             
        111                NA                                                   
        112                NA                                                   
        113                NA                                                   
        114                NA                                                   
        115                NA                                                   
        116                NA                                                   
        117                NA                                                   
        118                NA                                                   
        119                NA                                                   
        120                NA                                                   
        121                NA                                                   

EMPLOYEE_ID COMMISSION_PCT NVL(TO_CHAR(COMMISSION_PCT),'NA')                    
----------- -------------- ----------------------------------------             
        122                NA                                                   
        123                NA                                                   
        124                NA                                                   
        125                NA                                                   
        126                NA                                                   
        127                NA                                                   
        128                NA                                                   
        129                NA                                                   
        130                NA                                                   
        131                NA                                                   
        132                NA                                                   

EMPLOYEE_ID COMMISSION_PCT NVL(TO_CHAR(COMMISSION_PCT),'NA')                    
----------- -------------- ----------------------------------------             
        133                NA                                                   
        134                NA                                                   
        135                NA                                                   
        136                NA                                                   
        137                NA                                                   
        138                NA                                                   
        139                NA                                                   
        140                NA                                                   
        141                NA                                                   
        142                NA                                                   
        143                NA                                                   

EMPLOYEE_ID COMMISSION_PCT NVL(TO_CHAR(COMMISSION_PCT),'NA')                    
----------- -------------- ----------------------------------------             
        144                NA                                                   
        145             .4 .4                                                   
        146             .3 .3                                                   
        147             .3 .3                                                   
        148             .3 .3                                                   
        149             .2 .2                                                   
        150             .3 .3                                                   
        151            .25 .25                                                  
        152            .25 .25                                                  
        153             .2 .2                                                   
        154             .2 .2                                                   

EMPLOYEE_ID COMMISSION_PCT NVL(TO_CHAR(COMMISSION_PCT),'NA')                    
----------- -------------- ----------------------------------------             
        155            .15 .15                                                  
        156            .35 .35                                                  
        157            .35 .35                                                  
        158            .35 .35                                                  
        159             .3 .3                                                   
        160             .3 .3                                                   
        161            .25 .25                                                  
        162            .25 .25                                                  
        163            .15 .15                                                  
        164             .1 .1                                                   
        165             .1 .1                                                   

EMPLOYEE_ID COMMISSION_PCT NVL(TO_CHAR(COMMISSION_PCT),'NA')                    
----------- -------------- ----------------------------------------             
        166             .1 .1                                                   
        167             .1 .1                                                   
        168            .25 .25                                                  
        169             .2 .2                                                   
        170             .2 .2                                                   
        171            .15 .15                                                  
        172            .15 .15                                                  
        173             .1 .1                                                   
        174             .3 .3                                                   
        175            .25 .25                                                  
        176             .2 .2                                                   

EMPLOYEE_ID COMMISSION_PCT NVL(TO_CHAR(COMMISSION_PCT),'NA')                    
----------- -------------- ----------------------------------------             
        177             .2 .2                                                   
        178            .15 .15                                                  
        179             .1 .1                                                   
        180                NA                                                   
        181                NA                                                   
        182                NA                                                   
        183                NA                                                   
        184                NA                                                   
        185                NA                                                   
        186                NA                                                   
        187                NA                                                   

EMPLOYEE_ID COMMISSION_PCT NVL(TO_CHAR(COMMISSION_PCT),'NA')                    
----------- -------------- ----------------------------------------             
        188                NA                                                   
        189                NA                                                   
        190                NA                                                   
        191                NA                                                   
        192                NA                                                   
        193                NA                                                   
        194                NA                                                   
        195                NA                                                   
        196                NA                                                   
        197                NA                                                   
        198                NA                                                   

EMPLOYEE_ID COMMISSION_PCT NVL(TO_CHAR(COMMISSION_PCT),'NA')                    
----------- -------------- ----------------------------------------             
        199                NA                                                   
        200                NA                                                   
        201                NA                                                   
        202                NA                                                   
        203                NA                                                   
        204                NA                                                   
        205                NA                                                   
        206                NA                                                   

107 rows selected.

SQL> select employee_id, job_id, salary "Old Salary",
  2  decode(job_id, 'SA_REP',salary*1.3
  3  select employee_id, job_id, salary "Old Salary",
  4  ;
select employee_id, job_id, salary "Old Salary",
*
ERROR at line 3:
ORA-00907: missing right parenthesis 


SQL> select employee_id, job_id, salary "Old Salary",
  2  decode(job_id, 'SA_REP',salary*1.3, 'IT_PROG', salary*1.2, 'SA_MAN',salary*1.1, salary) "New Sal")
  3  from employees;
decode(job_id, 'SA_REP',salary*1.3, 'IT_PROG', salary*1.2, 'SA_MAN',salary*1.1, salary) "New Sal")
                                                                                                 *
ERROR at line 2:
ORA-00923: FROM keyword not found where expected 


SQL> select employee_id, job_id, salary "Old Salary",
  2  decode(job_id, 'SA_REP',salary*1.3, 'IT_PROG', salary*1.2, 'SA_MAN',salary*1.1, salary) "New Sal"
  3  from employees;

EMPLOYEE_ID JOB_ID     Old Salary    New Sal                                    
----------- ---------- ---------- ----------                                    
        100 AD_PRES         24000      24000                                    
        101 AD_VP           17000      17000                                    
        102 AD_VP           17000      17000                                    
        103 IT_PROG          9000      10800                                    
        104 IT_PROG          6000       7200                                    
        105 IT_PROG          4800       5760                                    
        106 IT_PROG          4800       5760                                    
        107 IT_PROG          4200       5040                                    
        108 FI_MGR          12008      12008                                    
        109 FI_ACCOUNT       9000       9000                                    
        110 FI_ACCOUNT       8200       8200                                    

EMPLOYEE_ID JOB_ID     Old Salary    New Sal                                    
----------- ---------- ---------- ----------                                    
        111 FI_ACCOUNT       7700       7700                                    
        112 FI_ACCOUNT       7800       7800                                    
        113 FI_ACCOUNT       6900       6900                                    
        114 PU_MAN          11000      11000                                    
        115 PU_CLERK         3100       3100                                    
        116 PU_CLERK         2900       2900                                    
        117 PU_CLERK         2800       2800                                    
        118 PU_CLERK         2600       2600                                    
        119 PU_CLERK         2500       2500                                    
        120 ST_MAN           8000       8000                                    
        121 ST_MAN           8200       8200                                    

EMPLOYEE_ID JOB_ID     Old Salary    New Sal                                    
----------- ---------- ---------- ----------                                    
        122 ST_MAN           7900       7900                                    
        123 ST_MAN           6500       6500                                    
        124 ST_MAN           5800       5800                                    
        125 ST_CLERK         3200       3200                                    
        126 ST_CLERK         2700       2700                                    
        127 ST_CLERK         2400       2400                                    
        128 ST_CLERK         2200       2200                                    
        129 ST_CLERK         3300       3300                                    
        130 ST_CLERK         2800       2800                                    
        131 ST_CLERK         2500       2500                                    
        132 ST_CLERK         2100       2100                                    

EMPLOYEE_ID JOB_ID     Old Salary    New Sal                                    
----------- ---------- ---------- ----------                                    
        133 ST_CLERK         3300       3300                                    
        134 ST_CLERK         2900       2900                                    
        135 ST_CLERK         2400       2400                                    
        136 ST_CLERK         2200       2200                                    
        137 ST_CLERK         3600       3600                                    
        138 ST_CLERK         3200       3200                                    
        139 ST_CLERK         2700       2700                                    
        140 ST_CLERK         2500       2500                                    
        141 ST_CLERK         3500       3500                                    
        142 ST_CLERK         3100       3100                                    
        143 ST_CLERK         2600       2600                                    

EMPLOYEE_ID JOB_ID     Old Salary    New Sal                                    
----------- ---------- ---------- ----------                                    
        144 ST_CLERK         2500       2500                                    
        145 SA_MAN          14000      15400                                    
        146 SA_MAN          13500      14850                                    
        147 SA_MAN          12000      13200                                    
        148 SA_MAN          11000      12100                                    
        149 SA_MAN          10500      11550                                    
        150 SA_REP          10000      13000                                    
        151 SA_REP           9500      12350                                    
        152 SA_REP           9000      11700                                    
        153 SA_REP           8000      10400                                    
        154 SA_REP           7500       9750                                    

EMPLOYEE_ID JOB_ID     Old Salary    New Sal                                    
----------- ---------- ---------- ----------                                    
        155 SA_REP           7000       9100                                    
        156 SA_REP          10000      13000                                    
        157 SA_REP           9500      12350                                    
        158 SA_REP           9000      11700                                    
        159 SA_REP           8000      10400                                    
        160 SA_REP           7500       9750                                    
        161 SA_REP           7000       9100                                    
        162 SA_REP          10500      13650                                    
        163 SA_REP           9500      12350                                    
        164 SA_REP           7200       9360                                    
        165 SA_REP           6800       8840                                    

EMPLOYEE_ID JOB_ID     Old Salary    New Sal                                    
----------- ---------- ---------- ----------                                    
        166 SA_REP           6400       8320                                    
        167 SA_REP           6200       8060                                    
        168 SA_REP          11500      14950                                    
        169 SA_REP          10000      13000                                    
        170 SA_REP           9600      12480                                    
        171 SA_REP           7400       9620                                    
        172 SA_REP           7300       9490                                    
        173 SA_REP           6100       7930                                    
        174 SA_REP          11000      14300                                    
        175 SA_REP           8800      11440                                    
        176 SA_REP           8600      11180                                    

EMPLOYEE_ID JOB_ID     Old Salary    New Sal                                    
----------- ---------- ---------- ----------                                    
        177 SA_REP           8400      10920                                    
        178 SA_REP           7000       9100                                    
        179 SA_REP           6200       8060                                    
        180 SH_CLERK         3200       3200                                    
        181 SH_CLERK         3100       3100                                    
        182 SH_CLERK         2500       2500                                    
        183 SH_CLERK         2800       2800                                    
        184 SH_CLERK         4200       4200                                    
        185 SH_CLERK         4100       4100                                    
        186 SH_CLERK         3400       3400                                    
        187 SH_CLERK         3000       3000                                    

EMPLOYEE_ID JOB_ID     Old Salary    New Sal                                    
----------- ---------- ---------- ----------                                    
        188 SH_CLERK         3800       3800                                    
        189 SH_CLERK         3600       3600                                    
        190 SH_CLERK         2900       2900                                    
        191 SH_CLERK         2500       2500                                    
        192 SH_CLERK         4000       4000                                    
        193 SH_CLERK         3900       3900                                    
        194 SH_CLERK         3200       3200                                    
        195 SH_CLERK         2800       2800                                    
        196 SH_CLERK         3100       3100                                    
        197 SH_CLERK         3000       3000                                    
        198 SH_CLERK         2600       2600                                    

EMPLOYEE_ID JOB_ID     Old Salary    New Sal                                    
----------- ---------- ---------- ----------                                    
        199 SH_CLERK         2600       2600                                    
        200 AD_ASST          4400       4400                                    
        201 MK_MAN          13000      13000                                    
        202 MK_REP           6000       6000                                    
        203 HR_REP           6500       6500                                    
        204 PR_REP          10000      10000                                    
        205 AC_MGR          12008      12008                                    
        206 AC_ACCOUNT       8300       8300                                    

107 rows selected.

SQL> select employee_id, job_id, salary "Old Salary",
  2  case when job_id='SA_REP' then salary*1.3 when job_id='IT_PROG' then salary*1.2 when job_id='SA_MAN' then salary*1.1 else salary end "New Sal"
  3  from employees;

EMPLOYEE_ID JOB_ID     Old Salary    New Sal                                    
----------- ---------- ---------- ----------                                    
        100 AD_PRES         24000      24000                                    
        101 AD_VP           17000      17000                                    
        102 AD_VP           17000      17000                                    
        103 IT_PROG          9000      10800                                    
        104 IT_PROG          6000       7200                                    
        105 IT_PROG          4800       5760                                    
        106 IT_PROG          4800       5760                                    
        107 IT_PROG          4200       5040                                    
        108 FI_MGR          12008      12008                                    
        109 FI_ACCOUNT       9000       9000                                    
        110 FI_ACCOUNT       8200       8200                                    

EMPLOYEE_ID JOB_ID     Old Salary    New Sal                                    
----------- ---------- ---------- ----------                                    
        111 FI_ACCOUNT       7700       7700                                    
        112 FI_ACCOUNT       7800       7800                                    
        113 FI_ACCOUNT       6900       6900                                    
        114 PU_MAN          11000      11000                                    
        115 PU_CLERK         3100       3100                                    
        116 PU_CLERK         2900       2900                                    
        117 PU_CLERK         2800       2800                                    
        118 PU_CLERK         2600       2600                                    
        119 PU_CLERK         2500       2500                                    
        120 ST_MAN           8000       8000                                    
        121 ST_MAN           8200       8200                                    

EMPLOYEE_ID JOB_ID     Old Salary    New Sal                                    
----------- ---------- ---------- ----------                                    
        122 ST_MAN           7900       7900                                    
        123 ST_MAN           6500       6500                                    
        124 ST_MAN           5800       5800                                    
        125 ST_CLERK         3200       3200                                    
        126 ST_CLERK         2700       2700                                    
        127 ST_CLERK         2400       2400                                    
        128 ST_CLERK         2200       2200                                    
        129 ST_CLERK         3300       3300                                    
        130 ST_CLERK         2800       2800                                    
        131 ST_CLERK         2500       2500                                    
        132 ST_CLERK         2100       2100                                    

EMPLOYEE_ID JOB_ID     Old Salary    New Sal                                    
----------- ---------- ---------- ----------                                    
        133 ST_CLERK         3300       3300                                    
        134 ST_CLERK         2900       2900                                    
        135 ST_CLERK         2400       2400                                    
        136 ST_CLERK         2200       2200                                    
        137 ST_CLERK         3600       3600                                    
        138 ST_CLERK         3200       3200                                    
        139 ST_CLERK         2700       2700                                    
        140 ST_CLERK         2500       2500                                    
        141 ST_CLERK         3500       3500                                    
        142 ST_CLERK         3100       3100                                    
        143 ST_CLERK         2600       2600                                    

EMPLOYEE_ID JOB_ID     Old Salary    New Sal                                    
----------- ---------- ---------- ----------                                    
        144 ST_CLERK         2500       2500                                    
        145 SA_MAN          14000      15400                                    
        146 SA_MAN          13500      14850                                    
        147 SA_MAN          12000      13200                                    
        148 SA_MAN          11000      12100                                    
        149 SA_MAN          10500      11550                                    
        150 SA_REP          10000      13000                                    
        151 SA_REP           9500      12350                                    
        152 SA_REP           9000      11700                                    
        153 SA_REP           8000      10400                                    
        154 SA_REP           7500       9750                                    

EMPLOYEE_ID JOB_ID     Old Salary    New Sal                                    
----------- ---------- ---------- ----------                                    
        155 SA_REP           7000       9100                                    
        156 SA_REP          10000      13000                                    
        157 SA_REP           9500      12350                                    
        158 SA_REP           9000      11700                                    
        159 SA_REP           8000      10400                                    
        160 SA_REP           7500       9750                                    
        161 SA_REP           7000       9100                                    
        162 SA_REP          10500      13650                                    
        163 SA_REP           9500      12350                                    
        164 SA_REP           7200       9360                                    
        165 SA_REP           6800       8840                                    

EMPLOYEE_ID JOB_ID     Old Salary    New Sal                                    
----------- ---------- ---------- ----------                                    
        166 SA_REP           6400       8320                                    
        167 SA_REP           6200       8060                                    
        168 SA_REP          11500      14950                                    
        169 SA_REP          10000      13000                                    
        170 SA_REP           9600      12480                                    
        171 SA_REP           7400       9620                                    
        172 SA_REP           7300       9490                                    
        173 SA_REP           6100       7930                                    
        174 SA_REP          11000      14300                                    
        175 SA_REP           8800      11440                                    
        176 SA_REP           8600      11180                                    

EMPLOYEE_ID JOB_ID     Old Salary    New Sal                                    
----------- ---------- ---------- ----------                                    
        177 SA_REP           8400      10920                                    
        178 SA_REP           7000       9100                                    
        179 SA_REP           6200       8060                                    
        180 SH_CLERK         3200       3200                                    
        181 SH_CLERK         3100       3100                                    
        182 SH_CLERK         2500       2500                                    
        183 SH_CLERK         2800       2800                                    
        184 SH_CLERK         4200       4200                                    
        185 SH_CLERK         4100       4100                                    
        186 SH_CLERK         3400       3400                                    
        187 SH_CLERK         3000       3000                                    

EMPLOYEE_ID JOB_ID     Old Salary    New Sal                                    
----------- ---------- ---------- ----------                                    
        188 SH_CLERK         3800       3800                                    
        189 SH_CLERK         3600       3600                                    
        190 SH_CLERK         2900       2900                                    
        191 SH_CLERK         2500       2500                                    
        192 SH_CLERK         4000       4000                                    
        193 SH_CLERK         3900       3900                                    
        194 SH_CLERK         3200       3200                                    
        195 SH_CLERK         2800       2800                                    
        196 SH_CLERK         3100       3100                                    
        197 SH_CLERK         3000       3000                                    
        198 SH_CLERK         2600       2600                                    

EMPLOYEE_ID JOB_ID     Old Salary    New Sal                                    
----------- ---------- ---------- ----------                                    
        199 SH_CLERK         2600       2600                                    
        200 AD_ASST          4400       4400                                    
        201 MK_MAN          13000      13000                                    
        202 MK_REP           6000       6000                                    
        203 HR_REP           6500       6500                                    
        204 PR_REP          10000      10000                                    
        205 AC_MGR          12008      12008                                    
        206 AC_ACCOUNT       8300       8300                                    

107 rows selected.

SQL> select count(*) from employees;

  COUNT(*)                                                                      
----------                                                                      
       107                                                                      

SQL> select min(salary), max(salary), sum(salary), avg(salary), count(salary) from employees;

MIN(SALARY) MAX(SALARY) SUM(SALARY) AVG(SALARY) COUNT(SALARY)                   
----------- ----------- ----------- ----------- -------------                   
       2100       24000      691416  6461.83178           107                   

SQL> select min(hire_date), max(hire_date) from employees;

MIN(HIRE_ MAX(HIRE_                                                             
--------- ---------                                                             
13-JAN-01 21-APR-08                                                             

SQL> select min(last_name), max(last_name) from employees;

MIN(LAST_NAME)            MAX(LAST_NAME)                                        
------------------------- -------------------------                             
Abel                      Zlotkey                                               

SQL> select department_id, min(salary), max(salary) from employees group by department_id;

DEPARTMENT_ID MIN(SALARY) MAX(SALARY)                                           
------------- ----------- -----------                                           
          100        6900       12008                                           
           30        2500       11000                                           
                     7000        7000                                           
           90       17000       24000                                           
           20        6000       13000                                           
           70       10000       10000                                           
          110        8300       12008                                           
           50        2100        8200                                           
           80        6100       14000                                           
           40        6500        6500                                           
           60        4200        9000                                           

DEPARTMENT_ID MIN(SALARY) MAX(SALARY)                                           
------------- ----------- -----------                                           
           10        4400        4400                                           

12 rows selected.

SQL> select department_id, min(salary), max(salary), avg(salary) from employees group by department_id having avg(salary)>=10000;

DEPARTMENT_ID MIN(SALARY) MAX(SALARY) AVG(SALARY)                               
------------- ----------- ----------- -----------                               
           90       17000       24000  19333.3333                               
           70       10000       10000       10000                               
          110        8300       12008       10154                               

SQL> select department_id, min(salary), max(salary), avg(salary) from employees group by department_id having avg(salary)>=10000 order by department_id;

DEPARTMENT_ID MIN(SALARY) MAX(SALARY) AVG(SALARY)                               
------------- ----------- ----------- -----------                               
           70       10000       10000       10000                               
           90       17000       24000  19333.3333                               
          110        8300       12008       10154                               

SQL> select department_id, min(salary), max(salary), avg(salary) from employees group by department_id having avg(salary)>=8000 where hire_date>='01-jan-02' order by department_id;
select department_id, min(salary), max(salary), avg(salary) from employees group by department_id having avg(salary)>=8000 where hire_date>='01-jan-02' order by department_id
                                                                                                                           *
ERROR at line 1:
ORA-00933: SQL command not properly ended 


SQL> select department_id, min(salary), max(salary), avg(salary) from employees group by department_id having avg(salary)>=8000 where hire_date>='01-jan-2003' order by department_id;
select department_id, min(salary), max(salary), avg(salary) from employees group by department_id having avg(salary)>=8000 where hire_date>='01-jan-2003' order by department_id
                                                                                                                           *
ERROR at line 1:
ORA-00933: SQL command not properly ended 


SQL> select department_id, min(salary), max(salary), avg(salary) from employees where hire_date>='01-jan-2003' group by department_id having avg(salary)>=8000 order by department_id;

DEPARTMENT_ID MIN(SALARY) MAX(SALARY) AVG(SALARY)                               
------------- ----------- ----------- -----------                               
           20        6000       13000        9500                               
           80        6100       14000  8955.88235                               
           90       17000       24000       20500                               

SQL> spool off;
