SQL> select location_id, street_address, city, state_province, country_name from locations natural join countries;

LOCATION_ID STREET_ADDRESS                                                      
----------- ----------------------------------------                            
CITY                           STATE_PROVINCE                                   
------------------------------ -------------------------                        
COUNTRY_NAME                                                                    
----------------------------------------                                        
       1000 1297 Via Cola di Rie                                                
Roma                                                                            
Italy                                                                           
                                                                                
       1100 93091 Calle della Testa                                             
Venice                                                                          
Italy                                                                           

LOCATION_ID STREET_ADDRESS                                                      
----------- ----------------------------------------                            
CITY                           STATE_PROVINCE                                   
------------------------------ -------------------------                        
COUNTRY_NAME                                                                    
----------------------------------------                                        
                                                                                
       1200 2017 Shinjuku-ku                                                    
Tokyo                          Tokyo Prefecture                                 
Japan                                                                           
                                                                                
       1300 9450 Kamiya-cho                                                     
Hiroshima                                                                       

LOCATION_ID STREET_ADDRESS                                                      
----------- ----------------------------------------                            
CITY                           STATE_PROVINCE                                   
------------------------------ -------------------------                        
COUNTRY_NAME                                                                    
----------------------------------------                                        
Japan                                                                           
                                                                                
       1400 2014 Jabberwocky Rd                                                 
Southlake                      Texas                                            
United States of America                                                        
                                                                                
       1500 2011 Interiors Blvd                                                 

LOCATION_ID STREET_ADDRESS                                                      
----------- ----------------------------------------                            
CITY                           STATE_PROVINCE                                   
------------------------------ -------------------------                        
COUNTRY_NAME                                                                    
----------------------------------------                                        
South San Francisco            California                                       
United States of America                                                        
                                                                                
       1600 2007 Zagora St                                                      
South Brunswick                New Jersey                                       
United States of America                                                        
                                                                                

LOCATION_ID STREET_ADDRESS                                                      
----------- ----------------------------------------                            
CITY                           STATE_PROVINCE                                   
------------------------------ -------------------------                        
COUNTRY_NAME                                                                    
----------------------------------------                                        
       1700 2004 Charade Rd                                                     
Seattle                        Washington                                       
United States of America                                                        
                                                                                
       1800 147 Spadina Ave                                                     
Toronto                        Ontario                                          
Canada                                                                          

LOCATION_ID STREET_ADDRESS                                                      
----------- ----------------------------------------                            
CITY                           STATE_PROVINCE                                   
------------------------------ -------------------------                        
COUNTRY_NAME                                                                    
----------------------------------------                                        
                                                                                
       1900 6092 Boxwood St                                                     
Whitehorse                     Yukon                                            
Canada                                                                          
                                                                                
       2000 40-5-12 Laogianggen                                                 
Beijing                                                                         

LOCATION_ID STREET_ADDRESS                                                      
----------- ----------------------------------------                            
CITY                           STATE_PROVINCE                                   
------------------------------ -------------------------                        
COUNTRY_NAME                                                                    
----------------------------------------                                        
China                                                                           
                                                                                
       2100 1298 Vileparle (E)                                                  
Bombay                         Maharashtra                                      
India                                                                           
                                                                                
       2200 12-98 Victoria Street                                               

LOCATION_ID STREET_ADDRESS                                                      
----------- ----------------------------------------                            
CITY                           STATE_PROVINCE                                   
------------------------------ -------------------------                        
COUNTRY_NAME                                                                    
----------------------------------------                                        
Sydney                         New South Wales                                  
Australia                                                                       
                                                                                
       2300 198 Clementi North                                                  
Singapore                                                                       
Singapore                                                                       
                                                                                

LOCATION_ID STREET_ADDRESS                                                      
----------- ----------------------------------------                            
CITY                           STATE_PROVINCE                                   
------------------------------ -------------------------                        
COUNTRY_NAME                                                                    
----------------------------------------                                        
       2400 8204 Arthur St                                                      
London                                                                          
United Kingdom                                                                  
                                                                                
       2500 Magdalen Centre, The Oxford Science Park                            
Oxford                         Oxford                                           
United Kingdom                                                                  

LOCATION_ID STREET_ADDRESS                                                      
----------- ----------------------------------------                            
CITY                           STATE_PROVINCE                                   
------------------------------ -------------------------                        
COUNTRY_NAME                                                                    
----------------------------------------                                        
                                                                                
       2600 9702 Chester Road                                                   
Stretford                      Manchester                                       
United Kingdom                                                                  
                                                                                
       2700 Schwanthalerstr. 7031                                               
Munich                         Bavaria                                          

LOCATION_ID STREET_ADDRESS                                                      
----------- ----------------------------------------                            
CITY                           STATE_PROVINCE                                   
------------------------------ -------------------------                        
COUNTRY_NAME                                                                    
----------------------------------------                                        
Germany                                                                         
                                                                                
       2800 Rua Frei Caneca 1360                                                
Sao Paulo                      Sao Paulo                                        
Brazil                                                                          
                                                                                
       2900 20 Rue des Corps-Saints                                             

LOCATION_ID STREET_ADDRESS                                                      
----------- ----------------------------------------                            
CITY                           STATE_PROVINCE                                   
------------------------------ -------------------------                        
COUNTRY_NAME                                                                    
----------------------------------------                                        
Geneva                         Geneve                                           
Switzerland                                                                     
                                                                                
       3000 Murtenstrasse 921                                                   
Bern                           BE                                               
Switzerland                                                                     
                                                                                

LOCATION_ID STREET_ADDRESS                                                      
----------- ----------------------------------------                            
CITY                           STATE_PROVINCE                                   
------------------------------ -------------------------                        
COUNTRY_NAME                                                                    
----------------------------------------                                        
       3100 Pieter Breughelstraat 837                                           
Utrecht                        Utrecht                                          
Netherlands                                                                     
                                                                                
       3200 Mariano Escobedo 9991                                               
Mexico City                    Distrito Federal,                                
Mexico                                                                          

LOCATION_ID STREET_ADDRESS                                                      
----------- ----------------------------------------                            
CITY                           STATE_PROVINCE                                   
------------------------------ -------------------------                        
COUNTRY_NAME                                                                    
----------------------------------------                                        
                                                                                

23 rows selected.

SQL> select last_name, department_number, department_name
  2  from department
  3  join employees
  4  using (department_id);
from department
     *
ERROR at line 2:
ORA-00942: table or view does not exist 


SQL> desc departments;
 Name                                      Null?    Type
 ----------------------------------------- -------- ----------------------------
 DEPARTMENT_ID                             NOT NULL NUMBER(4)
 DEPARTMENT_NAME                           NOT NULL VARCHAR2(30)
 MANAGER_ID                                         NUMBER(6)
 LOCATION_ID                                        NUMBER(4)

SQL> select last_name, department_number, department_name
  2  from departments
  3  join employees
  4  using (department_id);
select last_name, department_number, department_name
                  *
ERROR at line 1:
ORA-00904: "DEPARTMENT_NUMBER": invalid identifier 


SQL> select last_name, department_id, department_name
  2  from departments
  3  join employees
  4  using (department_id);

LAST_NAME                 DEPARTMENT_ID DEPARTMENT_NAME                         
------------------------- ------------- ------------------------------          
King                                 90 Executive                               
Kochhar                              90 Executive                               
De Haan                              90 Executive                               
Hunold                               60 IT                                      
Ernst                                60 IT                                      
Austin                               60 IT                                      
Pataballa                            60 IT                                      
Lorentz                              60 IT                                      
Greenberg                           100 Finance                                 
Faviet                              100 Finance                                 
Chen                                100 Finance                                 

LAST_NAME                 DEPARTMENT_ID DEPARTMENT_NAME                         
------------------------- ------------- ------------------------------          
Sciarra                             100 Finance                                 
Urman                               100 Finance                                 
Popp                                100 Finance                                 
Raphaely                             30 Purchasing                              
Khoo                                 30 Purchasing                              
Baida                                30 Purchasing                              
Tobias                               30 Purchasing                              
Himuro                               30 Purchasing                              
Colmenares                           30 Purchasing                              
Weiss                                50 Shipping                                
Fripp                                50 Shipping                                

LAST_NAME                 DEPARTMENT_ID DEPARTMENT_NAME                         
------------------------- ------------- ------------------------------          
Kaufling                             50 Shipping                                
Vollman                              50 Shipping                                
Mourgos                              50 Shipping                                
Nayer                                50 Shipping                                
Mikkilineni                          50 Shipping                                
Landry                               50 Shipping                                
Markle                               50 Shipping                                
Bissot                               50 Shipping                                
Atkinson                             50 Shipping                                
Marlow                               50 Shipping                                
Olson                                50 Shipping                                

LAST_NAME                 DEPARTMENT_ID DEPARTMENT_NAME                         
------------------------- ------------- ------------------------------          
Mallin                               50 Shipping                                
Rogers                               50 Shipping                                
Gee                                  50 Shipping                                
Philtanker                           50 Shipping                                
Ladwig                               50 Shipping                                
Stiles                               50 Shipping                                
Seo                                  50 Shipping                                
Patel                                50 Shipping                                
Rajs                                 50 Shipping                                
Davies                               50 Shipping                                
Matos                                50 Shipping                                

LAST_NAME                 DEPARTMENT_ID DEPARTMENT_NAME                         
------------------------- ------------- ------------------------------          
Vargas                               50 Shipping                                
Russell                              80 Sales                                   
Partners                             80 Sales                                   
Errazuriz                            80 Sales                                   
Cambrault                            80 Sales                                   
Zlotkey                              80 Sales                                   
Tucker                               80 Sales                                   
Bernstein                            80 Sales                                   
Hall                                 80 Sales                                   
Olsen                                80 Sales                                   
Cambrault                            80 Sales                                   

LAST_NAME                 DEPARTMENT_ID DEPARTMENT_NAME                         
------------------------- ------------- ------------------------------          
Tuvault                              80 Sales                                   
King                                 80 Sales                                   
Sully                                80 Sales                                   
McEwen                               80 Sales                                   
Smith                                80 Sales                                   
Doran                                80 Sales                                   
Sewall                               80 Sales                                   
Vishney                              80 Sales                                   
Greene                               80 Sales                                   
Marvins                              80 Sales                                   
Lee                                  80 Sales                                   

LAST_NAME                 DEPARTMENT_ID DEPARTMENT_NAME                         
------------------------- ------------- ------------------------------          
Ande                                 80 Sales                                   
Banda                                80 Sales                                   
Ozer                                 80 Sales                                   
Bloom                                80 Sales                                   
Fox                                  80 Sales                                   
Smith                                80 Sales                                   
Bates                                80 Sales                                   
Kumar                                80 Sales                                   
Abel                                 80 Sales                                   
Hutton                               80 Sales                                   
Taylor                               80 Sales                                   

LAST_NAME                 DEPARTMENT_ID DEPARTMENT_NAME                         
------------------------- ------------- ------------------------------          
Livingston                           80 Sales                                   
Johnson                              80 Sales                                   
Taylor                               50 Shipping                                
Fleaur                               50 Shipping                                
Sullivan                             50 Shipping                                
Geoni                                50 Shipping                                
Sarchand                             50 Shipping                                
Bull                                 50 Shipping                                
Dellinger                            50 Shipping                                
Cabrio                               50 Shipping                                
Chung                                50 Shipping                                

LAST_NAME                 DEPARTMENT_ID DEPARTMENT_NAME                         
------------------------- ------------- ------------------------------          
Dilly                                50 Shipping                                
Gates                                50 Shipping                                
Perkins                              50 Shipping                                
Bell                                 50 Shipping                                
Everett                              50 Shipping                                
McCain                               50 Shipping                                
Jones                                50 Shipping                                
Walsh                                50 Shipping                                
Feeney                               50 Shipping                                
OConnell                             50 Shipping                                
Grant                                50 Shipping                                

LAST_NAME                 DEPARTMENT_ID DEPARTMENT_NAME                         
------------------------- ------------- ------------------------------          
Whalen                               10 Administration                          
Hartstein                            20 Marketing                               
Fay                                  20 Marketing                               
Mavris                               40 Human Resources                         
Baer                                 70 Public Relations                        
Higgins                             110 Accounting                              
Gietz                               110 Accounting                              

106 rows selected.

SQL> desc departments;
 Name                                      Null?    Type
 ----------------------------------------- -------- ----------------------------
 DEPARTMENT_ID                             NOT NULL NUMBER(4)
 DEPARTMENT_NAME                           NOT NULL VARCHAR2(30)
 MANAGER_ID                                         NUMBER(6)
 LOCATION_ID                                        NUMBER(4)

SQL> desc countries;
 Name                                      Null?    Type
 ----------------------------------------- -------- ----------------------------
 COUNTRY_ID                                NOT NULL CHAR(2)
 COUNTRY_NAME                                       VARCHAR2(40)
 REGION_ID                                          NUMBER

SQL> select * from countries;

CO COUNTRY_NAME                              REGION_ID                          
-- ---------------------------------------- ----------                          
AR Argentina                                         2                          
AU Australia                                         3                          
BE Belgium                                           1                          
BR Brazil                                            2                          
CA Canada                                            2                          
CH Switzerland                                       1                          
CN China                                             3                          
DE Germany                                           1                          
DK Denmark                                           1                          
EG Egypt                                             4                          
FR France                                            1                          

CO COUNTRY_NAME                              REGION_ID                          
-- ---------------------------------------- ----------                          
IL Israel                                            4                          
IN India                                             3                          
IT Italy                                             1                          
JP Japan                                             3                          
KW Kuwait                                            4                          
ML Malaysia                                          3                          
MX Mexico                                            2                          
NG Nigeria                                           4                          
NL Netherlands                                       1                          
SG Singapore                                         3                          
UK United Kingdom                                    1                          

CO COUNTRY_NAME                              REGION_ID                          
-- ---------------------------------------- ----------                          
US United States of America                          2                          
ZM Zambia                                            4                          
ZW Zimbabwe                                          4                          

25 rows selected.

SQL> select e.last_name, e.job_id, d.department_id, d.department_name
  2  from employes d join departments d
  3  
SQL> 
SQL> select e.last_name, e.job_id, d.department_id, d.department_name
  2  from employees d join departments d
  3  on (e.employee_id=d.department_id)
  4  join locations l
  5  on (d.location_id=l.location_id)
  6  where lower(l.city)="toronto";
select e.last_name, e.job_id, d.department_id, d.department_name
*
ERROR at line 1:
ORA-00918: column ambiguously defined 


SQL> select e.last_name, e.job_id, d.department_id, d.department_name
  2  from employees e join departments d
  3  on (e.employee_id=d.department_id)
  4  join locations l
  5  on (d.location_id=l.location_id)
  6  where lower(l.city)="toronto";
where lower(l.city)="toronto"
                    *
ERROR at line 6:
ORA-00904: "toronto": invalid identifier 


SQL> select e.last_name, e.job_id, d.department_id, d.department_name
  2  from employees d join departments d
  3  on (e.employee_id=d.department_id)
  4  join locations l
  5  on (d.location_id=l.location_id)
  6  where lower(l.city)='toronto';
select e.last_name, e.job_id, d.department_id, d.department_name
*
ERROR at line 1:
ORA-00918: column ambiguously defined 


SQL> select e.last_name, e.job_id, d.department_id, d.department_name
  2  from employees e join departments d
  3  join locations l
  4  on (e.employee_id=d.department_id)
  5  
SQL> select e.last_name, e.job_id, d.department_id, d.department_name
  2  from employees e join departments d
  3  on (e.employee_id=d.department_id)
  4  join locations l
  5  on (d.location_id=l.location_id)
  6  where lower(l.city)="toronto";
where lower(l.city)="toronto"
                    *
ERROR at line 6:
ORA-00904: "toronto": invalid identifier 


SQL> select e.last_name, e.job_id, d.department_id, d.department_name
  2  from employees d join departments d
  3  on (e.employee_id=d.department_id)
  4  join locations l
  5  on (d.location_id=l.location_id)
  6  where lower(l.city)='toronto';
select e.last_name, e.job_id, d.department_id, d.department_name
*
ERROR at line 1:
ORA-00918: column ambiguously defined 


SQL> select e.last_name, e.job_id, d.department_id, d.department_name
  2  from employees e join departments d
  3  on (d.location_id=l.location_id)
  4  join locations l
  5  on (d.location_id=l.location_id)
  6  where lower(l.city)='toronto';
on (d.location_id=l.location_id)
                  *
ERROR at line 3:
ORA-00904: "L"."LOCATION_ID": invalid identifier 


SQL> select e.last_name, e.job_id, d.department_id, d.department_name
  2  from employees e join departments d
  3  on (e.employee_id=d.department_id)
  4  join locations l
  5  on (d.location_id=l.location_id)
  6  where lower(l.city)='toronto';

no rows selected

SQL> select e.last_name, e.job_id, d.department_id, d.department_name
  2  from employees e join departments d
  3  on (e.employee_id=d.department_id)
  4  join locations l
  5  on (e.location_id=l.location_id)
  6  where lower(l.city)='toronto';
on (e.location_id=l.location_id)
    *
ERROR at line 5:
ORA-00904: "E"."LOCATION_ID": invalid identifier 


SQL> select e.last_name, e.job_id, d.department_id, d.department_name
  2  from employees e join departments d
  3  on (e.department_id=d.department_id)
  4  join locations l
  5  on (d.location_id=l.location_id)
  6  where lower(l.city)='toronto';

LAST_NAME                 JOB_ID     DEPARTMENT_ID                              
------------------------- ---------- -------------                              
DEPARTMENT_NAME                                                                 
------------------------------                                                  
Hartstein                 MK_MAN                20                              
Marketing                                                                       
                                                                                
Fay                       MK_REP                20                              
Marketing                                                                       
                                                                                

SQL> select e.last_name "Employee", e.employee_id "Emp#"
  2  m.last_name "Manager", m.manager_id "Mgr#"
  3  from employees e join employees m
  4  on (e.manager_id=m.employee_id) ;
m.last_name "Manager", m.manager_id "Mgr#"
*
ERROR at line 2:
ORA-00923: FROM keyword not found where expected 


SQL> desc employees;
 Name                                      Null?    Type
 ----------------------------------------- -------- ----------------------------
 EMPLOYEE_ID                               NOT NULL NUMBER(6)
 FIRST_NAME                                         VARCHAR2(20)
 LAST_NAME                                 NOT NULL VARCHAR2(25)
 EMAIL                                     NOT NULL VARCHAR2(25)
 PHONE_NUMBER                                       VARCHAR2(20)
 HIRE_DATE                                 NOT NULL DATE
 JOB_ID                                    NOT NULL VARCHAR2(10)
 SALARY                                             NUMBER(8,2)
 COMMISSION_PCT                                     NUMBER(2,2)
 MANAGER_ID                                         NUMBER(6)
 DEPARTMENT_ID                                      NUMBER(4)

SQL> select e.last_name "Employee", e.employee_id "Emp#",
  2  m.last_name "Manager", m.manager_id "Mgr#"
  3  from employees e join employees m
  4  on (e.manager_id=m.employee_id) ;

Employee                        Emp# Manager                         Mgr#       
------------------------- ---------- ------------------------- ----------       
Kochhar                          101 King                                       
De Haan                          102 King                                       
Hunold                           103 De Haan                          100       
Ernst                            104 Hunold                           102       
Austin                           105 Hunold                           102       
Pataballa                        106 Hunold                           102       
Lorentz                          107 Hunold                           102       
Greenberg                        108 Kochhar                          100       
Faviet                           109 Greenberg                        101       
Chen                             110 Greenberg                        101       
Sciarra                          111 Greenberg                        101       

Employee                        Emp# Manager                         Mgr#       
------------------------- ---------- ------------------------- ----------       
Urman                            112 Greenberg                        101       
Popp                             113 Greenberg                        101       
Raphaely                         114 King                                       
Khoo                             115 Raphaely                         100       
Baida                            116 Raphaely                         100       
Tobias                           117 Raphaely                         100       
Himuro                           118 Raphaely                         100       
Colmenares                       119 Raphaely                         100       
Weiss                            120 King                                       
Fripp                            121 King                                       
Kaufling                         122 King                                       

Employee                        Emp# Manager                         Mgr#       
------------------------- ---------- ------------------------- ----------       
Vollman                          123 King                                       
Mourgos                          124 King                                       
Nayer                            125 Weiss                            100       
Mikkilineni                      126 Weiss                            100       
Landry                           127 Weiss                            100       
Markle                           128 Weiss                            100       
Bissot                           129 Fripp                            100       
Atkinson                         130 Fripp                            100       
Marlow                           131 Fripp                            100       
Olson                            132 Fripp                            100       
Mallin                           133 Kaufling                         100       

Employee                        Emp# Manager                         Mgr#       
------------------------- ---------- ------------------------- ----------       
Rogers                           134 Kaufling                         100       
Gee                              135 Kaufling                         100       
Philtanker                       136 Kaufling                         100       
Ladwig                           137 Vollman                          100       
Stiles                           138 Vollman                          100       
Seo                              139 Vollman                          100       
Patel                            140 Vollman                          100       
Rajs                             141 Mourgos                          100       
Davies                           142 Mourgos                          100       
Matos                            143 Mourgos                          100       
Vargas                           144 Mourgos                          100       

Employee                        Emp# Manager                         Mgr#       
------------------------- ---------- ------------------------- ----------       
Russell                          145 King                                       
Partners                         146 King                                       
Errazuriz                        147 King                                       
Cambrault                        148 King                                       
Zlotkey                          149 King                                       
Tucker                           150 Russell                          100       
Bernstein                        151 Russell                          100       
Hall                             152 Russell                          100       
Olsen                            153 Russell                          100       
Cambrault                        154 Russell                          100       
Tuvault                          155 Russell                          100       

Employee                        Emp# Manager                         Mgr#       
------------------------- ---------- ------------------------- ----------       
King                             156 Partners                         100       
Sully                            157 Partners                         100       
McEwen                           158 Partners                         100       
Smith                            159 Partners                         100       
Doran                            160 Partners                         100       
Sewall                           161 Partners                         100       
Vishney                          162 Errazuriz                        100       
Greene                           163 Errazuriz                        100       
Marvins                          164 Errazuriz                        100       
Lee                              165 Errazuriz                        100       
Ande                             166 Errazuriz                        100       

Employee                        Emp# Manager                         Mgr#       
------------------------- ---------- ------------------------- ----------       
Banda                            167 Errazuriz                        100       
Ozer                             168 Cambrault                        100       
Bloom                            169 Cambrault                        100       
Fox                              170 Cambrault                        100       
Smith                            171 Cambrault                        100       
Bates                            172 Cambrault                        100       
Kumar                            173 Cambrault                        100       
Abel                             174 Zlotkey                          100       
Hutton                           175 Zlotkey                          100       
Taylor                           176 Zlotkey                          100       
Livingston                       177 Zlotkey                          100       

Employee                        Emp# Manager                         Mgr#       
------------------------- ---------- ------------------------- ----------       
Grant                            178 Zlotkey                          100       
Johnson                          179 Zlotkey                          100       
Taylor                           180 Weiss                            100       
Fleaur                           181 Weiss                            100       
Sullivan                         182 Weiss                            100       
Geoni                            183 Weiss                            100       
Sarchand                         184 Fripp                            100       
Bull                             185 Fripp                            100       
Dellinger                        186 Fripp                            100       
Cabrio                           187 Fripp                            100       
Chung                            188 Kaufling                         100       

Employee                        Emp# Manager                         Mgr#       
------------------------- ---------- ------------------------- ----------       
Dilly                            189 Kaufling                         100       
Gates                            190 Kaufling                         100       
Perkins                          191 Kaufling                         100       
Bell                             192 Vollman                          100       
Everett                          193 Vollman                          100       
McCain                           194 Vollman                          100       
Jones                            195 Vollman                          100       
Walsh                            196 Mourgos                          100       
Feeney                           197 Mourgos                          100       
OConnell                         198 Mourgos                          100       
Grant                            199 Mourgos                          100       

Employee                        Emp# Manager                         Mgr#       
------------------------- ---------- ------------------------- ----------       
Whalen                           200 Kochhar                          100       
Hartstein                        201 King                                       
Fay                              202 Hartstein                        100       
Mavris                           203 Kochhar                          100       
Baer                             204 Kochhar                          100       
Higgins                          205 Kochhar                          100       
Gietz                            206 Higgins                          101       

106 rows selected.

SQL> select e.last_name "Employee", e.employee_id "Emp#",
  2  m.last_name "Manager", m.manager_id "Mgr#"
  3  from employees e left outer join employees m
  4  on (e.manager_id=m.employee_id) ;

Employee                        Emp# Manager                         Mgr#       
------------------------- ---------- ------------------------- ----------       
King                             100                                            
Kochhar                          101 King                                       
De Haan                          102 King                                       
Hunold                           103 De Haan                          100       
Ernst                            104 Hunold                           102       
Austin                           105 Hunold                           102       
Pataballa                        106 Hunold                           102       
Lorentz                          107 Hunold                           102       
Greenberg                        108 Kochhar                          100       
Faviet                           109 Greenberg                        101       
Chen                             110 Greenberg                        101       

Employee                        Emp# Manager                         Mgr#       
------------------------- ---------- ------------------------- ----------       
Sciarra                          111 Greenberg                        101       
Urman                            112 Greenberg                        101       
Popp                             113 Greenberg                        101       
Raphaely                         114 King                                       
Khoo                             115 Raphaely                         100       
Baida                            116 Raphaely                         100       
Tobias                           117 Raphaely                         100       
Himuro                           118 Raphaely                         100       
Colmenares                       119 Raphaely                         100       
Weiss                            120 King                                       
Fripp                            121 King                                       

Employee                        Emp# Manager                         Mgr#       
------------------------- ---------- ------------------------- ----------       
Kaufling                         122 King                                       
Vollman                          123 King                                       
Mourgos                          124 King                                       
Nayer                            125 Weiss                            100       
Mikkilineni                      126 Weiss                            100       
Landry                           127 Weiss                            100       
Markle                           128 Weiss                            100       
Bissot                           129 Fripp                            100       
Atkinson                         130 Fripp                            100       
Marlow                           131 Fripp                            100       
Olson                            132 Fripp                            100       

Employee                        Emp# Manager                         Mgr#       
------------------------- ---------- ------------------------- ----------       
Mallin                           133 Kaufling                         100       
Rogers                           134 Kaufling                         100       
Gee                              135 Kaufling                         100       
Philtanker                       136 Kaufling                         100       
Ladwig                           137 Vollman                          100       
Stiles                           138 Vollman                          100       
Seo                              139 Vollman                          100       
Patel                            140 Vollman                          100       
Rajs                             141 Mourgos                          100       
Davies                           142 Mourgos                          100       
Matos                            143 Mourgos                          100       

Employee                        Emp# Manager                         Mgr#       
------------------------- ---------- ------------------------- ----------       
Vargas                           144 Mourgos                          100       
Russell                          145 King                                       
Partners                         146 King                                       
Errazuriz                        147 King                                       
Cambrault                        148 King                                       
Zlotkey                          149 King                                       
Tucker                           150 Russell                          100       
Bernstein                        151 Russell                          100       
Hall                             152 Russell                          100       
Olsen                            153 Russell                          100       
Cambrault                        154 Russell                          100       

Employee                        Emp# Manager                         Mgr#       
------------------------- ---------- ------------------------- ----------       
Tuvault                          155 Russell                          100       
King                             156 Partners                         100       
Sully                            157 Partners                         100       
McEwen                           158 Partners                         100       
Smith                            159 Partners                         100       
Doran                            160 Partners                         100       
Sewall                           161 Partners                         100       
Vishney                          162 Errazuriz                        100       
Greene                           163 Errazuriz                        100       
Marvins                          164 Errazuriz                        100       
Lee                              165 Errazuriz                        100       

Employee                        Emp# Manager                         Mgr#       
------------------------- ---------- ------------------------- ----------       
Ande                             166 Errazuriz                        100       
Banda                            167 Errazuriz                        100       
Ozer                             168 Cambrault                        100       
Bloom                            169 Cambrault                        100       
Fox                              170 Cambrault                        100       
Smith                            171 Cambrault                        100       
Bates                            172 Cambrault                        100       
Kumar                            173 Cambrault                        100       
Abel                             174 Zlotkey                          100       
Hutton                           175 Zlotkey                          100       
Taylor                           176 Zlotkey                          100       

Employee                        Emp# Manager                         Mgr#       
------------------------- ---------- ------------------------- ----------       
Livingston                       177 Zlotkey                          100       
Grant                            178 Zlotkey                          100       
Johnson                          179 Zlotkey                          100       
Taylor                           180 Weiss                            100       
Fleaur                           181 Weiss                            100       
Sullivan                         182 Weiss                            100       
Geoni                            183 Weiss                            100       
Sarchand                         184 Fripp                            100       
Bull                             185 Fripp                            100       
Dellinger                        186 Fripp                            100       
Cabrio                           187 Fripp                            100       

Employee                        Emp# Manager                         Mgr#       
------------------------- ---------- ------------------------- ----------       
Chung                            188 Kaufling                         100       
Dilly                            189 Kaufling                         100       
Gates                            190 Kaufling                         100       
Perkins                          191 Kaufling                         100       
Bell                             192 Vollman                          100       
Everett                          193 Vollman                          100       
McCain                           194 Vollman                          100       
Jones                            195 Vollman                          100       
Walsh                            196 Mourgos                          100       
Feeney                           197 Mourgos                          100       
OConnell                         198 Mourgos                          100       

Employee                        Emp# Manager                         Mgr#       
------------------------- ---------- ------------------------- ----------       
Grant                            199 Mourgos                          100       
Whalen                           200 Kochhar                          100       
Hartstein                        201 King                                       
Fay                              202 Hartstein                        100       
Mavris                           203 Kochhar                          100       
Baer                             204 Kochhar                          100       
Higgins                          205 Kochhar                          100       
Gietz                            206 Higgins                          101       

107 rows selected.

SQL> select e.department_id department, e.last_name employee, c.last_name colleague
  2  from employees e join employees c
  3  on (e.department_id=c.department_id)
  4  where e.employee_id <> c.employee_id
  5  order by e.department_id, e.last_name, c.last_name;

DEPARTMENT EMPLOYEE                  COLLEAGUE                                  
---------- ------------------------- -------------------------                  
        20 Fay                       Hartstein                                  
        20 Hartstein                 Fay                                        
        30 Baida                     Colmenares                                 
        30 Baida                     Himuro                                     
        30 Baida                     Khoo                                       
        30 Baida                     Raphaely                                   
        30 Baida                     Tobias                                     
        30 Colmenares                Baida                                      
        30 Colmenares                Himuro                                     
        30 Colmenares                Khoo                                       
        30 Colmenares                Raphaely                                   

DEPARTMENT EMPLOYEE                  COLLEAGUE                                  
---------- ------------------------- -------------------------                  
        30 Colmenares                Tobias                                     
        30 Himuro                    Baida                                      
        30 Himuro                    Colmenares                                 
        30 Himuro                    Khoo                                       
        30 Himuro                    Raphaely                                   
        30 Himuro                    Tobias                                     
        30 Khoo                      Baida                                      
        30 Khoo                      Colmenares                                 
        30 Khoo                      Himuro                                     
        30 Khoo                      Raphaely                                   
        30 Khoo                      Tobias                                     

DEPARTMENT EMPLOYEE                  COLLEAGUE                                  
---------- ------------------------- -------------------------                  
        30 Raphaely                  Baida                                      
        30 Raphaely                  Colmenares                                 
        30 Raphaely                  Himuro                                     
        30 Raphaely                  Khoo                                       
        30 Raphaely                  Tobias                                     
        30 Tobias                    Baida                                      
        30 Tobias                    Colmenares                                 
        30 Tobias                    Himuro                                     
        30 Tobias                    Khoo                                       
        30 Tobias                    Raphaely                                   
        50 Atkinson                  Bell                                       

DEPARTMENT EMPLOYEE                  COLLEAGUE                                  
---------- ------------------------- -------------------------                  
        50 Atkinson                  Bissot                                     
        50 Atkinson                  Bull                                       
        50 Atkinson                  Cabrio                                     
        50 Atkinson                  Chung                                      
        50 Atkinson                  Davies                                     
        50 Atkinson                  Dellinger                                  
        50 Atkinson                  Dilly                                      
        50 Atkinson                  Everett                                    
        50 Atkinson                  Feeney                                     
        50 Atkinson                  Fleaur                                     
        50 Atkinson                  Fripp                                      

DEPARTMENT EMPLOYEE                  COLLEAGUE                                  
---------- ------------------------- -------------------------                  
        50 Atkinson                  Gates                                      
        50 Atkinson                  Gee                                        
        50 Atkinson                  Geoni                                      
        50 Atkinson                  Grant                                      
        50 Atkinson                  Jones                                      
        50 Atkinson                  Kaufling                                   
        50 Atkinson                  Ladwig                                     
        50 Atkinson                  Landry                                     
        50 Atkinson                  Mallin                                     
        50 Atkinson                  Markle                                     
        50 Atkinson                  Marlow                                     

DEPARTMENT EMPLOYEE                  COLLEAGUE                                  
---------- ------------------------- -------------------------                  
        50 Atkinson                  Matos                                      
        50 Atkinson                  McCain                                     
        50 Atkinson                  Mikkilineni                                
        50 Atkinson                  Mourgos                                    
        50 Atkinson                  Nayer                                      
        50 Atkinson                  OConnell                                   
        50 Atkinson                  Olson                                      
        50 Atkinson                  Patel                                      
        50 Atkinson                  Perkins                                    
        50 Atkinson                  Philtanker                                 
        50 Atkinson                  Rajs                                       

DEPARTMENT EMPLOYEE                  COLLEAGUE                                  
---------- ------------------------- -------------------------                  
        50 Atkinson                  Rogers                                     
        50 Atkinson                  Sarchand                                   
        50 Atkinson                  Seo                                        
        50 Atkinson                  Stiles                                     
        50 Atkinson                  Sullivan                                   
        50 Atkinson                  Taylor                                     
        50 Atkinson                  Vargas                                     
        50 Atkinson                  Vollman                                    
        50 Atkinson                  Walsh                                      
        50 Atkinson                  Weiss                                      
        50 Bell                      Atkinson                                   

DEPARTMENT EMPLOYEE                  COLLEAGUE                                  
---------- ------------------------- -------------------------                  
        50 Bell                      Bissot                                     
        50 Bell                      Bull                                       
        50 Bell                      Cabrio                                     
        50 Bell                      Chung                                      
        50 Bell                      Davies                                     
        50 Bell                      Dellinger                                  
        50 Bell                      Dilly                                      
        50 Bell                      Everett                                    
        50 Bell                      Feeney                                     
        50 Bell                      Fleaur                                     
        50 Bell                      Fripp                                      

DEPARTMENT EMPLOYEE                  COLLEAGUE                                  
---------- ------------------------- -------------------------                  
        50 Bell                      Gates                                      
        50 Bell                      Gee                                        
        50 Bell                      Geoni                                      
        50 Bell                      Grant                                      
        50 Bell                      Jones                                      
        50 Bell                      Kaufling                                   
        50 Bell                      Ladwig                                     
        50 Bell                      Landry                                     
        50 Bell                      Mallin                                     
        50 Bell                      Markle                                     
        50 Bell                      Marlow                                     

DEPARTMENT EMPLOYEE                  COLLEAGUE                                  
---------- ------------------------- -------------------------                  
        50 Bell                      Matos                                      
        50 Bell                      McCain                                     
        50 Bell                      Mikkilineni                                
        50 Bell                      Mourgos                                    
        50 Bell                      Nayer                                      
        50 Bell                      OConnell                                   
        50 Bell                      Olson                                      
        50 Bell                      Patel                                      
        50 Bell                      Perkins                                    
        50 Bell                      Philtanker                                 
        50 Bell                      Rajs                                       

DEPARTMENT EMPLOYEE                  COLLEAGUE                                  
---------- ------------------------- -------------------------                  
        50 Bell                      Rogers                                     
        50 Bell                      Sarchand                                   
        50 Bell                      Seo                                        
        50 Bell                      Stiles                                     
        50 Bell                      Sullivan                                   
        50 Bell                      Taylor                                     
        50 Bell                      Vargas                                     
        50 Bell                      Vollman                                    
        50 Bell                      Walsh                                      
        50 Bell                      Weiss                                      
        50 Bissot                    Atkinson                                   

DEPARTMENT EMPLOYEE                  COLLEAGUE                                  
---------- ------------------------- -------------------------                  
        50 Bissot                    Bell                                       
        50 Bissot                    Bull                                       
        50 Bissot                    Cabrio                                     
        50 Bissot                    Chung                                      
        50 Bissot                    Davies                                     
        50 Bissot                    Dellinger                                  
        50 Bissot                    Dilly                                      
        50 Bissot                    Everett                                    
        50 Bissot                    Feeney                                     
        50 Bissot                    Fleaur                                     
        50 Bissot                    Fripp                                      

DEPARTMENT EMPLOYEE                  COLLEAGUE                                  
---------- ------------------------- -------------------------                  
        50 Bissot                    Gates                                      
        50 Bissot                    Gee                                        
        50 Bissot                    Geoni                                      
        50 Bissot                    Grant                                      
        50 Bissot                    Jones                                      
        50 Bissot                    Kaufling                                   
        50 Bissot                    Ladwig                                     
        50 Bissot                    Landry                                     
        50 Bissot                    Mallin                                     
        50 Bissot                    Markle                                     
        50 Bissot                    Marlow                                     

DEPARTMENT EMPLOYEE                  COLLEAGUE                                  
---------- ------------------------- -------------------------                  
        50 Bissot                    Matos                                      
        50 Bissot                    McCain                                     
        50 Bissot                    Mikkilineni                                
        50 Bissot                    Mourgos                                    
        50 Bissot                    Nayer                                      
        50 Bissot                    OConnell                                   
        50 Bissot                    Olson                                      
        50 Bissot                    Patel                                      
        50 Bissot                    Perkins                                    
        50 Bissot                    Philtanker                                 
        50 Bissot                    Rajs                                       

DEPARTMENT EMPLOYEE                  COLLEAGUE                                  
---------- ------------------------- -------------------------                  
        50 Bissot                    Rogers                                     
        50 Bissot                    Sarchand                                   
        50 Bissot                    Seo                                        
        50 Bissot                    Stiles                                     
        50 Bissot                    Sullivan                                   
        50 Bissot                    Taylor                                     
        50 Bissot                    Vargas                                     
        50 Bissot                    Vollman                                    
        50 Bissot                    Walsh                                      
        50 Bissot                    Weiss                                      
        50 Bull                      Atkinson                                   

DEPARTMENT EMPLOYEE                  COLLEAGUE                                  
---------- ------------------------- -------------------------                  
        50 Bull                      Bell                                       
        50 Bull                      Bissot                                     
        50 Bull                      Cabrio                                     
        50 Bull                      Chung                                      
        50 Bull                      Davies                                     
        50 Bull                      Dellinger                                  
        50 Bull                      Dilly                                      
        50 Bull                      Everett                                    
        50 Bull                      Feeney                                     
        50 Bull                      Fleaur                                     
        50 Bull                      Fripp                                      

DEPARTMENT EMPLOYEE                  COLLEAGUE                                  
---------- ------------------------- -------------------------                  
        50 Bull                      Gates                                      
        50 Bull                      Gee                                        
        50 Bull                      Geoni                                      
        50 Bull                      Grant                                      
        50 Bull                      Jones                                      
        50 Bull                      Kaufling                                   
        50 Bull                      Ladwig                                     
        50 Bull                      Landry                                     
        50 Bull                      Mallin                                     
        50 Bull                      Markle                                     
        50 Bull                      Marlow                                     

DEPARTMENT EMPLOYEE                  COLLEAGUE                                  
---------- ------------------------- -------------------------                  
        50 Bull                      Matos                                      
        50 Bull                      McCain                                     
        50 Bull                      Mikkilineni                                
        50 Bull                      Mourgos                                    
        50 Bull                      Nayer                                      
        50 Bull                      OConnell                                   
        50 Bull                      Olson                                      
        50 Bull                      Patel                                      
        50 Bull                      Perkins                                    
        50 Bull                      Philtanker                                 
        50 Bull                      Rajs                                       

DEPARTMENT EMPLOYEE                  COLLEAGUE                                  
---------- ------------------------- -------------------------                  
        50 Bull                      Rogers                                     
        50 Bull                      Sarchand                                   
        50 Bull                      Seo                                        
        50 Bull                      Stiles                                     
        50 Bull                      Sullivan                                   
        50 Bull                      Taylor                                     
        50 Bull                      Vargas                                     
        50 Bull                      Vollman                                    
        50 Bull                      Walsh                                      
        50 Bull                      Weiss                                      
        50 Cabrio                    Atkinson                                   

DEPARTMENT EMPLOYEE                  COLLEAGUE                                  
---------- ------------------------- -------------------------                  
        50 Cabrio                    Bell                                       
        50 Cabrio                    Bissot                                     
        50 Cabrio                    Bull                                       
        50 Cabrio                    Chung                                      
        50 Cabrio                    Davies                                     
        50 Cabrio                    Dellinger                                  
        50 Cabrio                    Dilly                                      
        50 Cabrio                    Everett                                    
        50 Cabrio                    Feeney                                     
        50 Cabrio                    Fleaur                                     
        50 Cabrio                    Fripp                                      

DEPARTMENT EMPLOYEE                  COLLEAGUE                                  
---------- ------------------------- -------------------------                  
        50 Cabrio                    Gates                                      
        50 Cabrio                    Gee                                        
        50 Cabrio                    Geoni                                      
        50 Cabrio                    Grant                                      
        50 Cabrio                    Jones                                      
        50 Cabrio                    Kaufling                                   
        50 Cabrio                    Ladwig                                     
        50 Cabrio                    Landry                                     
        50 Cabrio                    Mallin                                     
        50 Cabrio                    Markle                                     
        50 Cabrio                    Marlow                                     

DEPARTMENT EMPLOYEE                  COLLEAGUE                                  
---------- ------------------------- -------------------------                  
        50 Cabrio                    Matos                                      
        50 Cabrio                    McCain                                     
        50 Cabrio                    Mikkilineni                                
        50 Cabrio                    Mourgos                                    
        50 Cabrio                    Nayer                                      
        50 Cabrio                    OConnell                                   
        50 Cabrio                    Olson                                      
        50 Cabrio                    Patel                                      
        50 Cabrio                    Perkins                                    
        50 Cabrio                    Philtanker                                 
        50 Cabrio                    Rajs                                       

DEPARTMENT EMPLOYEE                  COLLEAGUE                                  
---------- ------------------------- -------------------------                  
        50 Cabrio                    Rogers                                     
        50 Cabrio                    Sarchand                                   
        50 Cabrio                    Seo                                        
        50 Cabrio                    Stiles                                     
        50 Cabrio                    Sullivan                                   
        50 Cabrio                    Taylor                                     
        50 Cabrio                    Vargas                                     
        50 Cabrio                    Vollman                                    
        50 Cabrio                    Walsh                                      
        50 Cabrio                    Weiss                                      
        50 Chung                     Atkinson                                   

DEPARTMENT EMPLOYEE                  COLLEAGUE                                  
---------- ------------------------- -------------------------                  
        50 Chung                     Bell                                       
        50 Chung                     Bissot                                     
        50 Chung                     Bull                                       
        50 Chung                     Cabrio                                     
        50 Chung                     Davies                                     
        50 Chung                     Dellinger                                  
        50 Chung                     Dilly                                      
        50 Chung                     Everett                                    
        50 Chung                     Feeney                                     
        50 Chung                     Fleaur                                     
        50 Chung                     Fripp                                      

DEPARTMENT EMPLOYEE                  COLLEAGUE                                  
---------- ------------------------- -------------------------                  
        50 Chung                     Gates                                      
        50 Chung                     Gee                                        
        50 Chung                     Geoni                                      
        50 Chung                     Grant                                      
        50 Chung                     Jones                                      
        50 Chung                     Kaufling                                   
        50 Chung                     Ladwig                                     
        50 Chung                     Landry                                     
        50 Chung                     Mallin                                     
        50 Chung                     Markle                                     
        50 Chung                     Marlow                                     

DEPARTMENT EMPLOYEE                  COLLEAGUE                                  
---------- ------------------------- -------------------------                  
        50 Chung                     Matos                                      
        50 Chung                     McCain                                     
        50 Chung                     Mikkilineni                                
        50 Chung                     Mourgos                                    
        50 Chung                     Nayer                                      
        50 Chung                     OConnell                                   
        50 Chung                     Olson                                      
        50 Chung                     Patel                                      
        50 Chung                     Perkins                                    
        50 Chung                     Philtanker                                 
        50 Chung                     Rajs                                       

DEPARTMENT EMPLOYEE                  COLLEAGUE                                  
---------- ------------------------- -------------------------                  
        50 Chung                     Rogers                                     
        50 Chung                     Sarchand                                   
        50 Chung                     Seo                                        
        50 Chung                     Stiles                                     
        50 Chung                     Sullivan                                   
        50 Chung                     Taylor                                     
        50 Chung                     Vargas                                     
        50 Chung                     Vollman                                    
        50 Chung                     Walsh                                      
        50 Chung                     Weiss                                      
        50 Davies                    Atkinson                                   

DEPARTMENT EMPLOYEE                  COLLEAGUE                                  
---------- ------------------------- -------------------------                  
        50 Davies                    Bell                                       
        50 Davies                    Bissot                                     
        50 Davies                    Bull                                       
        50 Davies                    Cabrio                                     
        50 Davies                    Chung                                      
        50 Davies                    Dellinger                                  
        50 Davies                    Dilly                                      
        50 Davies                    Everett                                    
        50 Davies                    Feeney                                     
        50 Davies                    Fleaur                                     
        50 Davies                    Fripp                                      

DEPARTMENT EMPLOYEE                  COLLEAGUE                                  
---------- ------------------------- -------------------------                  
        50 Davies                    Gates                                      
        50 Davies                    Gee                                        
        50 Davies                    Geoni                                      
        50 Davies                    Grant                                      
        50 Davies                    Jones                                      
        50 Davies                    Kaufling                                   
        50 Davies                    Ladwig                                     
        50 Davies                    Landry                                     
        50 Davies                    Mallin                                     
        50 Davies                    Markle                                     
        50 Davies                    Marlow                                     

DEPARTMENT EMPLOYEE                  COLLEAGUE                                  
---------- ------------------------- -------------------------                  
        50 Davies                    Matos                                      
        50 Davies                    McCain                                     
        50 Davies                    Mikkilineni                                
        50 Davies                    Mourgos                                    
        50 Davies                    Nayer                                      
        50 Davies                    OConnell                                   
        50 Davies                    Olson                                      
        50 Davies                    Patel                                      
        50 Davies                    Perkins                                    
        50 Davies                    Philtanker                                 
        50 Davies                    Rajs                                       

DEPARTMENT EMPLOYEE                  COLLEAGUE                                  
---------- ------------------------- -------------------------                  
        50 Davies                    Rogers                                     
        50 Davies                    Sarchand                                   
        50 Davies                    Seo                                        
        50 Davies                    Stiles                                     
        50 Davies                    Sullivan                                   
        50 Davies                    Taylor                                     
        50 Davies                    Vargas                                     
        50 Davies                    Vollman                                    
        50 Davies                    Walsh                                      
        50 Davies                    Weiss                                      
        50 Dellinger                 Atkinson                                   

DEPARTMENT EMPLOYEE                  COLLEAGUE                                  
---------- ------------------------- -------------------------                  
        50 Dellinger                 Bell                                       
        50 Dellinger                 Bissot                                     
        50 Dellinger                 Bull                                       
        50 Dellinger                 Cabrio                                     
        50 Dellinger                 Chung                                      
        50 Dellinger                 Davies                                     
        50 Dellinger                 Dilly                                      
        50 Dellinger                 Everett                                    
        50 Dellinger                 Feeney                                     
        50 Dellinger                 Fleaur                                     
        50 Dellinger                 Fripp                                      

DEPARTMENT EMPLOYEE                  COLLEAGUE                                  
---------- ------------------------- -------------------------                  
        50 Dellinger                 Gates                                      
        50 Dellinger                 Gee                                        
        50 Dellinger                 Geoni                                      
        50 Dellinger                 Grant                                      
        50 Dellinger                 Jones                                      
        50 Dellinger                 Kaufling                                   
        50 Dellinger                 Ladwig                                     
        50 Dellinger                 Landry                                     
        50 Dellinger                 Mallin                                     
        50 Dellinger                 Markle                                     
        50 Dellinger                 Marlow                                     

DEPARTMENT EMPLOYEE                  COLLEAGUE                                  
---------- ------------------------- -------------------------                  
        50 Dellinger                 Matos                                      
        50 Dellinger                 McCain                                     
        50 Dellinger                 Mikkilineni                                
        50 Dellinger                 Mourgos                                    
        50 Dellinger                 Nayer                                      
        50 Dellinger                 OConnell                                   
        50 Dellinger                 Olson                                      
        50 Dellinger                 Patel                                      
        50 Dellinger                 Perkins                                    
        50 Dellinger                 Philtanker                                 
        50 Dellinger                 Rajs                                       

DEPARTMENT EMPLOYEE                  COLLEAGUE                                  
---------- ------------------------- -------------------------                  
        50 Dellinger                 Rogers                                     
        50 Dellinger                 Sarchand                                   
        50 Dellinger                 Seo                                        
        50 Dellinger                 Stiles                                     
        50 Dellinger                 Sullivan                                   
        50 Dellinger                 Taylor                                     
        50 Dellinger                 Vargas                                     
        50 Dellinger                 Vollman                                    
        50 Dellinger                 Walsh                                      
        50 Dellinger                 Weiss                                      
        50 Dilly                     Atkinson                                   

DEPARTMENT EMPLOYEE                  COLLEAGUE                                  
---------- ------------------------- -------------------------                  
        50 Dilly                     Bell                                       
        50 Dilly                     Bissot                                     
        50 Dilly                     Bull                                       
        50 Dilly                     Cabrio                                     
        50 Dilly                     Chung                                      
        50 Dilly                     Davies                                     
        50 Dilly                     Dellinger                                  
        50 Dilly                     Everett                                    
        50 Dilly                     Feeney                                     
        50 Dilly                     Fleaur                                     
        50 Dilly                     Fripp                                      

DEPARTMENT EMPLOYEE                  COLLEAGUE                                  
---------- ------------------------- -------------------------                  
        50 Dilly                     Gates                                      
        50 Dilly                     Gee                                        
        50 Dilly                     Geoni                                      
        50 Dilly                     Grant                                      
        50 Dilly                     Jones                                      
        50 Dilly                     Kaufling                                   
        50 Dilly                     Ladwig                                     
        50 Dilly                     Landry                                     
        50 Dilly                     Mallin                                     
        50 Dilly                     Markle                                     
        50 Dilly                     Marlow                                     

DEPARTMENT EMPLOYEE                  COLLEAGUE                                  
---------- ------------------------- -------------------------                  
        50 Dilly                     Matos                                      
        50 Dilly                     McCain                                     
        50 Dilly                     Mikkilineni                                
        50 Dilly                     Mourgos                                    
        50 Dilly                     Nayer                                      
        50 Dilly                     OConnell                                   
        50 Dilly                     Olson                                      
        50 Dilly                     Patel                                      
        50 Dilly                     Perkins                                    
        50 Dilly                     Philtanker                                 
        50 Dilly                     Rajs                                       

DEPARTMENT EMPLOYEE                  COLLEAGUE                                  
---------- ------------------------- -------------------------                  
        50 Dilly                     Rogers                                     
        50 Dilly                     Sarchand                                   
        50 Dilly                     Seo                                        
        50 Dilly                     Stiles                                     
        50 Dilly                     Sullivan                                   
        50 Dilly                     Taylor                                     
        50 Dilly                     Vargas                                     
        50 Dilly                     Vollman                                    
        50 Dilly                     Walsh                                      
        50 Dilly                     Weiss                                      
        50 Everett                   Atkinson                                   

DEPARTMENT EMPLOYEE                  COLLEAGUE                                  
---------- ------------------------- -------------------------                  
        50 Everett                   Bell                                       
        50 Everett                   Bissot                                     
        50 Everett                   Bull                                       
        50 Everett                   Cabrio                                     
        50 Everett                   Chung                                      
        50 Everett                   Davies                                     
        50 Everett                   Dellinger                                  
        50 Everett                   Dilly                                      
        50 Everett                   Feeney                                     
        50 Everett                   Fleaur                                     
        50 Everett                   Fripp                                      

DEPARTMENT EMPLOYEE                  COLLEAGUE                                  
---------- ------------------------- -------------------------                  
        50 Everett                   Gates                                      
        50 Everett                   Gee                                        
        50 Everett                   Geoni                                      
        50 Everett                   Grant                                      
        50 Everett                   Jones                                      
        50 Everett                   Kaufling                                   
        50 Everett                   Ladwig                                     
        50 Everett                   Landry                                     
        50 Everett                   Mallin                                     
        50 Everett                   Markle                                     
        50 Everett                   Marlow                                     

DEPARTMENT EMPLOYEE                  COLLEAGUE                                  
---------- ------------------------- -------------------------                  
        50 Everett                   Matos                                      
        50 Everett                   McCain                                     
        50 Everett                   Mikkilineni                                
        50 Everett                   Mourgos                                    
        50 Everett                   Nayer                                      
        50 Everett                   OConnell                                   
        50 Everett                   Olson                                      
        50 Everett                   Patel                                      
        50 Everett                   Perkins                                    
        50 Everett                   Philtanker                                 
        50 Everett                   Rajs                                       

DEPARTMENT EMPLOYEE                  COLLEAGUE                                  
---------- ------------------------- -------------------------                  
        50 Everett                   Rogers                                     
        50 Everett                   Sarchand                                   
        50 Everett                   Seo                                        
        50 Everett                   Stiles                                     
        50 Everett                   Sullivan                                   
        50 Everett                   Taylor                                     
        50 Everett                   Vargas                                     
        50 Everett                   Vollman                                    
        50 Everett                   Walsh                                      
        50 Everett                   Weiss                                      
        50 Feeney                    Atkinson                                   

DEPARTMENT EMPLOYEE                  COLLEAGUE                                  
---------- ------------------------- -------------------------                  
        50 Feeney                    Bell                                       
        50 Feeney                    Bissot                                     
        50 Feeney                    Bull                                       
        50 Feeney                    Cabrio                                     
        50 Feeney                    Chung                                      
        50 Feeney                    Davies                                     
        50 Feeney                    Dellinger                                  
        50 Feeney                    Dilly                                      
        50 Feeney                    Everett                                    
        50 Feeney                    Fleaur                                     
        50 Feeney                    Fripp                                      

DEPARTMENT EMPLOYEE                  COLLEAGUE                                  
---------- ------------------------- -------------------------                  
        50 Feeney                    Gates                                      
        50 Feeney                    Gee                                        
        50 Feeney                    Geoni                                      
        50 Feeney                    Grant                                      
        50 Feeney                    Jones                                      
        50 Feeney                    Kaufling                                   
        50 Feeney                    Ladwig                                     
        50 Feeney                    Landry                                     
        50 Feeney                    Mallin                                     
        50 Feeney                    Markle                                     
        50 Feeney                    Marlow                                     

DEPARTMENT EMPLOYEE                  COLLEAGUE                                  
---------- ------------------------- -------------------------                  
        50 Feeney                    Matos                                      
        50 Feeney                    McCain                                     
        50 Feeney                    Mikkilineni                                
        50 Feeney                    Mourgos                                    
        50 Feeney                    Nayer                                      
        50 Feeney                    OConnell                                   
        50 Feeney                    Olson                                      
        50 Feeney                    Patel                                      
        50 Feeney                    Perkins                                    
        50 Feeney                    Philtanker                                 
        50 Feeney                    Rajs                                       

DEPARTMENT EMPLOYEE                  COLLEAGUE                                  
---------- ------------------------- -------------------------                  
        50 Feeney                    Rogers                                     
        50 Feeney                    Sarchand                                   
        50 Feeney                    Seo                                        
        50 Feeney                    Stiles                                     
        50 Feeney                    Sullivan                                   
        50 Feeney                    Taylor                                     
        50 Feeney                    Vargas                                     
        50 Feeney                    Vollman                                    
        50 Feeney                    Walsh                                      
        50 Feeney                    Weiss                                      
        50 Fleaur                    Atkinson                                   

DEPARTMENT EMPLOYEE                  COLLEAGUE                                  
---------- ------------------------- -------------------------                  
        50 Fleaur                    Bell                                       
        50 Fleaur                    Bissot                                     
        50 Fleaur                    Bull                                       
        50 Fleaur                    Cabrio                                     
        50 Fleaur                    Chung                                      
        50 Fleaur                    Davies                                     
        50 Fleaur                    Dellinger                                  
        50 Fleaur                    Dilly                                      
        50 Fleaur                    Everett                                    
        50 Fleaur                    Feeney                                     
        50 Fleaur                    Fripp                                      

DEPARTMENT EMPLOYEE                  COLLEAGUE                                  
---------- ------------------------- -------------------------                  
        50 Fleaur                    Gates                                      
        50 Fleaur                    Gee                                        
        50 Fleaur                    Geoni                                      
        50 Fleaur                    Grant                                      
        50 Fleaur                    Jones                                      
        50 Fleaur                    Kaufling                                   
        50 Fleaur                    Ladwig                                     
        50 Fleaur                    Landry                                     
        50 Fleaur                    Mallin                                     
        50 Fleaur                    Markle                                     
        50 Fleaur                    Marlow                                     

DEPARTMENT EMPLOYEE                  COLLEAGUE                                  
---------- ------------------------- -------------------------                  
        50 Fleaur                    Matos                                      
        50 Fleaur                    McCain                                     
        50 Fleaur                    Mikkilineni                                
        50 Fleaur                    Mourgos                                    
        50 Fleaur                    Nayer                                      
        50 Fleaur                    OConnell                                   
        50 Fleaur                    Olson                                      
        50 Fleaur                    Patel                                      
        50 Fleaur                    Perkins                                    
        50 Fleaur                    Philtanker                                 
        50 Fleaur                    Rajs                                       

DEPARTMENT EMPLOYEE                  COLLEAGUE                                  
---------- ------------------------- -------------------------                  
        50 Fleaur                    Rogers                                     
        50 Fleaur                    Sarchand                                   
        50 Fleaur                    Seo                                        
        50 Fleaur                    Stiles                                     
        50 Fleaur                    Sullivan                                   
        50 Fleaur                    Taylor                                     
        50 Fleaur                    Vargas                                     
        50 Fleaur                    Vollman                                    
        50 Fleaur                    Walsh                                      
        50 Fleaur                    Weiss                                      
        50 Fripp                     Atkinson                                   

DEPARTMENT EMPLOYEE                  COLLEAGUE                                  
---------- ------------------------- -------------------------                  
        50 Fripp                     Bell                                       
        50 Fripp                     Bissot                                     
        50 Fripp                     Bull                                       
        50 Fripp                     Cabrio                                     
        50 Fripp                     Chung                                      
        50 Fripp                     Davies                                     
        50 Fripp                     Dellinger                                  
        50 Fripp                     Dilly                                      
        50 Fripp                     Everett                                    
        50 Fripp                     Feeney                                     
        50 Fripp                     Fleaur                                     

DEPARTMENT EMPLOYEE                  COLLEAGUE                                  
---------- ------------------------- -------------------------                  
        50 Fripp                     Gates                                      
        50 Fripp                     Gee                                        
        50 Fripp                     Geoni                                      
        50 Fripp                     Grant                                      
        50 Fripp                     Jones                                      
        50 Fripp                     Kaufling                                   
        50 Fripp                     Ladwig                                     
        50 Fripp                     Landry                                     
        50 Fripp                     Mallin                                     
        50 Fripp                     Markle                                     
        50 Fripp                     Marlow                                     

DEPARTMENT EMPLOYEE                  COLLEAGUE                                  
---------- ------------------------- -------------------------                  
        50 Fripp                     Matos                                      
        50 Fripp                     McCain                                     
        50 Fripp                     Mikkilineni                                
        50 Fripp                     Mourgos                                    
        50 Fripp                     Nayer                                      
        50 Fripp                     OConnell                                   
        50 Fripp                     Olson                                      
        50 Fripp                     Patel                                      
        50 Fripp                     Perkins                                    
        50 Fripp                     Philtanker                                 
        50 Fripp                     Rajs                                       

DEPARTMENT EMPLOYEE                  COLLEAGUE                                  
---------- ------------------------- -------------------------                  
        50 Fripp                     Rogers                                     
        50 Fripp                     Sarchand                                   
        50 Fripp                     Seo                                        
        50 Fripp                     Stiles                                     
        50 Fripp                     Sullivan                                   
        50 Fripp                     Taylor                                     
        50 Fripp                     Vargas                                     
        50 Fripp                     Vollman                                    
        50 Fripp                     Walsh                                      
        50 Fripp                     Weiss                                      
        50 Gates                     Atkinson                                   

DEPARTMENT EMPLOYEE                  COLLEAGUE                                  
---------- ------------------------- -------------------------                  
        50 Gates                     Bell                                       
        50 Gates                     Bissot                                     
        50 Gates                     Bull                                       
        50 Gates                     Cabrio                                     
        50 Gates                     Chung                                      
        50 Gates                     Davies                                     
        50 Gates                     Dellinger                                  
        50 Gates                     Dilly                                      
        50 Gates                     Everett                                    
        50 Gates                     Feeney                                     
        50 Gates                     Fleaur                                     

DEPARTMENT EMPLOYEE                  COLLEAGUE                                  
---------- ------------------------- -------------------------                  
        50 Gates                     Fripp                                      
        50 Gates                     Gee                                        
        50 Gates                     Geoni                                      
        50 Gates                     Grant                                      
        50 Gates                     Jones                                      
        50 Gates                     Kaufling                                   
        50 Gates                     Ladwig                                     
        50 Gates                     Landry                                     
        50 Gates                     Mallin                                     
        50 Gates                     Markle                                     
        50 Gates                     Marlow                                     

DEPARTMENT EMPLOYEE                  COLLEAGUE                                  
---------- ------------------------- -------------------------                  
        50 Gates                     Matos                                      
        50 Gates                     McCain                                     
        50 Gates                     Mikkilineni                                
        50 Gates                     Mourgos                                    
        50 Gates                     Nayer                                      
        50 Gates                     OConnell                                   
        50 Gates                     Olson                                      
        50 Gates                     Patel                                      
        50 Gates                     Perkins                                    
        50 Gates                     Philtanker                                 
        50 Gates                     Rajs                                       

DEPARTMENT EMPLOYEE                  COLLEAGUE                                  
---------- ------------------------- -------------------------                  
        50 Gates                     Rogers                                     
        50 Gates                     Sarchand                                   
        50 Gates                     Seo                                        
        50 Gates                     Stiles                                     
        50 Gates                     Sullivan                                   
        50 Gates                     Taylor                                     
        50 Gates                     Vargas                                     
        50 Gates                     Vollman                                    
        50 Gates                     Walsh                                      
        50 Gates                     Weiss                                      
        50 Gee                       Atkinson                                   

DEPARTMENT EMPLOYEE                  COLLEAGUE                                  
---------- ------------------------- -------------------------                  
        50 Gee                       Bell                                       
        50 Gee                       Bissot                                     
        50 Gee                       Bull                                       
        50 Gee                       Cabrio                                     
        50 Gee                       Chung                                      
        50 Gee                       Davies                                     
        50 Gee                       Dellinger                                  
        50 Gee                       Dilly                                      
        50 Gee                       Everett                                    
        50 Gee                       Feeney                                     
        50 Gee                       Fleaur                                     

DEPARTMENT EMPLOYEE                  COLLEAGUE                                  
---------- ------------------------- -------------------------                  
        50 Gee                       Fripp                                      
        50 Gee                       Gates                                      
        50 Gee                       Geoni                                      
        50 Gee                       Grant                                      
        50 Gee                       Jones                                      
        50 Gee                       Kaufling                                   
        50 Gee                       Ladwig                                     
        50 Gee                       Landry                                     
        50 Gee                       Mallin                                     
        50 Gee                       Markle                                     
        50 Gee                       Marlow                                     

DEPARTMENT EMPLOYEE                  COLLEAGUE                                  
---------- ------------------------- -------------------------                  
        50 Gee                       Matos                                      
        50 Gee                       McCain                                     
        50 Gee                       Mikkilineni                                
        50 Gee                       Mourgos                                    
        50 Gee                       Nayer                                      
        50 Gee                       OConnell                                   
        50 Gee                       Olson                                      
        50 Gee                       Patel                                      
        50 Gee                       Perkins                                    
        50 Gee                       Philtanker                                 
        50 Gee                       Rajs                                       

DEPARTMENT EMPLOYEE                  COLLEAGUE                                  
---------- ------------------------- -------------------------                  
        50 Gee                       Rogers                                     
        50 Gee                       Sarchand                                   
        50 Gee                       Seo                                        
        50 Gee                       Stiles                                     
        50 Gee                       Sullivan                                   
        50 Gee                       Taylor                                     
        50 Gee                       Vargas                                     
        50 Gee                       Vollman                                    
        50 Gee                       Walsh                                      
        50 Gee                       Weiss                                      
        50 Geoni                     Atkinson                                   

DEPARTMENT EMPLOYEE                  COLLEAGUE                                  
---------- ------------------------- -------------------------                  
        50 Geoni                     Bell                                       
        50 Geoni                     Bissot                                     
        50 Geoni                     Bull                                       
        50 Geoni                     Cabrio                                     
        50 Geoni                     Chung                                      
        50 Geoni                     Davies                                     
        50 Geoni                     Dellinger                                  
        50 Geoni                     Dilly                                      
        50 Geoni                     Everett                                    
        50 Geoni                     Feeney                                     
        50 Geoni                     Fleaur                                     

DEPARTMENT EMPLOYEE                  COLLEAGUE                                  
---------- ------------------------- -------------------------                  
        50 Geoni                     Fripp                                      
        50 Geoni                     Gates                                      
        50 Geoni                     Gee                                        
        50 Geoni                     Grant                                      
        50 Geoni                     Jones                                      
        50 Geoni                     Kaufling                                   
        50 Geoni                     Ladwig                                     
        50 Geoni                     Landry                                     
        50 Geoni                     Mallin                                     
        50 Geoni                     Markle                                     
        50 Geoni                     Marlow                                     

DEPARTMENT EMPLOYEE                  COLLEAGUE                                  
---------- ------------------------- -------------------------                  
        50 Geoni                     Matos                                      
        50 Geoni                     McCain                                     
        50 Geoni                     Mikkilineni                                
        50 Geoni                     Mourgos                                    
        50 Geoni                     Nayer                                      
        50 Geoni                     OConnell                                   
        50 Geoni                     Olson                                      
        50 Geoni                     Patel                                      
        50 Geoni                     Perkins                                    
        50 Geoni                     Philtanker                                 
        50 Geoni                     Rajs                                       

DEPARTMENT EMPLOYEE                  COLLEAGUE                                  
---------- ------------------------- -------------------------                  
        50 Geoni                     Rogers                                     
        50 Geoni                     Sarchand                                   
        50 Geoni                     Seo                                        
        50 Geoni                     Stiles                                     
        50 Geoni                     Sullivan                                   
        50 Geoni                     Taylor                                     
        50 Geoni                     Vargas                                     
        50 Geoni                     Vollman                                    
        50 Geoni                     Walsh                                      
        50 Geoni                     Weiss                                      
        50 Grant                     Atkinson                                   

DEPARTMENT EMPLOYEE                  COLLEAGUE                                  
---------- ------------------------- -------------------------                  
        50 Grant                     Bell                                       
        50 Grant                     Bissot                                     
        50 Grant                     Bull                                       
        50 Grant                     Cabrio                                     
        50 Grant                     Chung                                      
        50 Grant                     Davies                                     
        50 Grant                     Dellinger                                  
        50 Grant                     Dilly                                      
        50 Grant                     Everett                                    
        50 Grant                     Feeney                                     
        50 Grant                     Fleaur                                     

DEPARTMENT EMPLOYEE                  COLLEAGUE                                  
---------- ------------------------- -------------------------                  
        50 Grant                     Fripp                                      
        50 Grant                     Gates                                      
        50 Grant                     Gee                                        
        50 Grant                     Geoni                                      
        50 Grant                     Jones                                      
        50 Grant                     Kaufling                                   
        50 Grant                     Ladwig                                     
        50 Grant                     Landry                                     
        50 Grant                     Mallin                                     
        50 Grant                     Markle                                     
        50 Grant                     Marlow                                     

DEPARTMENT EMPLOYEE                  COLLEAGUE                                  
---------- ------------------------- -------------------------                  
        50 Grant                     Matos                                      
        50 Grant                     McCain                                     
        50 Grant                     Mikkilineni                                
        50 Grant                     Mourgos                                    
        50 Grant                     Nayer                                      
        50 Grant                     OConnell                                   
        50 Grant                     Olson                                      
        50 Grant                     Patel                                      
        50 Grant                     Perkins                                    
        50 Grant                     Philtanker                                 
        50 Grant                     Rajs                                       

DEPARTMENT EMPLOYEE                  COLLEAGUE                                  
---------- ------------------------- -------------------------                  
        50 Grant                     Rogers                                     
        50 Grant                     Sarchand                                   
        50 Grant                     Seo                                        
        50 Grant                     Stiles                                     
        50 Grant                     Sullivan                                   
        50 Grant                     Taylor                                     
        50 Grant                     Vargas                                     
        50 Grant                     Vollman                                    
        50 Grant                     Walsh                                      
        50 Grant                     Weiss                                      
        50 Jones                     Atkinson                                   

DEPARTMENT EMPLOYEE                  COLLEAGUE                                  
---------- ------------------------- -------------------------                  
        50 Jones                     Bell                                       
        50 Jones                     Bissot                                     
        50 Jones                     Bull                                       
        50 Jones                     Cabrio                                     
        50 Jones                     Chung                                      
        50 Jones                     Davies                                     
        50 Jones                     Dellinger                                  
        50 Jones                     Dilly                                      
        50 Jones                     Everett                                    
        50 Jones                     Feeney                                     
        50 Jones                     Fleaur                                     

DEPARTMENT EMPLOYEE                  COLLEAGUE                                  
---------- ------------------------- -------------------------                  
        50 Jones                     Fripp                                      
        50 Jones                     Gates                                      
        50 Jones                     Gee                                        
        50 Jones                     Geoni                                      
        50 Jones                     Grant                                      
        50 Jones                     Kaufling                                   
        50 Jones                     Ladwig                                     
        50 Jones                     Landry                                     
        50 Jones                     Mallin                                     
        50 Jones                     Markle                                     
        50 Jones                     Marlow                                     

DEPARTMENT EMPLOYEE                  COLLEAGUE                                  
---------- ------------------------- -------------------------                  
        50 Jones                     Matos                                      
        50 Jones                     McCain                                     
        50 Jones                     Mikkilineni                                
        50 Jones                     Mourgos                                    
        50 Jones                     Nayer                                      
        50 Jones                     OConnell                                   
        50 Jones                     Olson                                      
        50 Jones                     Patel                                      
        50 Jones                     Perkins                                    
        50 Jones                     Philtanker                                 
        50 Jones                     Rajs                                       

DEPARTMENT EMPLOYEE                  COLLEAGUE                                  
---------- ------------------------- -------------------------                  
        50 Jones                     Rogers                                     
        50 Jones                     Sarchand                                   
        50 Jones                     Seo                                        
        50 Jones                     Stiles                                     
        50 Jones                     Sullivan                                   
        50 Jones                     Taylor                                     
        50 Jones                     Vargas                                     
        50 Jones                     Vollman                                    
        50 Jones                     Walsh                                      
        50 Jones                     Weiss                                      
        50 Kaufling                  Atkinson                                   

DEPARTMENT EMPLOYEE                  COLLEAGUE                                  
---------- ------------------------- -------------------------                  
        50 Kaufling                  Bell                                       
        50 Kaufling                  Bissot                                     
        50 Kaufling                  Bull                                       
        50 Kaufling                  Cabrio                                     
        50 Kaufling                  Chung                                      
        50 Kaufling                  Davies                                     
        50 Kaufling                  Dellinger                                  
        50 Kaufling                  Dilly                                      
        50 Kaufling                  Everett                                    
        50 Kaufling                  Feeney                                     
        50 Kaufling                  Fleaur                                     

DEPARTMENT EMPLOYEE                  COLLEAGUE                                  
---------- ------------------------- -------------------------                  
        50 Kaufling                  Fripp                                      
        50 Kaufling                  Gates                                      
        50 Kaufling                  Gee                                        
        50 Kaufling                  Geoni                                      
        50 Kaufling                  Grant                                      
        50 Kaufling                  Jones                                      
        50 Kaufling                  Ladwig                                     
        50 Kaufling                  Landry                                     
        50 Kaufling                  Mallin                                     
        50 Kaufling                  Markle                                     
        50 Kaufling                  Marlow                                     

DEPARTMENT EMPLOYEE                  COLLEAGUE                                  
---------- ------------------------- -------------------------                  
        50 Kaufling                  Matos                                      
        50 Kaufling                  McCain                                     
        50 Kaufling                  Mikkilineni                                
        50 Kaufling                  Mourgos                                    
        50 Kaufling                  Nayer                                      
        50 Kaufling                  OConnell                                   
        50 Kaufling                  Olson                                      
        50 Kaufling                  Patel                                      
        50 Kaufling                  Perkins                                    
        50 Kaufling                  Philtanker                                 
        50 Kaufling                  Rajs                                       

DEPARTMENT EMPLOYEE                  COLLEAGUE                                  
---------- ------------------------- -------------------------                  
        50 Kaufling                  Rogers                                     
        50 Kaufling                  Sarchand                                   
        50 Kaufling                  Seo                                        
        50 Kaufling                  Stiles                                     
        50 Kaufling                  Sullivan                                   
        50 Kaufling                  Taylor                                     
        50 Kaufling                  Vargas                                     
        50 Kaufling                  Vollman                                    
        50 Kaufling                  Walsh                                      
        50 Kaufling                  Weiss                                      
        50 Ladwig                    Atkinson                                   

DEPARTMENT EMPLOYEE                  COLLEAGUE                                  
---------- ------------------------- -------------------------                  
        50 Ladwig                    Bell                                       
        50 Ladwig                    Bissot                                     
        50 Ladwig                    Bull                                       
        50 Ladwig                    Cabrio                                     
        50 Ladwig                    Chung                                      
        50 Ladwig                    Davies                                     
        50 Ladwig                    Dellinger                                  
        50 Ladwig                    Dilly                                      
        50 Ladwig                    Everett                                    
        50 Ladwig                    Feeney                                     
        50 Ladwig                    Fleaur                                     

DEPARTMENT EMPLOYEE                  COLLEAGUE                                  
---------- ------------------------- -------------------------                  
        50 Ladwig                    Fripp                                      
        50 Ladwig                    Gates                                      
        50 Ladwig                    Gee                                        
        50 Ladwig                    Geoni                                      
        50 Ladwig                    Grant                                      
        50 Ladwig                    Jones                                      
        50 Ladwig                    Kaufling                                   
        50 Ladwig                    Landry                                     
        50 Ladwig                    Mallin                                     
        50 Ladwig                    Markle                                     
        50 Ladwig                    Marlow                                     

DEPARTMENT EMPLOYEE                  COLLEAGUE                                  
---------- ------------------------- -------------------------                  
        50 Ladwig                    Matos                                      
        50 Ladwig                    McCain                                     
        50 Ladwig                    Mikkilineni                                
        50 Ladwig                    Mourgos                                    
        50 Ladwig                    Nayer                                      
        50 Ladwig                    OConnell                                   
        50 Ladwig                    Olson                                      
        50 Ladwig                    Patel                                      
        50 Ladwig                    Perkins                                    
        50 Ladwig                    Philtanker                                 
        50 Ladwig                    Rajs                                       

DEPARTMENT EMPLOYEE                  COLLEAGUE                                  
---------- ------------------------- -------------------------                  
        50 Ladwig                    Rogers                                     
        50 Ladwig                    Sarchand                                   
        50 Ladwig                    Seo                                        
        50 Ladwig                    Stiles                                     
        50 Ladwig                    Sullivan                                   
        50 Ladwig                    Taylor                                     
        50 Ladwig                    Vargas                                     
        50 Ladwig                    Vollman                                    
        50 Ladwig                    Walsh                                      
        50 Ladwig                    Weiss                                      
        50 Landry                    Atkinson                                   

DEPARTMENT EMPLOYEE                  COLLEAGUE                                  
---------- ------------------------- -------------------------                  
        50 Landry                    Bell                                       
        50 Landry                    Bissot                                     
        50 Landry                    Bull                                       
        50 Landry                    Cabrio                                     
        50 Landry                    Chung                                      
        50 Landry                    Davies                                     
        50 Landry                    Dellinger                                  
        50 Landry                    Dilly                                      
        50 Landry                    Everett                                    
        50 Landry                    Feeney                                     
        50 Landry                    Fleaur                                     

DEPARTMENT EMPLOYEE                  COLLEAGUE                                  
---------- ------------------------- -------------------------                  
        50 Landry                    Fripp                                      
        50 Landry                    Gates                                      
        50 Landry                    Gee                                        
        50 Landry                    Geoni                                      
        50 Landry                    Grant                                      
        50 Landry                    Jones                                      
        50 Landry                    Kaufling                                   
        50 Landry                    Ladwig                                     
        50 Landry                    Mallin                                     
        50 Landry                    Markle                                     
        50 Landry                    Marlow                                     

DEPARTMENT EMPLOYEE                  COLLEAGUE                                  
---------- ------------------------- -------------------------                  
        50 Landry                    Matos                                      
        50 Landry                    McCain                                     
        50 Landry                    Mikkilineni                                
        50 Landry                    Mourgos                                    
        50 Landry                    Nayer                                      
        50 Landry                    OConnell                                   
        50 Landry                    Olson                                      
        50 Landry                    Patel                                      
        50 Landry                    Perkins                                    
        50 Landry                    Philtanker                                 
        50 Landry                    Rajs                                       

DEPARTMENT EMPLOYEE                  COLLEAGUE                                  
---------- ------------------------- -------------------------                  
        50 Landry                    Rogers                                     
        50 Landry                    Sarchand                                   
        50 Landry                    Seo                                        
        50 Landry                    Stiles                                     
        50 Landry                    Sullivan                                   
        50 Landry                    Taylor                                     
        50 Landry                    Vargas                                     
        50 Landry                    Vollman                                    
        50 Landry                    Walsh                                      
        50 Landry                    Weiss                                      
        50 Mallin                    Atkinson                                   

DEPARTMENT EMPLOYEE                  COLLEAGUE                                  
---------- ------------------------- -------------------------                  
        50 Mallin                    Bell                                       
        50 Mallin                    Bissot                                     
        50 Mallin                    Bull                                       
        50 Mallin                    Cabrio                                     
        50 Mallin                    Chung                                      
        50 Mallin                    Davies                                     
        50 Mallin                    Dellinger                                  
        50 Mallin                    Dilly                                      
        50 Mallin                    Everett                                    
        50 Mallin                    Feeney                                     
        50 Mallin                    Fleaur                                     

DEPARTMENT EMPLOYEE                  COLLEAGUE                                  
---------- ------------------------- -------------------------                  
        50 Mallin                    Fripp                                      
        50 Mallin                    Gates                                      
        50 Mallin                    Gee                                        
        50 Mallin                    Geoni                                      
        50 Mallin                    Grant                                      
        50 Mallin                    Jones                                      
        50 Mallin                    Kaufling                                   
        50 Mallin                    Ladwig                                     
        50 Mallin                    Landry                                     
        50 Mallin                    Markle                                     
        50 Mallin                    Marlow                                     

DEPARTMENT EMPLOYEE                  COLLEAGUE                                  
---------- ------------------------- -------------------------                  
        50 Mallin                    Matos                                      
        50 Mallin                    McCain                                     
        50 Mallin                    Mikkilineni                                
        50 Mallin                    Mourgos                                    
        50 Mallin                    Nayer                                      
        50 Mallin                    OConnell                                   
        50 Mallin                    Olson                                      
        50 Mallin                    Patel                                      
        50 Mallin                    Perkins                                    
        50 Mallin                    Philtanker                                 
        50 Mallin                    Rajs                                       

DEPARTMENT EMPLOYEE                  COLLEAGUE                                  
---------- ------------------------- -------------------------                  
        50 Mallin                    Rogers                                     
        50 Mallin                    Sarchand                                   
        50 Mallin                    Seo                                        
        50 Mallin                    Stiles                                     
        50 Mallin                    Sullivan                                   
        50 Mallin                    Taylor                                     
        50 Mallin                    Vargas                                     
        50 Mallin                    Vollman                                    
        50 Mallin                    Walsh                                      
        50 Mallin                    Weiss                                      
        50 Markle                    Atkinson                                   

DEPARTMENT EMPLOYEE                  COLLEAGUE                                  
---------- ------------------------- -------------------------                  
        50 Markle                    Bell                                       
        50 Markle                    Bissot                                     
        50 Markle                    Bull                                       
        50 Markle                    Cabrio                                     
        50 Markle                    Chung                                      
        50 Markle                    Davies                                     
        50 Markle                    Dellinger                                  
        50 Markle                    Dilly                                      
        50 Markle                    Everett                                    
        50 Markle                    Feeney                                     
        50 Markle                    Fleaur                                     

DEPARTMENT EMPLOYEE                  COLLEAGUE                                  
---------- ------------------------- -------------------------                  
        50 Markle                    Fripp                                      
        50 Markle                    Gates                                      
        50 Markle                    Gee                                        
        50 Markle                    Geoni                                      
        50 Markle                    Grant                                      
        50 Markle                    Jones                                      
        50 Markle                    Kaufling                                   
        50 Markle                    Ladwig                                     
        50 Markle                    Landry                                     
        50 Markle                    Mallin                                     
        50 Markle                    Marlow                                     

DEPARTMENT EMPLOYEE                  COLLEAGUE                                  
---------- ------------------------- -------------------------                  
        50 Markle                    Matos                                      
        50 Markle                    McCain                                     
        50 Markle                    Mikkilineni                                
        50 Markle                    Mourgos                                    
        50 Markle                    Nayer                                      
        50 Markle                    OConnell                                   
        50 Markle                    Olson                                      
        50 Markle                    Patel                                      
        50 Markle                    Perkins                                    
        50 Markle                    Philtanker                                 
        50 Markle                    Rajs                                       

DEPARTMENT EMPLOYEE                  COLLEAGUE                                  
---------- ------------------------- -------------------------                  
        50 Markle                    Rogers                                     
        50 Markle                    Sarchand                                   
        50 Markle                    Seo                                        
        50 Markle                    Stiles                                     
        50 Markle                    Sullivan                                   
        50 Markle                    Taylor                                     
        50 Markle                    Vargas                                     
        50 Markle                    Vollman                                    
        50 Markle                    Walsh                                      
        50 Markle                    Weiss                                      
        50 Marlow                    Atkinson                                   

DEPARTMENT EMPLOYEE                  COLLEAGUE                                  
---------- ------------------------- -------------------------                  
        50 Marlow                    Bell                                       
        50 Marlow                    Bissot                                     
        50 Marlow                    Bull                                       
        50 Marlow                    Cabrio                                     
        50 Marlow                    Chung                                      
        50 Marlow                    Davies                                     
        50 Marlow                    Dellinger                                  
        50 Marlow                    Dilly                                      
        50 Marlow                    Everett                                    
        50 Marlow                    Feeney                                     
        50 Marlow                    Fleaur                                     

DEPARTMENT EMPLOYEE                  COLLEAGUE                                  
---------- ------------------------- -------------------------                  
        50 Marlow                    Fripp                                      
        50 Marlow                    Gates                                      
        50 Marlow                    Gee                                        
        50 Marlow                    Geoni                                      
        50 Marlow                    Grant                                      
        50 Marlow                    Jones                                      
        50 Marlow                    Kaufling                                   
        50 Marlow                    Ladwig                                     
        50 Marlow                    Landry                                     
        50 Marlow                    Mallin                                     
        50 Marlow                    Markle                                     

DEPARTMENT EMPLOYEE                  COLLEAGUE                                  
---------- ------------------------- -------------------------                  
        50 Marlow                    Matos                                      
        50 Marlow                    McCain                                     
        50 Marlow                    Mikkilineni                                
        50 Marlow                    Mourgos                                    
        50 Marlow                    Nayer                                      
        50 Marlow                    OConnell                                   
        50 Marlow                    Olson                                      
        50 Marlow                    Patel                                      
        50 Marlow                    Perkins                                    
        50 Marlow                    Philtanker                                 
        50 Marlow                    Rajs                                       

DEPARTMENT EMPLOYEE                  COLLEAGUE                                  
---------- ------------------------- -------------------------                  
        50 Marlow                    Rogers                                     
        50 Marlow                    Sarchand                                   
        50 Marlow                    Seo                                        
        50 Marlow                    Stiles                                     
        50 Marlow                    Sullivan                                   
        50 Marlow                    Taylor                                     
        50 Marlow                    Vargas                                     
        50 Marlow                    Vollman                                    
        50 Marlow                    Walsh                                      
        50 Marlow                    Weiss                                      
        50 Matos                     Atkinson                                   

DEPARTMENT EMPLOYEE                  COLLEAGUE                                  
---------- ------------------------- -------------------------                  
        50 Matos                     Bell                                       
        50 Matos                     Bissot                                     
        50 Matos                     Bull                                       
        50 Matos                     Cabrio                                     
        50 Matos                     Chung                                      
        50 Matos                     Davies                                     
        50 Matos                     Dellinger                                  
        50 Matos                     Dilly                                      
        50 Matos                     Everett                                    
        50 Matos                     Feeney                                     
        50 Matos                     Fleaur                                     

DEPARTMENT EMPLOYEE                  COLLEAGUE                                  
---------- ------------------------- -------------------------                  
        50 Matos                     Fripp                                      
        50 Matos                     Gates                                      
        50 Matos                     Gee                                        
        50 Matos                     Geoni                                      
        50 Matos                     Grant                                      
        50 Matos                     Jones                                      
        50 Matos                     Kaufling                                   
        50 Matos                     Ladwig                                     
        50 Matos                     Landry                                     
        50 Matos                     Mallin                                     
        50 Matos                     Markle                                     

DEPARTMENT EMPLOYEE                  COLLEAGUE                                  
---------- ------------------------- -------------------------                  
        50 Matos                     Marlow                                     
        50 Matos                     McCain                                     
        50 Matos                     Mikkilineni                                
        50 Matos                     Mourgos                                    
        50 Matos                     Nayer                                      
        50 Matos                     OConnell                                   
        50 Matos                     Olson                                      
        50 Matos                     Patel                                      
        50 Matos                     Perkins                                    
        50 Matos                     Philtanker                                 
        50 Matos                     Rajs                                       

DEPARTMENT EMPLOYEE                  COLLEAGUE                                  
---------- ------------------------- -------------------------                  
        50 Matos                     Rogers                                     
        50 Matos                     Sarchand                                   
        50 Matos                     Seo                                        
        50 Matos                     Stiles                                     
        50 Matos                     Sullivan                                   
        50 Matos                     Taylor                                     
        50 Matos                     Vargas                                     
        50 Matos                     Vollman                                    
        50 Matos                     Walsh                                      
        50 Matos                     Weiss                                      
        50 McCain                    Atkinson                                   

DEPARTMENT EMPLOYEE                  COLLEAGUE                                  
---------- ------------------------- -------------------------                  
        50 McCain                    Bell                                       
        50 McCain                    Bissot                                     
        50 McCain                    Bull                                       
        50 McCain                    Cabrio                                     
        50 McCain                    Chung                                      
        50 McCain                    Davies                                     
        50 McCain                    Dellinger                                  
        50 McCain                    Dilly                                      
        50 McCain                    Everett                                    
        50 McCain                    Feeney                                     
        50 McCain                    Fleaur                                     

DEPARTMENT EMPLOYEE                  COLLEAGUE                                  
---------- ------------------------- -------------------------                  
        50 McCain                    Fripp                                      
        50 McCain                    Gates                                      
        50 McCain                    Gee                                        
        50 McCain                    Geoni                                      
        50 McCain                    Grant                                      
        50 McCain                    Jones                                      
        50 McCain                    Kaufling                                   
        50 McCain                    Ladwig                                     
        50 McCain                    Landry                                     
        50 McCain                    Mallin                                     
        50 McCain                    Markle                                     

DEPARTMENT EMPLOYEE                  COLLEAGUE                                  
---------- ------------------------- -------------------------                  
        50 McCain                    Marlow                                     
        50 McCain                    Matos                                      
        50 McCain                    Mikkilineni                                
        50 McCain                    Mourgos                                    
        50 McCain                    Nayer                                      
        50 McCain                    OConnell                                   
        50 McCain                    Olson                                      
        50 McCain                    Patel                                      
        50 McCain                    Perkins                                    
        50 McCain                    Philtanker                                 
        50 McCain                    Rajs                                       

DEPARTMENT EMPLOYEE                  COLLEAGUE                                  
---------- ------------------------- -------------------------                  
        50 McCain                    Rogers                                     
        50 McCain                    Sarchand                                   
        50 McCain                    Seo                                        
        50 McCain                    Stiles                                     
        50 McCain                    Sullivan                                   
        50 McCain                    Taylor                                     
        50 McCain                    Vargas                                     
        50 McCain                    Vollman                                    
        50 McCain                    Walsh                                      
        50 McCain                    Weiss                                      
        50 Mikkilineni               Atkinson                                   

DEPARTMENT EMPLOYEE                  COLLEAGUE                                  
---------- ------------------------- -------------------------                  
        50 Mikkilineni               Bell                                       
        50 Mikkilineni               Bissot                                     
        50 Mikkilineni               Bull                                       
        50 Mikkilineni               Cabrio                                     
        50 Mikkilineni               Chung                                      
        50 Mikkilineni               Davies                                     
        50 Mikkilineni               Dellinger                                  
        50 Mikkilineni               Dilly                                      
        50 Mikkilineni               Everett                                    
        50 Mikkilineni               Feeney                                     
        50 Mikkilineni               Fleaur                                     

DEPARTMENT EMPLOYEE                  COLLEAGUE                                  
---------- ------------------------- -------------------------                  
        50 Mikkilineni               Fripp                                      
        50 Mikkilineni               Gates                                      
        50 Mikkilineni               Gee                                        
        50 Mikkilineni               Geoni                                      
        50 Mikkilineni               Grant                                      
        50 Mikkilineni               Jones                                      
        50 Mikkilineni               Kaufling                                   
        50 Mikkilineni               Ladwig                                     
        50 Mikkilineni               Landry                                     
        50 Mikkilineni               Mallin                                     
        50 Mikkilineni               Markle                                     

DEPARTMENT EMPLOYEE                  COLLEAGUE                                  
---------- ------------------------- -------------------------                  
        50 Mikkilineni               Marlow                                     
        50 Mikkilineni               Matos                                      
        50 Mikkilineni               McCain                                     
        50 Mikkilineni               Mourgos                                    
        50 Mikkilineni               Nayer                                      
        50 Mikkilineni               OConnell                                   
        50 Mikkilineni               Olson                                      
        50 Mikkilineni               Patel                                      
        50 Mikkilineni               Perkins                                    
        50 Mikkilineni               Philtanker                                 
        50 Mikkilineni               Rajs                                       

DEPARTMENT EMPLOYEE                  COLLEAGUE                                  
---------- ------------------------- -------------------------                  
        50 Mikkilineni               Rogers                                     
        50 Mikkilineni               Sarchand                                   
        50 Mikkilineni               Seo                                        
        50 Mikkilineni               Stiles                                     
        50 Mikkilineni               Sullivan                                   
        50 Mikkilineni               Taylor                                     
        50 Mikkilineni               Vargas                                     
        50 Mikkilineni               Vollman                                    
        50 Mikkilineni               Walsh                                      
        50 Mikkilineni               Weiss                                      
        50 Mourgos                   Atkinson                                   

DEPARTMENT EMPLOYEE                  COLLEAGUE                                  
---------- ------------------------- -------------------------                  
        50 Mourgos                   Bell                                       
        50 Mourgos                   Bissot                                     
        50 Mourgos                   Bull                                       
        50 Mourgos                   Cabrio                                     
        50 Mourgos                   Chung                                      
        50 Mourgos                   Davies                                     
        50 Mourgos                   Dellinger                                  
        50 Mourgos                   Dilly                                      
        50 Mourgos                   Everett                                    
        50 Mourgos                   Feeney                                     
        50 Mourgos                   Fleaur                                     

DEPARTMENT EMPLOYEE                  COLLEAGUE                                  
---------- ------------------------- -------------------------                  
        50 Mourgos                   Fripp                                      
        50 Mourgos                   Gates                                      
        50 Mourgos                   Gee                                        
        50 Mourgos                   Geoni                                      
        50 Mourgos                   Grant                                      
        50 Mourgos                   Jones                                      
        50 Mourgos                   Kaufling                                   
        50 Mourgos                   Ladwig                                     
        50 Mourgos                   Landry                                     
        50 Mourgos                   Mallin                                     
        50 Mourgos                   Markle                                     

DEPARTMENT EMPLOYEE                  COLLEAGUE                                  
---------- ------------------------- -------------------------                  
        50 Mourgos                   Marlow                                     
        50 Mourgos                   Matos                                      
        50 Mourgos                   McCain                                     
        50 Mourgos                   Mikkilineni                                
        50 Mourgos                   Nayer                                      
        50 Mourgos                   OConnell                                   
        50 Mourgos                   Olson                                      
        50 Mourgos                   Patel                                      
        50 Mourgos                   Perkins                                    
        50 Mourgos                   Philtanker                                 
        50 Mourgos                   Rajs                                       

DEPARTMENT EMPLOYEE                  COLLEAGUE                                  
---------- ------------------------- -------------------------                  
        50 Mourgos                   Rogers                                     
        50 Mourgos                   Sarchand                                   
        50 Mourgos                   Seo                                        
        50 Mourgos                   Stiles                                     
        50 Mourgos                   Sullivan                                   
        50 Mourgos                   Taylor                                     
        50 Mourgos                   Vargas                                     
        50 Mourgos                   Vollman                                    
        50 Mourgos                   Walsh                                      
        50 Mourgos                   Weiss                                      
        50 Nayer                     Atkinson                                   

DEPARTMENT EMPLOYEE                  COLLEAGUE                                  
---------- ------------------------- -------------------------                  
        50 Nayer                     Bell                                       
        50 Nayer                     Bissot                                     
        50 Nayer                     Bull                                       
        50 Nayer                     Cabrio                                     
        50 Nayer                     Chung                                      
        50 Nayer                     Davies                                     
        50 Nayer                     Dellinger                                  
        50 Nayer                     Dilly                                      
        50 Nayer                     Everett                                    
        50 Nayer                     Feeney                                     
        50 Nayer                     Fleaur                                     

DEPARTMENT EMPLOYEE                  COLLEAGUE                                  
---------- ------------------------- -------------------------                  
        50 Nayer                     Fripp                                      
        50 Nayer                     Gates                                      
        50 Nayer                     Gee                                        
        50 Nayer                     Geoni                                      
        50 Nayer                     Grant                                      
        50 Nayer                     Jones                                      
        50 Nayer                     Kaufling                                   
        50 Nayer                     Ladwig                                     
        50 Nayer                     Landry                                     
        50 Nayer                     Mallin                                     
        50 Nayer                     Markle                                     

DEPARTMENT EMPLOYEE                  COLLEAGUE                                  
---------- ------------------------- -------------------------                  
        50 Nayer                     Marlow                                     
        50 Nayer                     Matos                                      
        50 Nayer                     McCain                                     
        50 Nayer                     Mikkilineni                                
        50 Nayer                     Mourgos                                    
        50 Nayer                     OConnell                                   
        50 Nayer                     Olson                                      
        50 Nayer                     Patel                                      
        50 Nayer                     Perkins                                    
        50 Nayer                     Philtanker                                 
        50 Nayer                     Rajs                                       

DEPARTMENT EMPLOYEE                  COLLEAGUE                                  
---------- ------------------------- -------------------------                  
        50 Nayer                     Rogers                                     
        50 Nayer                     Sarchand                                   
        50 Nayer                     Seo                                        
        50 Nayer                     Stiles                                     
        50 Nayer                     Sullivan                                   
        50 Nayer                     Taylor                                     
        50 Nayer                     Vargas                                     
        50 Nayer                     Vollman                                    
        50 Nayer                     Walsh                                      
        50 Nayer                     Weiss                                      
        50 OConnell                  Atkinson                                   

DEPARTMENT EMPLOYEE                  COLLEAGUE                                  
---------- ------------------------- -------------------------                  
        50 OConnell                  Bell                                       
        50 OConnell                  Bissot                                     
        50 OConnell                  Bull                                       
        50 OConnell                  Cabrio                                     
        50 OConnell                  Chung                                      
        50 OConnell                  Davies                                     
        50 OConnell                  Dellinger                                  
        50 OConnell                  Dilly                                      
        50 OConnell                  Everett                                    
        50 OConnell                  Feeney                                     
        50 OConnell                  Fleaur                                     

DEPARTMENT EMPLOYEE                  COLLEAGUE                                  
---------- ------------------------- -------------------------                  
        50 OConnell                  Fripp                                      
        50 OConnell                  Gates                                      
        50 OConnell                  Gee                                        
        50 OConnell                  Geoni                                      
        50 OConnell                  Grant                                      
        50 OConnell                  Jones                                      
        50 OConnell                  Kaufling                                   
        50 OConnell                  Ladwig                                     
        50 OConnell                  Landry                                     
        50 OConnell                  Mallin                                     
        50 OConnell                  Markle                                     

DEPARTMENT EMPLOYEE                  COLLEAGUE                                  
---------- ------------------------- -------------------------                  
        50 OConnell                  Marlow                                     
        50 OConnell                  Matos                                      
        50 OConnell                  McCain                                     
        50 OConnell                  Mikkilineni                                
        50 OConnell                  Mourgos                                    
        50 OConnell                  Nayer                                      
        50 OConnell                  Olson                                      
        50 OConnell                  Patel                                      
        50 OConnell                  Perkins                                    
        50 OConnell                  Philtanker                                 
        50 OConnell                  Rajs                                       

DEPARTMENT EMPLOYEE                  COLLEAGUE                                  
---------- ------------------------- -------------------------                  
        50 OConnell                  Rogers                                     
        50 OConnell                  Sarchand                                   
        50 OConnell                  Seo                                        
        50 OConnell                  Stiles                                     
        50 OConnell                  Sullivan                                   
        50 OConnell                  Taylor                                     
        50 OConnell                  Vargas                                     
        50 OConnell                  Vollman                                    
        50 OConnell                  Walsh                                      
        50 OConnell                  Weiss                                      
        50 Olson                     Atkinson                                   

DEPARTMENT EMPLOYEE                  COLLEAGUE                                  
---------- ------------------------- -------------------------                  
        50 Olson                     Bell                                       
        50 Olson                     Bissot                                     
        50 Olson                     Bull                                       
        50 Olson                     Cabrio                                     
        50 Olson                     Chung                                      
        50 Olson                     Davies                                     
        50 Olson                     Dellinger                                  
        50 Olson                     Dilly                                      
        50 Olson                     Everett                                    
        50 Olson                     Feeney                                     
        50 Olson                     Fleaur                                     

DEPARTMENT EMPLOYEE                  COLLEAGUE                                  
---------- ------------------------- -------------------------                  
        50 Olson                     Fripp                                      
        50 Olson                     Gates                                      
        50 Olson                     Gee                                        
        50 Olson                     Geoni                                      
        50 Olson                     Grant                                      
        50 Olson                     Jones                                      
        50 Olson                     Kaufling                                   
        50 Olson                     Ladwig                                     
        50 Olson                     Landry                                     
        50 Olson                     Mallin                                     
        50 Olson                     Markle                                     

DEPARTMENT EMPLOYEE                  COLLEAGUE                                  
---------- ------------------------- -------------------------                  
        50 Olson                     Marlow                                     
        50 Olson                     Matos                                      
        50 Olson                     McCain                                     
        50 Olson                     Mikkilineni                                
        50 Olson                     Mourgos                                    
        50 Olson                     Nayer                                      
        50 Olson                     OConnell                                   
        50 Olson                     Patel                                      
        50 Olson                     Perkins                                    
        50 Olson                     Philtanker                                 
        50 Olson                     Rajs                                       

DEPARTMENT EMPLOYEE                  COLLEAGUE                                  
---------- ------------------------- -------------------------                  
        50 Olson                     Rogers                                     
        50 Olson                     Sarchand                                   
        50 Olson                     Seo                                        
        50 Olson                     Stiles                                     
        50 Olson                     Sullivan                                   
        50 Olson                     Taylor                                     
        50 Olson                     Vargas                                     
        50 Olson                     Vollman                                    
        50 Olson                     Walsh                                      
        50 Olson                     Weiss                                      
        50 Patel                     Atkinson                                   

DEPARTMENT EMPLOYEE                  COLLEAGUE                                  
---------- ------------------------- -------------------------                  
        50 Patel                     Bell                                       
        50 Patel                     Bissot                                     
        50 Patel                     Bull                                       
        50 Patel                     Cabrio                                     
        50 Patel                     Chung                                      
        50 Patel                     Davies                                     
        50 Patel                     Dellinger                                  
        50 Patel                     Dilly                                      
        50 Patel                     Everett                                    
        50 Patel                     Feeney                                     
        50 Patel                     Fleaur                                     

DEPARTMENT EMPLOYEE                  COLLEAGUE                                  
---------- ------------------------- -------------------------                  
        50 Patel                     Fripp                                      
        50 Patel                     Gates                                      
        50 Patel                     Gee                                        
        50 Patel                     Geoni                                      
        50 Patel                     Grant                                      
        50 Patel                     Jones                                      
        50 Patel                     Kaufling                                   
        50 Patel                     Ladwig                                     
        50 Patel                     Landry                                     
        50 Patel                     Mallin                                     
        50 Patel                     Markle                                     

DEPARTMENT EMPLOYEE                  COLLEAGUE                                  
---------- ------------------------- -------------------------                  
        50 Patel                     Marlow                                     
        50 Patel                     Matos                                      
        50 Patel                     McCain                                     
        50 Patel                     Mikkilineni                                
        50 Patel                     Mourgos                                    
        50 Patel                     Nayer                                      
        50 Patel                     OConnell                                   
        50 Patel                     Olson                                      
        50 Patel                     Perkins                                    
        50 Patel                     Philtanker                                 
        50 Patel                     Rajs                                       

DEPARTMENT EMPLOYEE                  COLLEAGUE                                  
---------- ------------------------- -------------------------                  
        50 Patel                     Rogers                                     
        50 Patel                     Sarchand                                   
        50 Patel                     Seo                                        
        50 Patel                     Stiles                                     
        50 Patel                     Sullivan                                   
        50 Patel                     Taylor                                     
        50 Patel                     Vargas                                     
        50 Patel                     Vollman                                    
        50 Patel                     Walsh                                      
        50 Patel                     Weiss                                      
        50 Perkins                   Atkinson                                   

DEPARTMENT EMPLOYEE                  COLLEAGUE                                  
---------- ------------------------- -------------------------                  
        50 Perkins                   Bell                                       
        50 Perkins                   Bissot                                     
        50 Perkins                   Bull                                       
        50 Perkins                   Cabrio                                     
        50 Perkins                   Chung                                      
        50 Perkins                   Davies                                     
        50 Perkins                   Dellinger                                  
        50 Perkins                   Dilly                                      
        50 Perkins                   Everett                                    
        50 Perkins                   Feeney                                     
        50 Perkins                   Fleaur                                     

DEPARTMENT EMPLOYEE                  COLLEAGUE                                  
---------- ------------------------- -------------------------                  
        50 Perkins                   Fripp                                      
        50 Perkins                   Gates                                      
        50 Perkins                   Gee                                        
        50 Perkins                   Geoni                                      
        50 Perkins                   Grant                                      
        50 Perkins                   Jones                                      
        50 Perkins                   Kaufling                                   
        50 Perkins                   Ladwig                                     
        50 Perkins                   Landry                                     
        50 Perkins                   Mallin                                     
        50 Perkins                   Markle                                     

DEPARTMENT EMPLOYEE                  COLLEAGUE                                  
---------- ------------------------- -------------------------                  
        50 Perkins                   Marlow                                     
        50 Perkins                   Matos                                      
        50 Perkins                   McCain                                     
        50 Perkins                   Mikkilineni                                
        50 Perkins                   Mourgos                                    
        50 Perkins                   Nayer                                      
        50 Perkins                   OConnell                                   
        50 Perkins                   Olson                                      
        50 Perkins                   Patel                                      
        50 Perkins                   Philtanker                                 
        50 Perkins                   Rajs                                       

DEPARTMENT EMPLOYEE                  COLLEAGUE                                  
---------- ------------------------- -------------------------                  
        50 Perkins                   Rogers                                     
        50 Perkins                   Sarchand                                   
        50 Perkins                   Seo                                        
        50 Perkins                   Stiles                                     
        50 Perkins                   Sullivan                                   
        50 Perkins                   Taylor                                     
        50 Perkins                   Vargas                                     
        50 Perkins                   Vollman                                    
        50 Perkins                   Walsh                                      
        50 Perkins                   Weiss                                      
        50 Philtanker                Atkinson                                   

DEPARTMENT EMPLOYEE                  COLLEAGUE                                  
---------- ------------------------- -------------------------                  
        50 Philtanker                Bell                                       
        50 Philtanker                Bissot                                     
        50 Philtanker                Bull                                       
        50 Philtanker                Cabrio                                     
        50 Philtanker                Chung                                      
        50 Philtanker                Davies                                     
        50 Philtanker                Dellinger                                  
        50 Philtanker                Dilly                                      
        50 Philtanker                Everett                                    
        50 Philtanker                Feeney                                     
        50 Philtanker                Fleaur                                     

DEPARTMENT EMPLOYEE                  COLLEAGUE                                  
---------- ------------------------- -------------------------                  
        50 Philtanker                Fripp                                      
        50 Philtanker                Gates                                      
        50 Philtanker                Gee                                        
        50 Philtanker                Geoni                                      
        50 Philtanker                Grant                                      
        50 Philtanker                Jones                                      
        50 Philtanker                Kaufling                                   
        50 Philtanker                Ladwig                                     
        50 Philtanker                Landry                                     
        50 Philtanker                Mallin                                     
        50 Philtanker                Markle                                     

DEPARTMENT EMPLOYEE                  COLLEAGUE                                  
---------- ------------------------- -------------------------                  
        50 Philtanker                Marlow                                     
        50 Philtanker                Matos                                      
        50 Philtanker                McCain                                     
        50 Philtanker                Mikkilineni                                
        50 Philtanker                Mourgos                                    
        50 Philtanker                Nayer                                      
        50 Philtanker                OConnell                                   
        50 Philtanker                Olson                                      
        50 Philtanker                Patel                                      
        50 Philtanker                Perkins                                    
        50 Philtanker                Rajs                                       

DEPARTMENT EMPLOYEE                  COLLEAGUE                                  
---------- ------------------------- -------------------------                  
        50 Philtanker                Rogers                                     
        50 Philtanker                Sarchand                                   
        50 Philtanker                Seo                                        
        50 Philtanker                Stiles                                     
        50 Philtanker                Sullivan                                   
        50 Philtanker                Taylor                                     
        50 Philtanker                Vargas                                     
        50 Philtanker                Vollman                                    
        50 Philtanker                Walsh                                      
        50 Philtanker                Weiss                                      
        50 Rajs                      Atkinson                                   

DEPARTMENT EMPLOYEE                  COLLEAGUE                                  
---------- ------------------------- -------------------------                  
        50 Rajs                      Bell                                       
        50 Rajs                      Bissot                                     
        50 Rajs                      Bull                                       
        50 Rajs                      Cabrio                                     
        50 Rajs                      Chung                                      
        50 Rajs                      Davies                                     
        50 Rajs                      Dellinger                                  
        50 Rajs                      Dilly                                      
        50 Rajs                      Everett                                    
        50 Rajs                      Feeney                                     
        50 Rajs                      Fleaur                                     

DEPARTMENT EMPLOYEE                  COLLEAGUE                                  
---------- ------------------------- -------------------------                  
        50 Rajs                      Fripp                                      
        50 Rajs                      Gates                                      
        50 Rajs                      Gee                                        
        50 Rajs                      Geoni                                      
        50 Rajs                      Grant                                      
        50 Rajs                      Jones                                      
        50 Rajs                      Kaufling                                   
        50 Rajs                      Ladwig                                     
        50 Rajs                      Landry                                     
        50 Rajs                      Mallin                                     
        50 Rajs                      Markle                                     

DEPARTMENT EMPLOYEE                  COLLEAGUE                                  
---------- ------------------------- -------------------------                  
        50 Rajs                      Marlow                                     
        50 Rajs                      Matos                                      
        50 Rajs                      McCain                                     
        50 Rajs                      Mikkilineni                                
        50 Rajs                      Mourgos                                    
        50 Rajs                      Nayer                                      
        50 Rajs                      OConnell                                   
        50 Rajs                      Olson                                      
        50 Rajs                      Patel                                      
        50 Rajs                      Perkins                                    
        50 Rajs                      Philtanker                                 

DEPARTMENT EMPLOYEE                  COLLEAGUE                                  
---------- ------------------------- -------------------------                  
        50 Rajs                      Rogers                                     
        50 Rajs                      Sarchand                                   
        50 Rajs                      Seo                                        
        50 Rajs                      Stiles                                     
        50 Rajs                      Sullivan                                   
        50 Rajs                      Taylor                                     
        50 Rajs                      Vargas                                     
        50 Rajs                      Vollman                                    
        50 Rajs                      Walsh                                      
        50 Rajs                      Weiss                                      
        50 Rogers                    Atkinson                                   

DEPARTMENT EMPLOYEE                  COLLEAGUE                                  
---------- ------------------------- -------------------------                  
        50 Rogers                    Bell                                       
        50 Rogers                    Bissot                                     
        50 Rogers                    Bull                                       
        50 Rogers                    Cabrio                                     
        50 Rogers                    Chung                                      
        50 Rogers                    Davies                                     
        50 Rogers                    Dellinger                                  
        50 Rogers                    Dilly                                      
        50 Rogers                    Everett                                    
        50 Rogers                    Feeney                                     
        50 Rogers                    Fleaur                                     

DEPARTMENT EMPLOYEE                  COLLEAGUE                                  
---------- ------------------------- -------------------------                  
        50 Rogers                    Fripp                                      
        50 Rogers                    Gates                                      
        50 Rogers                    Gee                                        
        50 Rogers                    Geoni                                      
        50 Rogers                    Grant                                      
        50 Rogers                    Jones                                      
        50 Rogers                    Kaufling                                   
        50 Rogers                    Ladwig                                     
        50 Rogers                    Landry                                     
        50 Rogers                    Mallin                                     
        50 Rogers                    Markle                                     

DEPARTMENT EMPLOYEE                  COLLEAGUE                                  
---------- ------------------------- -------------------------                  
        50 Rogers                    Marlow                                     
        50 Rogers                    Matos                                      
        50 Rogers                    McCain                                     
        50 Rogers                    Mikkilineni                                
        50 Rogers                    Mourgos                                    
        50 Rogers                    Nayer                                      
        50 Rogers                    OConnell                                   
        50 Rogers                    Olson                                      
        50 Rogers                    Patel                                      
        50 Rogers                    Perkins                                    
        50 Rogers                    Philtanker                                 

DEPARTMENT EMPLOYEE                  COLLEAGUE                                  
---------- ------------------------- -------------------------                  
        50 Rogers                    Rajs                                       
        50 Rogers                    Sarchand                                   
        50 Rogers                    Seo                                        
        50 Rogers                    Stiles                                     
        50 Rogers                    Sullivan                                   
        50 Rogers                    Taylor                                     
        50 Rogers                    Vargas                                     
        50 Rogers                    Vollman                                    
        50 Rogers                    Walsh                                      
        50 Rogers                    Weiss                                      
        50 Sarchand                  Atkinson                                   

DEPARTMENT EMPLOYEE                  COLLEAGUE                                  
---------- ------------------------- -------------------------                  
        50 Sarchand                  Bell                                       
        50 Sarchand                  Bissot                                     
        50 Sarchand                  Bull                                       
        50 Sarchand                  Cabrio                                     
        50 Sarchand                  Chung                                      
        50 Sarchand                  Davies                                     
        50 Sarchand                  Dellinger                                  
        50 Sarchand                  Dilly                                      
        50 Sarchand                  Everett                                    
        50 Sarchand                  Feeney                                     
        50 Sarchand                  Fleaur                                     

DEPARTMENT EMPLOYEE                  COLLEAGUE                                  
---------- ------------------------- -------------------------                  
        50 Sarchand                  Fripp                                      
        50 Sarchand                  Gates                                      
        50 Sarchand                  Gee                                        
        50 Sarchand                  Geoni                                      
        50 Sarchand                  Grant                                      
        50 Sarchand                  Jones                                      
        50 Sarchand                  Kaufling                                   
        50 Sarchand                  Ladwig                                     
        50 Sarchand                  Landry                                     
        50 Sarchand                  Mallin                                     
        50 Sarchand                  Markle                                     

DEPARTMENT EMPLOYEE                  COLLEAGUE                                  
---------- ------------------------- -------------------------                  
        50 Sarchand                  Marlow                                     
        50 Sarchand                  Matos                                      
        50 Sarchand                  McCain                                     
        50 Sarchand                  Mikkilineni                                
        50 Sarchand                  Mourgos                                    
        50 Sarchand                  Nayer                                      
        50 Sarchand                  OConnell                                   
        50 Sarchand                  Olson                                      
        50 Sarchand                  Patel                                      
        50 Sarchand                  Perkins                                    
        50 Sarchand                  Philtanker                                 

DEPARTMENT EMPLOYEE                  COLLEAGUE                                  
---------- ------------------------- -------------------------                  
        50 Sarchand                  Rajs                                       
        50 Sarchand                  Rogers                                     
        50 Sarchand                  Seo                                        
        50 Sarchand                  Stiles                                     
        50 Sarchand                  Sullivan                                   
        50 Sarchand                  Taylor                                     
        50 Sarchand                  Vargas                                     
        50 Sarchand                  Vollman                                    
        50 Sarchand                  Walsh                                      
        50 Sarchand                  Weiss                                      
        50 Seo                       Atkinson                                   

DEPARTMENT EMPLOYEE                  COLLEAGUE                                  
---------- ------------------------- -------------------------                  
        50 Seo                       Bell                                       
        50 Seo                       Bissot                                     
        50 Seo                       Bull                                       
        50 Seo                       Cabrio                                     
        50 Seo                       Chung                                      
        50 Seo                       Davies                                     
        50 Seo                       Dellinger                                  
        50 Seo                       Dilly                                      
        50 Seo                       Everett                                    
        50 Seo                       Feeney                                     
        50 Seo                       Fleaur                                     

DEPARTMENT EMPLOYEE                  COLLEAGUE                                  
---------- ------------------------- -------------------------                  
        50 Seo                       Fripp                                      
        50 Seo                       Gates                                      
        50 Seo                       Gee                                        
        50 Seo                       Geoni                                      
        50 Seo                       Grant                                      
        50 Seo                       Jones                                      
        50 Seo                       Kaufling                                   
        50 Seo                       Ladwig                                     
        50 Seo                       Landry                                     
        50 Seo                       Mallin                                     
        50 Seo                       Markle                                     

DEPARTMENT EMPLOYEE                  COLLEAGUE                                  
---------- ------------------------- -------------------------                  
        50 Seo                       Marlow                                     
        50 Seo                       Matos                                      
        50 Seo                       McCain                                     
        50 Seo                       Mikkilineni                                
        50 Seo                       Mourgos                                    
        50 Seo                       Nayer                                      
        50 Seo                       OConnell                                   
        50 Seo                       Olson                                      
        50 Seo                       Patel                                      
        50 Seo                       Perkins                                    
        50 Seo                       Philtanker                                 

DEPARTMENT EMPLOYEE                  COLLEAGUE                                  
---------- ------------------------- -------------------------                  
        50 Seo                       Rajs                                       
        50 Seo                       Rogers                                     
        50 Seo                       Sarchand                                   
        50 Seo                       Stiles                                     
        50 Seo                       Sullivan                                   
        50 Seo                       Taylor                                     
        50 Seo                       Vargas                                     
        50 Seo                       Vollman                                    
        50 Seo                       Walsh                                      
        50 Seo                       Weiss                                      
        50 Stiles                    Atkinson                                   

DEPARTMENT EMPLOYEE                  COLLEAGUE                                  
---------- ------------------------- -------------------------                  
        50 Stiles                    Bell                                       
        50 Stiles                    Bissot                                     
        50 Stiles                    Bull                                       
        50 Stiles                    Cabrio                                     
        50 Stiles                    Chung                                      
        50 Stiles                    Davies                                     
        50 Stiles                    Dellinger                                  
        50 Stiles                    Dilly                                      
        50 Stiles                    Everett                                    
        50 Stiles                    Feeney                                     
        50 Stiles                    Fleaur                                     

DEPARTMENT EMPLOYEE                  COLLEAGUE                                  
---------- ------------------------- -------------------------                  
        50 Stiles                    Fripp                                      
        50 Stiles                    Gates                                      
        50 Stiles                    Gee                                        
        50 Stiles                    Geoni                                      
        50 Stiles                    Grant                                      
        50 Stiles                    Jones                                      
        50 Stiles                    Kaufling                                   
        50 Stiles                    Ladwig                                     
        50 Stiles                    Landry                                     
        50 Stiles                    Mallin                                     
        50 Stiles                    Markle                                     

DEPARTMENT EMPLOYEE                  COLLEAGUE                                  
---------- ------------------------- -------------------------                  
        50 Stiles                    Marlow                                     
        50 Stiles                    Matos                                      
        50 Stiles                    McCain                                     
        50 Stiles                    Mikkilineni                                
        50 Stiles                    Mourgos                                    
        50 Stiles                    Nayer                                      
        50 Stiles                    OConnell                                   
        50 Stiles                    Olson                                      
        50 Stiles                    Patel                                      
        50 Stiles                    Perkins                                    
        50 Stiles                    Philtanker                                 

DEPARTMENT EMPLOYEE                  COLLEAGUE                                  
---------- ------------------------- -------------------------                  
        50 Stiles                    Rajs                                       
        50 Stiles                    Rogers                                     
        50 Stiles                    Sarchand                                   
        50 Stiles                    Seo                                        
        50 Stiles                    Sullivan                                   
        50 Stiles                    Taylor                                     
        50 Stiles                    Vargas                                     
        50 Stiles                    Vollman                                    
        50 Stiles                    Walsh                                      
        50 Stiles                    Weiss                                      
        50 Sullivan                  Atkinson                                   

DEPARTMENT EMPLOYEE                  COLLEAGUE                                  
---------- ------------------------- -------------------------                  
        50 Sullivan                  Bell                                       
        50 Sullivan                  Bissot                                     
        50 Sullivan                  Bull                                       
        50 Sullivan                  Cabrio                                     
        50 Sullivan                  Chung                                      
        50 Sullivan                  Davies                                     
        50 Sullivan                  Dellinger                                  
        50 Sullivan                  Dilly                                      
        50 Sullivan                  Everett                                    
        50 Sullivan                  Feeney                                     
        50 Sullivan                  Fleaur                                     

DEPARTMENT EMPLOYEE                  COLLEAGUE                                  
---------- ------------------------- -------------------------                  
        50 Sullivan                  Fripp                                      
        50 Sullivan                  Gates                                      
        50 Sullivan                  Gee                                        
        50 Sullivan                  Geoni                                      
        50 Sullivan                  Grant                                      
        50 Sullivan                  Jones                                      
        50 Sullivan                  Kaufling                                   
        50 Sullivan                  Ladwig                                     
        50 Sullivan                  Landry                                     
        50 Sullivan                  Mallin                                     
        50 Sullivan                  Markle                                     

DEPARTMENT EMPLOYEE                  COLLEAGUE                                  
---------- ------------------------- -------------------------                  
        50 Sullivan                  Marlow                                     
        50 Sullivan                  Matos                                      
        50 Sullivan                  McCain                                     
        50 Sullivan                  Mikkilineni                                
        50 Sullivan                  Mourgos                                    
        50 Sullivan                  Nayer                                      
        50 Sullivan                  OConnell                                   
        50 Sullivan                  Olson                                      
        50 Sullivan                  Patel                                      
        50 Sullivan                  Perkins                                    
        50 Sullivan                  Philtanker                                 

DEPARTMENT EMPLOYEE                  COLLEAGUE                                  
---------- ------------------------- -------------------------                  
        50 Sullivan                  Rajs                                       
        50 Sullivan                  Rogers                                     
        50 Sullivan                  Sarchand                                   
        50 Sullivan                  Seo                                        
        50 Sullivan                  Stiles                                     
        50 Sullivan                  Taylor                                     
        50 Sullivan                  Vargas                                     
        50 Sullivan                  Vollman                                    
        50 Sullivan                  Walsh                                      
        50 Sullivan                  Weiss                                      
        50 Taylor                    Atkinson                                   

DEPARTMENT EMPLOYEE                  COLLEAGUE                                  
---------- ------------------------- -------------------------                  
        50 Taylor                    Bell                                       
        50 Taylor                    Bissot                                     
        50 Taylor                    Bull                                       
        50 Taylor                    Cabrio                                     
        50 Taylor                    Chung                                      
        50 Taylor                    Davies                                     
        50 Taylor                    Dellinger                                  
        50 Taylor                    Dilly                                      
        50 Taylor                    Everett                                    
        50 Taylor                    Feeney                                     
        50 Taylor                    Fleaur                                     

DEPARTMENT EMPLOYEE                  COLLEAGUE                                  
---------- ------------------------- -------------------------                  
        50 Taylor                    Fripp                                      
        50 Taylor                    Gates                                      
        50 Taylor                    Gee                                        
        50 Taylor                    Geoni                                      
        50 Taylor                    Grant                                      
        50 Taylor                    Jones                                      
        50 Taylor                    Kaufling                                   
        50 Taylor                    Ladwig                                     
        50 Taylor                    Landry                                     
        50 Taylor                    Mallin                                     
        50 Taylor                    Markle                                     

DEPARTMENT EMPLOYEE                  COLLEAGUE                                  
---------- ------------------------- -------------------------                  
        50 Taylor                    Marlow                                     
        50 Taylor                    Matos                                      
        50 Taylor                    McCain                                     
        50 Taylor                    Mikkilineni                                
        50 Taylor                    Mourgos                                    
        50 Taylor                    Nayer                                      
        50 Taylor                    OConnell                                   
        50 Taylor                    Olson                                      
        50 Taylor                    Patel                                      
        50 Taylor                    Perkins                                    
        50 Taylor                    Philtanker                                 

DEPARTMENT EMPLOYEE                  COLLEAGUE                                  
---------- ------------------------- -------------------------                  
        50 Taylor                    Rajs                                       
        50 Taylor                    Rogers                                     
        50 Taylor                    Sarchand                                   
        50 Taylor                    Seo                                        
        50 Taylor                    Stiles                                     
        50 Taylor                    Sullivan                                   
        50 Taylor                    Vargas                                     
        50 Taylor                    Vollman                                    
        50 Taylor                    Walsh                                      
        50 Taylor                    Weiss                                      
        50 Vargas                    Atkinson                                   

DEPARTMENT EMPLOYEE                  COLLEAGUE                                  
---------- ------------------------- -------------------------                  
        50 Vargas                    Bell                                       
        50 Vargas                    Bissot                                     
        50 Vargas                    Bull                                       
        50 Vargas                    Cabrio                                     
        50 Vargas                    Chung                                      
        50 Vargas                    Davies                                     
        50 Vargas                    Dellinger                                  
        50 Vargas                    Dilly                                      
        50 Vargas                    Everett                                    
        50 Vargas                    Feeney                                     
        50 Vargas                    Fleaur                                     

DEPARTMENT EMPLOYEE                  COLLEAGUE                                  
---------- ------------------------- -------------------------                  
        50 Vargas                    Fripp                                      
        50 Vargas                    Gates                                      
        50 Vargas                    Gee                                        
        50 Vargas                    Geoni                                      
        50 Vargas                    Grant                                      
        50 Vargas                    Jones                                      
        50 Vargas                    Kaufling                                   
        50 Vargas                    Ladwig                                     
        50 Vargas                    Landry                                     
        50 Vargas                    Mallin                                     
        50 Vargas                    Markle                                     

DEPARTMENT EMPLOYEE                  COLLEAGUE                                  
---------- ------------------------- -------------------------                  
        50 Vargas                    Marlow                                     
        50 Vargas                    Matos                                      
        50 Vargas                    McCain                                     
        50 Vargas                    Mikkilineni                                
        50 Vargas                    Mourgos                                    
        50 Vargas                    Nayer                                      
        50 Vargas                    OConnell                                   
        50 Vargas                    Olson                                      
        50 Vargas                    Patel                                      
        50 Vargas                    Perkins                                    
        50 Vargas                    Philtanker                                 

DEPARTMENT EMPLOYEE                  COLLEAGUE                                  
---------- ------------------------- -------------------------                  
        50 Vargas                    Rajs                                       
        50 Vargas                    Rogers                                     
        50 Vargas                    Sarchand                                   
        50 Vargas                    Seo                                        
        50 Vargas                    Stiles                                     
        50 Vargas                    Sullivan                                   
        50 Vargas                    Taylor                                     
        50 Vargas                    Vollman                                    
        50 Vargas                    Walsh                                      
        50 Vargas                    Weiss                                      
        50 Vollman                   Atkinson                                   

DEPARTMENT EMPLOYEE                  COLLEAGUE                                  
---------- ------------------------- -------------------------                  
        50 Vollman                   Bell                                       
        50 Vollman                   Bissot                                     
        50 Vollman                   Bull                                       
        50 Vollman                   Cabrio                                     
        50 Vollman                   Chung                                      
        50 Vollman                   Davies                                     
        50 Vollman                   Dellinger                                  
        50 Vollman                   Dilly                                      
        50 Vollman                   Everett                                    
        50 Vollman                   Feeney                                     
        50 Vollman                   Fleaur                                     

DEPARTMENT EMPLOYEE                  COLLEAGUE                                  
---------- ------------------------- -------------------------                  
        50 Vollman                   Fripp                                      
        50 Vollman                   Gates                                      
        50 Vollman                   Gee                                        
        50 Vollman                   Geoni                                      
        50 Vollman                   Grant                                      
        50 Vollman                   Jones                                      
        50 Vollman                   Kaufling                                   
        50 Vollman                   Ladwig                                     
        50 Vollman                   Landry                                     
        50 Vollman                   Mallin                                     
        50 Vollman                   Markle                                     

DEPARTMENT EMPLOYEE                  COLLEAGUE                                  
---------- ------------------------- -------------------------                  
        50 Vollman                   Marlow                                     
        50 Vollman                   Matos                                      
        50 Vollman                   McCain                                     
        50 Vollman                   Mikkilineni                                
        50 Vollman                   Mourgos                                    
        50 Vollman                   Nayer                                      
        50 Vollman                   OConnell                                   
        50 Vollman                   Olson                                      
        50 Vollman                   Patel                                      
        50 Vollman                   Perkins                                    
        50 Vollman                   Philtanker                                 

DEPARTMENT EMPLOYEE                  COLLEAGUE                                  
---------- ------------------------- -------------------------                  
        50 Vollman                   Rajs                                       
        50 Vollman                   Rogers                                     
        50 Vollman                   Sarchand                                   
        50 Vollman                   Seo                                        
        50 Vollman                   Stiles                                     
        50 Vollman                   Sullivan                                   
        50 Vollman                   Taylor                                     
        50 Vollman                   Vargas                                     
        50 Vollman                   Walsh                                      
        50 Vollman                   Weiss                                      
        50 Walsh                     Atkinson                                   

DEPARTMENT EMPLOYEE                  COLLEAGUE                                  
---------- ------------------------- -------------------------                  
        50 Walsh                     Bell                                       
        50 Walsh                     Bissot                                     
        50 Walsh                     Bull                                       
        50 Walsh                     Cabrio                                     
        50 Walsh                     Chung                                      
        50 Walsh                     Davies                                     
        50 Walsh                     Dellinger                                  
        50 Walsh                     Dilly                                      
        50 Walsh                     Everett                                    
        50 Walsh                     Feeney                                     
        50 Walsh                     Fleaur                                     

DEPARTMENT EMPLOYEE                  COLLEAGUE                                  
---------- ------------------------- -------------------------                  
        50 Walsh                     Fripp                                      
        50 Walsh                     Gates                                      
        50 Walsh                     Gee                                        
        50 Walsh                     Geoni                                      
        50 Walsh                     Grant                                      
        50 Walsh                     Jones                                      
        50 Walsh                     Kaufling                                   
        50 Walsh                     Ladwig                                     
        50 Walsh                     Landry                                     
        50 Walsh                     Mallin                                     
        50 Walsh                     Markle                                     

DEPARTMENT EMPLOYEE                  COLLEAGUE                                  
---------- ------------------------- -------------------------                  
        50 Walsh                     Marlow                                     
        50 Walsh                     Matos                                      
        50 Walsh                     McCain                                     
        50 Walsh                     Mikkilineni                                
        50 Walsh                     Mourgos                                    
        50 Walsh                     Nayer                                      
        50 Walsh                     OConnell                                   
        50 Walsh                     Olson                                      
        50 Walsh                     Patel                                      
        50 Walsh                     Perkins                                    
        50 Walsh                     Philtanker                                 

DEPARTMENT EMPLOYEE                  COLLEAGUE                                  
---------- ------------------------- -------------------------                  
        50 Walsh                     Rajs                                       
        50 Walsh                     Rogers                                     
        50 Walsh                     Sarchand                                   
        50 Walsh                     Seo                                        
        50 Walsh                     Stiles                                     
        50 Walsh                     Sullivan                                   
        50 Walsh                     Taylor                                     
        50 Walsh                     Vargas                                     
        50 Walsh                     Vollman                                    
        50 Walsh                     Weiss                                      
        50 Weiss                     Atkinson                                   

DEPARTMENT EMPLOYEE                  COLLEAGUE                                  
---------- ------------------------- -------------------------                  
        50 Weiss                     Bell                                       
        50 Weiss                     Bissot                                     
        50 Weiss                     Bull                                       
        50 Weiss                     Cabrio                                     
        50 Weiss                     Chung                                      
        50 Weiss                     Davies                                     
        50 Weiss                     Dellinger                                  
        50 Weiss                     Dilly                                      
        50 Weiss                     Everett                                    
        50 Weiss                     Feeney                                     
        50 Weiss                     Fleaur                                     

DEPARTMENT EMPLOYEE                  COLLEAGUE                                  
---------- ------------------------- -------------------------                  
        50 Weiss                     Fripp                                      
        50 Weiss                     Gates                                      
        50 Weiss                     Gee                                        
        50 Weiss                     Geoni                                      
        50 Weiss                     Grant                                      
        50 Weiss                     Jones                                      
        50 Weiss                     Kaufling                                   
        50 Weiss                     Ladwig                                     
        50 Weiss                     Landry                                     
        50 Weiss                     Mallin                                     
        50 Weiss                     Markle                                     

DEPARTMENT EMPLOYEE                  COLLEAGUE                                  
---------- ------------------------- -------------------------                  
        50 Weiss                     Marlow                                     
        50 Weiss                     Matos                                      
        50 Weiss                     McCain                                     
        50 Weiss                     Mikkilineni                                
        50 Weiss                     Mourgos                                    
        50 Weiss                     Nayer                                      
        50 Weiss                     OConnell                                   
        50 Weiss                     Olson                                      
        50 Weiss                     Patel                                      
        50 Weiss                     Perkins                                    
        50 Weiss                     Philtanker                                 

DEPARTMENT EMPLOYEE                  COLLEAGUE                                  
---------- ------------------------- -------------------------                  
        50 Weiss                     Rajs                                       
        50 Weiss                     Rogers                                     
        50 Weiss                     Sarchand                                   
        50 Weiss                     Seo                                        
        50 Weiss                     Stiles                                     
        50 Weiss                     Sullivan                                   
        50 Weiss                     Taylor                                     
        50 Weiss                     Vargas                                     
        50 Weiss                     Vollman                                    
        50 Weiss                     Walsh                                      
        60 Austin                    Ernst                                      

DEPARTMENT EMPLOYEE                  COLLEAGUE                                  
---------- ------------------------- -------------------------                  
        60 Austin                    Hunold                                     
        60 Austin                    Lorentz                                    
        60 Austin                    Pataballa                                  
        60 Ernst                     Austin                                     
        60 Ernst                     Hunold                                     
        60 Ernst                     Lorentz                                    
        60 Ernst                     Pataballa                                  
        60 Hunold                    Austin                                     
        60 Hunold                    Ernst                                      
        60 Hunold                    Lorentz                                    
        60 Hunold                    Pataballa                                  

DEPARTMENT EMPLOYEE                  COLLEAGUE                                  
---------- ------------------------- -------------------------                  
        60 Lorentz                   Austin                                     
        60 Lorentz                   Ernst                                      
        60 Lorentz                   Hunold                                     
        60 Lorentz                   Pataballa                                  
        60 Pataballa                 Austin                                     
        60 Pataballa                 Ernst                                      
        60 Pataballa                 Hunold                                     
        60 Pataballa                 Lorentz                                    
        80 Abel                      Ande                                       
        80 Abel                      Banda                                      
        80 Abel                      Bates                                      

DEPARTMENT EMPLOYEE                  COLLEAGUE                                  
---------- ------------------------- -------------------------                  
        80 Abel                      Bernstein                                  
        80 Abel                      Bloom                                      
        80 Abel                      Cambrault                                  
        80 Abel                      Cambrault                                  
        80 Abel                      Doran                                      
        80 Abel                      Errazuriz                                  
        80 Abel                      Fox                                        
        80 Abel                      Greene                                     
        80 Abel                      Hall                                       
        80 Abel                      Hutton                                     
        80 Abel                      Johnson                                    

DEPARTMENT EMPLOYEE                  COLLEAGUE                                  
---------- ------------------------- -------------------------                  
        80 Abel                      King                                       
        80 Abel                      Kumar                                      
        80 Abel                      Lee                                        
        80 Abel                      Livingston                                 
        80 Abel                      Marvins                                    
        80 Abel                      McEwen                                     
        80 Abel                      Olsen                                      
        80 Abel                      Ozer                                       
        80 Abel                      Partners                                   
        80 Abel                      Russell                                    
        80 Abel                      Sewall                                     

DEPARTMENT EMPLOYEE                  COLLEAGUE                                  
---------- ------------------------- -------------------------                  
        80 Abel                      Smith                                      
        80 Abel                      Smith                                      
        80 Abel                      Sully                                      
        80 Abel                      Taylor                                     
        80 Abel                      Tucker                                     
        80 Abel                      Tuvault                                    
        80 Abel                      Vishney                                    
        80 Abel                      Zlotkey                                    
        80 Ande                      Abel                                       
        80 Ande                      Banda                                      
        80 Ande                      Bates                                      

DEPARTMENT EMPLOYEE                  COLLEAGUE                                  
---------- ------------------------- -------------------------                  
        80 Ande                      Bernstein                                  
        80 Ande                      Bloom                                      
        80 Ande                      Cambrault                                  
        80 Ande                      Cambrault                                  
        80 Ande                      Doran                                      
        80 Ande                      Errazuriz                                  
        80 Ande                      Fox                                        
        80 Ande                      Greene                                     
        80 Ande                      Hall                                       
        80 Ande                      Hutton                                     
        80 Ande                      Johnson                                    

DEPARTMENT EMPLOYEE                  COLLEAGUE                                  
---------- ------------------------- -------------------------                  
        80 Ande                      King                                       
        80 Ande                      Kumar                                      
        80 Ande                      Lee                                        
        80 Ande                      Livingston                                 
        80 Ande                      Marvins                                    
        80 Ande                      McEwen                                     
        80 Ande                      Olsen                                      
        80 Ande                      Ozer                                       
        80 Ande                      Partners                                   
        80 Ande                      Russell                                    
        80 Ande                      Sewall                                     

DEPARTMENT EMPLOYEE                  COLLEAGUE                                  
---------- ------------------------- -------------------------                  
        80 Ande                      Smith                                      
        80 Ande                      Smith                                      
        80 Ande                      Sully                                      
        80 Ande                      Taylor                                     
        80 Ande                      Tucker                                     
        80 Ande                      Tuvault                                    
        80 Ande                      Vishney                                    
        80 Ande                      Zlotkey                                    
        80 Banda                     Abel                                       
        80 Banda                     Ande                                       
        80 Banda                     Bates                                      

DEPARTMENT EMPLOYEE                  COLLEAGUE                                  
---------- ------------------------- -------------------------                  
        80 Banda                     Bernstein                                  
        80 Banda                     Bloom                                      
        80 Banda                     Cambrault                                  
        80 Banda                     Cambrault                                  
        80 Banda                     Doran                                      
        80 Banda                     Errazuriz                                  
        80 Banda                     Fox                                        
        80 Banda                     Greene                                     
        80 Banda                     Hall                                       
        80 Banda                     Hutton                                     
        80 Banda                     Johnson                                    

DEPARTMENT EMPLOYEE                  COLLEAGUE                                  
---------- ------------------------- -------------------------                  
        80 Banda                     King                                       
        80 Banda                     Kumar                                      
        80 Banda                     Lee                                        
        80 Banda                     Livingston                                 
        80 Banda                     Marvins                                    
        80 Banda                     McEwen                                     
        80 Banda                     Olsen                                      
        80 Banda                     Ozer                                       
        80 Banda                     Partners                                   
        80 Banda                     Russell                                    
        80 Banda                     Sewall                                     

DEPARTMENT EMPLOYEE                  COLLEAGUE                                  
---------- ------------------------- -------------------------                  
        80 Banda                     Smith                                      
        80 Banda                     Smith                                      
        80 Banda                     Sully                                      
        80 Banda                     Taylor                                     
        80 Banda                     Tucker                                     
        80 Banda                     Tuvault                                    
        80 Banda                     Vishney                                    
        80 Banda                     Zlotkey                                    
        80 Bates                     Abel                                       
        80 Bates                     Ande                                       
        80 Bates                     Banda                                      

DEPARTMENT EMPLOYEE                  COLLEAGUE                                  
---------- ------------------------- -------------------------                  
        80 Bates                     Bernstein                                  
        80 Bates                     Bloom                                      
        80 Bates                     Cambrault                                  
        80 Bates                     Cambrault                                  
        80 Bates                     Doran                                      
        80 Bates                     Errazuriz                                  
        80 Bates                     Fox                                        
        80 Bates                     Greene                                     
        80 Bates                     Hall                                       
        80 Bates                     Hutton                                     
        80 Bates                     Johnson                                    

DEPARTMENT EMPLOYEE                  COLLEAGUE                                  
---------- ------------------------- -------------------------                  
        80 Bates                     King                                       
        80 Bates                     Kumar                                      
        80 Bates                     Lee                                        
        80 Bates                     Livingston                                 
        80 Bates                     Marvins                                    
        80 Bates                     McEwen                                     
        80 Bates                     Olsen                                      
        80 Bates                     Ozer                                       
        80 Bates                     Partners                                   
        80 Bates                     Russell                                    
        80 Bates                     Sewall                                     

DEPARTMENT EMPLOYEE                  COLLEAGUE                                  
---------- ------------------------- -------------------------                  
        80 Bates                     Smith                                      
        80 Bates                     Smith                                      
        80 Bates                     Sully                                      
        80 Bates                     Taylor                                     
        80 Bates                     Tucker                                     
        80 Bates                     Tuvault                                    
        80 Bates                     Vishney                                    
        80 Bates                     Zlotkey                                    
        80 Bernstein                 Abel                                       
        80 Bernstein                 Ande                                       
        80 Bernstein                 Banda                                      

DEPARTMENT EMPLOYEE                  COLLEAGUE                                  
---------- ------------------------- -------------------------                  
        80 Bernstein                 Bates                                      
        80 Bernstein                 Bloom                                      
        80 Bernstein                 Cambrault                                  
        80 Bernstein                 Cambrault                                  
        80 Bernstein                 Doran                                      
        80 Bernstein                 Errazuriz                                  
        80 Bernstein                 Fox                                        
        80 Bernstein                 Greene                                     
        80 Bernstein                 Hall                                       
        80 Bernstein                 Hutton                                     
        80 Bernstein                 Johnson                                    

DEPARTMENT EMPLOYEE                  COLLEAGUE                                  
---------- ------------------------- -------------------------                  
        80 Bernstein                 King                                       
        80 Bernstein                 Kumar                                      
        80 Bernstein                 Lee                                        
        80 Bernstein                 Livingston                                 
        80 Bernstein                 Marvins                                    
        80 Bernstein                 McEwen                                     
        80 Bernstein                 Olsen                                      
        80 Bernstein                 Ozer                                       
        80 Bernstein                 Partners                                   
        80 Bernstein                 Russell                                    
        80 Bernstein                 Sewall                                     

DEPARTMENT EMPLOYEE                  COLLEAGUE                                  
---------- ------------------------- -------------------------                  
        80 Bernstein                 Smith                                      
        80 Bernstein                 Smith                                      
        80 Bernstein                 Sully                                      
        80 Bernstein                 Taylor                                     
        80 Bernstein                 Tucker                                     
        80 Bernstein                 Tuvault                                    
        80 Bernstein                 Vishney                                    
        80 Bernstein                 Zlotkey                                    
        80 Bloom                     Abel                                       
        80 Bloom                     Ande                                       
        80 Bloom                     Banda                                      

DEPARTMENT EMPLOYEE                  COLLEAGUE                                  
---------- ------------------------- -------------------------                  
        80 Bloom                     Bates                                      
        80 Bloom                     Bernstein                                  
        80 Bloom                     Cambrault                                  
        80 Bloom                     Cambrault                                  
        80 Bloom                     Doran                                      
        80 Bloom                     Errazuriz                                  
        80 Bloom                     Fox                                        
        80 Bloom                     Greene                                     
        80 Bloom                     Hall                                       
        80 Bloom                     Hutton                                     
        80 Bloom                     Johnson                                    

DEPARTMENT EMPLOYEE                  COLLEAGUE                                  
---------- ------------------------- -------------------------                  
        80 Bloom                     King                                       
        80 Bloom                     Kumar                                      
        80 Bloom                     Lee                                        
        80 Bloom                     Livingston                                 
        80 Bloom                     Marvins                                    
        80 Bloom                     McEwen                                     
        80 Bloom                     Olsen                                      
        80 Bloom                     Ozer                                       
        80 Bloom                     Partners                                   
        80 Bloom                     Russell                                    
        80 Bloom                     Sewall                                     

DEPARTMENT EMPLOYEE                  COLLEAGUE                                  
---------- ------------------------- -------------------------                  
        80 Bloom                     Smith                                      
        80 Bloom                     Smith                                      
        80 Bloom                     Sully                                      
        80 Bloom                     Taylor                                     
        80 Bloom                     Tucker                                     
        80 Bloom                     Tuvault                                    
        80 Bloom                     Vishney                                    
        80 Bloom                     Zlotkey                                    
        80 Cambrault                 Abel                                       
        80 Cambrault                 Abel                                       
        80 Cambrault                 Ande                                       

DEPARTMENT EMPLOYEE                  COLLEAGUE                                  
---------- ------------------------- -------------------------                  
        80 Cambrault                 Ande                                       
        80 Cambrault                 Banda                                      
        80 Cambrault                 Banda                                      
        80 Cambrault                 Bates                                      
        80 Cambrault                 Bates                                      
        80 Cambrault                 Bernstein                                  
        80 Cambrault                 Bernstein                                  
        80 Cambrault                 Bloom                                      
        80 Cambrault                 Bloom                                      
        80 Cambrault                 Cambrault                                  
        80 Cambrault                 Cambrault                                  

DEPARTMENT EMPLOYEE                  COLLEAGUE                                  
---------- ------------------------- -------------------------                  
        80 Cambrault                 Doran                                      
        80 Cambrault                 Doran                                      
        80 Cambrault                 Errazuriz                                  
        80 Cambrault                 Errazuriz                                  
        80 Cambrault                 Fox                                        
        80 Cambrault                 Fox                                        
        80 Cambrault                 Greene                                     
        80 Cambrault                 Greene                                     
        80 Cambrault                 Hall                                       
        80 Cambrault                 Hall                                       
        80 Cambrault                 Hutton                                     

DEPARTMENT EMPLOYEE                  COLLEAGUE                                  
---------- ------------------------- -------------------------                  
        80 Cambrault                 Hutton                                     
        80 Cambrault                 Johnson                                    
        80 Cambrault                 Johnson                                    
        80 Cambrault                 King                                       
        80 Cambrault                 King                                       
        80 Cambrault                 Kumar                                      
        80 Cambrault                 Kumar                                      
        80 Cambrault                 Lee                                        
        80 Cambrault                 Lee                                        
        80 Cambrault                 Livingston                                 
        80 Cambrault                 Livingston                                 

DEPARTMENT EMPLOYEE                  COLLEAGUE                                  
---------- ------------------------- -------------------------                  
        80 Cambrault                 Marvins                                    
        80 Cambrault                 Marvins                                    
        80 Cambrault                 McEwen                                     
        80 Cambrault                 McEwen                                     
        80 Cambrault                 Olsen                                      
        80 Cambrault                 Olsen                                      
        80 Cambrault                 Ozer                                       
        80 Cambrault                 Ozer                                       
        80 Cambrault                 Partners                                   
        80 Cambrault                 Partners                                   
        80 Cambrault                 Russell                                    

DEPARTMENT EMPLOYEE                  COLLEAGUE                                  
---------- ------------------------- -------------------------                  
        80 Cambrault                 Russell                                    
        80 Cambrault                 Sewall                                     
        80 Cambrault                 Sewall                                     
        80 Cambrault                 Smith                                      
        80 Cambrault                 Smith                                      
        80 Cambrault                 Smith                                      
        80 Cambrault                 Smith                                      
        80 Cambrault                 Sully                                      
        80 Cambrault                 Sully                                      
        80 Cambrault                 Taylor                                     
        80 Cambrault                 Taylor                                     

DEPARTMENT EMPLOYEE                  COLLEAGUE                                  
---------- ------------------------- -------------------------                  
        80 Cambrault                 Tucker                                     
        80 Cambrault                 Tucker                                     
        80 Cambrault                 Tuvault                                    
        80 Cambrault                 Tuvault                                    
        80 Cambrault                 Vishney                                    
        80 Cambrault                 Vishney                                    
        80 Cambrault                 Zlotkey                                    
        80 Cambrault                 Zlotkey                                    
        80 Doran                     Abel                                       
        80 Doran                     Ande                                       
        80 Doran                     Banda                                      

DEPARTMENT EMPLOYEE                  COLLEAGUE                                  
---------- ------------------------- -------------------------                  
        80 Doran                     Bates                                      
        80 Doran                     Bernstein                                  
        80 Doran                     Bloom                                      
        80 Doran                     Cambrault                                  
        80 Doran                     Cambrault                                  
        80 Doran                     Errazuriz                                  
        80 Doran                     Fox                                        
        80 Doran                     Greene                                     
        80 Doran                     Hall                                       
        80 Doran                     Hutton                                     
        80 Doran                     Johnson                                    

DEPARTMENT EMPLOYEE                  COLLEAGUE                                  
---------- ------------------------- -------------------------                  
        80 Doran                     King                                       
        80 Doran                     Kumar                                      
        80 Doran                     Lee                                        
        80 Doran                     Livingston                                 
        80 Doran                     Marvins                                    
        80 Doran                     McEwen                                     
        80 Doran                     Olsen                                      
        80 Doran                     Ozer                                       
        80 Doran                     Partners                                   
        80 Doran                     Russell                                    
        80 Doran                     Sewall                                     

DEPARTMENT EMPLOYEE                  COLLEAGUE                                  
---------- ------------------------- -------------------------                  
        80 Doran                     Smith                                      
        80 Doran                     Smith                                      
        80 Doran                     Sully                                      
        80 Doran                     Taylor                                     
        80 Doran                     Tucker                                     
        80 Doran                     Tuvault                                    
        80 Doran                     Vishney                                    
        80 Doran                     Zlotkey                                    
        80 Errazuriz                 Abel                                       
        80 Errazuriz                 Ande                                       
        80 Errazuriz                 Banda                                      

DEPARTMENT EMPLOYEE                  COLLEAGUE                                  
---------- ------------------------- -------------------------                  
        80 Errazuriz                 Bates                                      
        80 Errazuriz                 Bernstein                                  
        80 Errazuriz                 Bloom                                      
        80 Errazuriz                 Cambrault                                  
        80 Errazuriz                 Cambrault                                  
        80 Errazuriz                 Doran                                      
        80 Errazuriz                 Fox                                        
        80 Errazuriz                 Greene                                     
        80 Errazuriz                 Hall                                       
        80 Errazuriz                 Hutton                                     
        80 Errazuriz                 Johnson                                    

DEPARTMENT EMPLOYEE                  COLLEAGUE                                  
---------- ------------------------- -------------------------                  
        80 Errazuriz                 King                                       
        80 Errazuriz                 Kumar                                      
        80 Errazuriz                 Lee                                        
        80 Errazuriz                 Livingston                                 
        80 Errazuriz                 Marvins                                    
        80 Errazuriz                 McEwen                                     
        80 Errazuriz                 Olsen                                      
        80 Errazuriz                 Ozer                                       
        80 Errazuriz                 Partners                                   
        80 Errazuriz                 Russell                                    
        80 Errazuriz                 Sewall                                     

DEPARTMENT EMPLOYEE                  COLLEAGUE                                  
---------- ------------------------- -------------------------                  
        80 Errazuriz                 Smith                                      
        80 Errazuriz                 Smith                                      
        80 Errazuriz                 Sully                                      
        80 Errazuriz                 Taylor                                     
        80 Errazuriz                 Tucker                                     
        80 Errazuriz                 Tuvault                                    
        80 Errazuriz                 Vishney                                    
        80 Errazuriz                 Zlotkey                                    
        80 Fox                       Abel                                       
        80 Fox                       Ande                                       
        80 Fox                       Banda                                      

DEPARTMENT EMPLOYEE                  COLLEAGUE                                  
---------- ------------------------- -------------------------                  
        80 Fox                       Bates                                      
        80 Fox                       Bernstein                                  
        80 Fox                       Bloom                                      
        80 Fox                       Cambrault                                  
        80 Fox                       Cambrault                                  
        80 Fox                       Doran                                      
        80 Fox                       Errazuriz                                  
        80 Fox                       Greene                                     
        80 Fox                       Hall                                       
        80 Fox                       Hutton                                     
        80 Fox                       Johnson                                    

DEPARTMENT EMPLOYEE                  COLLEAGUE                                  
---------- ------------------------- -------------------------                  
        80 Fox                       King                                       
        80 Fox                       Kumar                                      
        80 Fox                       Lee                                        
        80 Fox                       Livingston                                 
        80 Fox                       Marvins                                    
        80 Fox                       McEwen                                     
        80 Fox                       Olsen                                      
        80 Fox                       Ozer                                       
        80 Fox                       Partners                                   
        80 Fox                       Russell                                    
        80 Fox                       Sewall                                     

DEPARTMENT EMPLOYEE                  COLLEAGUE                                  
---------- ------------------------- -------------------------                  
        80 Fox                       Smith                                      
        80 Fox                       Smith                                      
        80 Fox                       Sully                                      
        80 Fox                       Taylor                                     
        80 Fox                       Tucker                                     
        80 Fox                       Tuvault                                    
        80 Fox                       Vishney                                    
        80 Fox                       Zlotkey                                    
        80 Greene                    Abel                                       
        80 Greene                    Ande                                       
        80 Greene                    Banda                                      

DEPARTMENT EMPLOYEE                  COLLEAGUE                                  
---------- ------------------------- -------------------------                  
        80 Greene                    Bates                                      
        80 Greene                    Bernstein                                  
        80 Greene                    Bloom                                      
        80 Greene                    Cambrault                                  
        80 Greene                    Cambrault                                  
        80 Greene                    Doran                                      
        80 Greene                    Errazuriz                                  
        80 Greene                    Fox                                        
        80 Greene                    Hall                                       
        80 Greene                    Hutton                                     
        80 Greene                    Johnson                                    

DEPARTMENT EMPLOYEE                  COLLEAGUE                                  
---------- ------------------------- -------------------------                  
        80 Greene                    King                                       
        80 Greene                    Kumar                                      
        80 Greene                    Lee                                        
        80 Greene                    Livingston                                 
        80 Greene                    Marvins                                    
        80 Greene                    McEwen                                     
        80 Greene                    Olsen                                      
        80 Greene                    Ozer                                       
        80 Greene                    Partners                                   
        80 Greene                    Russell                                    
        80 Greene                    Sewall                                     

DEPARTMENT EMPLOYEE                  COLLEAGUE                                  
---------- ------------------------- -------------------------                  
        80 Greene                    Smith                                      
        80 Greene                    Smith                                      
        80 Greene                    Sully                                      
        80 Greene                    Taylor                                     
        80 Greene                    Tucker                                     
        80 Greene                    Tuvault                                    
        80 Greene                    Vishney                                    
        80 Greene                    Zlotkey                                    
        80 Hall                      Abel                                       
        80 Hall                      Ande                                       
        80 Hall                      Banda                                      

DEPARTMENT EMPLOYEE                  COLLEAGUE                                  
---------- ------------------------- -------------------------                  
        80 Hall                      Bates                                      
        80 Hall                      Bernstein                                  
        80 Hall                      Bloom                                      
        80 Hall                      Cambrault                                  
        80 Hall                      Cambrault                                  
        80 Hall                      Doran                                      
        80 Hall                      Errazuriz                                  
        80 Hall                      Fox                                        
        80 Hall                      Greene                                     
        80 Hall                      Hutton                                     
        80 Hall                      Johnson                                    

DEPARTMENT EMPLOYEE                  COLLEAGUE                                  
---------- ------------------------- -------------------------                  
        80 Hall                      King                                       
        80 Hall                      Kumar                                      
        80 Hall                      Lee                                        
        80 Hall                      Livingston                                 
        80 Hall                      Marvins                                    
        80 Hall                      McEwen                                     
        80 Hall                      Olsen                                      
        80 Hall                      Ozer                                       
        80 Hall                      Partners                                   
        80 Hall                      Russell                                    
        80 Hall                      Sewall                                     

DEPARTMENT EMPLOYEE                  COLLEAGUE                                  
---------- ------------------------- -------------------------                  
        80 Hall                      Smith                                      
        80 Hall                      Smith                                      
        80 Hall                      Sully                                      
        80 Hall                      Taylor                                     
        80 Hall                      Tucker                                     
        80 Hall                      Tuvault                                    
        80 Hall                      Vishney                                    
        80 Hall                      Zlotkey                                    
        80 Hutton                    Abel                                       
        80 Hutton                    Ande                                       
        80 Hutton                    Banda                                      

DEPARTMENT EMPLOYEE                  COLLEAGUE                                  
---------- ------------------------- -------------------------                  
        80 Hutton                    Bates                                      
        80 Hutton                    Bernstein                                  
        80 Hutton                    Bloom                                      
        80 Hutton                    Cambrault                                  
        80 Hutton                    Cambrault                                  
        80 Hutton                    Doran                                      
        80 Hutton                    Errazuriz                                  
        80 Hutton                    Fox                                        
        80 Hutton                    Greene                                     
        80 Hutton                    Hall                                       
        80 Hutton                    Johnson                                    

DEPARTMENT EMPLOYEE                  COLLEAGUE                                  
---------- ------------------------- -------------------------                  
        80 Hutton                    King                                       
        80 Hutton                    Kumar                                      
        80 Hutton                    Lee                                        
        80 Hutton                    Livingston                                 
        80 Hutton                    Marvins                                    
        80 Hutton                    McEwen                                     
        80 Hutton                    Olsen                                      
        80 Hutton                    Ozer                                       
        80 Hutton                    Partners                                   
        80 Hutton                    Russell                                    
        80 Hutton                    Sewall                                     

DEPARTMENT EMPLOYEE                  COLLEAGUE                                  
---------- ------------------------- -------------------------                  
        80 Hutton                    Smith                                      
        80 Hutton                    Smith                                      
        80 Hutton                    Sully                                      
        80 Hutton                    Taylor                                     
        80 Hutton                    Tucker                                     
        80 Hutton                    Tuvault                                    
        80 Hutton                    Vishney                                    
        80 Hutton                    Zlotkey                                    
        80 Johnson                   Abel                                       
        80 Johnson                   Ande                                       
        80 Johnson                   Banda                                      

DEPARTMENT EMPLOYEE                  COLLEAGUE                                  
---------- ------------------------- -------------------------                  
        80 Johnson                   Bates                                      
        80 Johnson                   Bernstein                                  
        80 Johnson                   Bloom                                      
        80 Johnson                   Cambrault                                  
        80 Johnson                   Cambrault                                  
        80 Johnson                   Doran                                      
        80 Johnson                   Errazuriz                                  
        80 Johnson                   Fox                                        
        80 Johnson                   Greene                                     
        80 Johnson                   Hall                                       
        80 Johnson                   Hutton                                     

DEPARTMENT EMPLOYEE                  COLLEAGUE                                  
---------- ------------------------- -------------------------                  
        80 Johnson                   King                                       
        80 Johnson                   Kumar                                      
        80 Johnson                   Lee                                        
        80 Johnson                   Livingston                                 
        80 Johnson                   Marvins                                    
        80 Johnson                   McEwen                                     
        80 Johnson                   Olsen                                      
        80 Johnson                   Ozer                                       
        80 Johnson                   Partners                                   
        80 Johnson                   Russell                                    
        80 Johnson                   Sewall                                     

DEPARTMENT EMPLOYEE                  COLLEAGUE                                  
---------- ------------------------- -------------------------                  
        80 Johnson                   Smith                                      
        80 Johnson                   Smith                                      
        80 Johnson                   Sully                                      
        80 Johnson                   Taylor                                     
        80 Johnson                   Tucker                                     
        80 Johnson                   Tuvault                                    
        80 Johnson                   Vishney                                    
        80 Johnson                   Zlotkey                                    
        80 King                      Abel                                       
        80 King                      Ande                                       
        80 King                      Banda                                      

DEPARTMENT EMPLOYEE                  COLLEAGUE                                  
---------- ------------------------- -------------------------                  
        80 King                      Bates                                      
        80 King                      Bernstein                                  
        80 King                      Bloom                                      
        80 King                      Cambrault                                  
        80 King                      Cambrault                                  
        80 King                      Doran                                      
        80 King                      Errazuriz                                  
        80 King                      Fox                                        
        80 King                      Greene                                     
        80 King                      Hall                                       
        80 King                      Hutton                                     

DEPARTMENT EMPLOYEE                  COLLEAGUE                                  
---------- ------------------------- -------------------------                  
        80 King                      Johnson                                    
        80 King                      Kumar                                      
        80 King                      Lee                                        
        80 King                      Livingston                                 
        80 King                      Marvins                                    
        80 King                      McEwen                                     
        80 King                      Olsen                                      
        80 King                      Ozer                                       
        80 King                      Partners                                   
        80 King                      Russell                                    
        80 King                      Sewall                                     

DEPARTMENT EMPLOYEE                  COLLEAGUE                                  
---------- ------------------------- -------------------------                  
        80 King                      Smith                                      
        80 King                      Smith                                      
        80 King                      Sully                                      
        80 King                      Taylor                                     
        80 King                      Tucker                                     
        80 King                      Tuvault                                    
        80 King                      Vishney                                    
        80 King                      Zlotkey                                    
        80 Kumar                     Abel                                       
        80 Kumar                     Ande                                       
        80 Kumar                     Banda                                      

DEPARTMENT EMPLOYEE                  COLLEAGUE                                  
---------- ------------------------- -------------------------                  
        80 Kumar                     Bates                                      
        80 Kumar                     Bernstein                                  
        80 Kumar                     Bloom                                      
        80 Kumar                     Cambrault                                  
        80 Kumar                     Cambrault                                  
        80 Kumar                     Doran                                      
        80 Kumar                     Errazuriz                                  
        80 Kumar                     Fox                                        
        80 Kumar                     Greene                                     
        80 Kumar                     Hall                                       
        80 Kumar                     Hutton                                     

DEPARTMENT EMPLOYEE                  COLLEAGUE                                  
---------- ------------------------- -------------------------                  
        80 Kumar                     Johnson                                    
        80 Kumar                     King                                       
        80 Kumar                     Lee                                        
        80 Kumar                     Livingston                                 
        80 Kumar                     Marvins                                    
        80 Kumar                     McEwen                                     
        80 Kumar                     Olsen                                      
        80 Kumar                     Ozer                                       
        80 Kumar                     Partners                                   
        80 Kumar                     Russell                                    
        80 Kumar                     Sewall                                     

DEPARTMENT EMPLOYEE                  COLLEAGUE                                  
---------- ------------------------- -------------------------                  
        80 Kumar                     Smith                                      
        80 Kumar                     Smith                                      
        80 Kumar                     Sully                                      
        80 Kumar                     Taylor                                     
        80 Kumar                     Tucker                                     
        80 Kumar                     Tuvault                                    
        80 Kumar                     Vishney                                    
        80 Kumar                     Zlotkey                                    
        80 Lee                       Abel                                       
        80 Lee                       Ande                                       
        80 Lee                       Banda                                      

DEPARTMENT EMPLOYEE                  COLLEAGUE                                  
---------- ------------------------- -------------------------                  
        80 Lee                       Bates                                      
        80 Lee                       Bernstein                                  
        80 Lee                       Bloom                                      
        80 Lee                       Cambrault                                  
        80 Lee                       Cambrault                                  
        80 Lee                       Doran                                      
        80 Lee                       Errazuriz                                  
        80 Lee                       Fox                                        
        80 Lee                       Greene                                     
        80 Lee                       Hall                                       
        80 Lee                       Hutton                                     

DEPARTMENT EMPLOYEE                  COLLEAGUE                                  
---------- ------------------------- -------------------------                  
        80 Lee                       Johnson                                    
        80 Lee                       King                                       
        80 Lee                       Kumar                                      
        80 Lee                       Livingston                                 
        80 Lee                       Marvins                                    
        80 Lee                       McEwen                                     
        80 Lee                       Olsen                                      
        80 Lee                       Ozer                                       
        80 Lee                       Partners                                   
        80 Lee                       Russell                                    
        80 Lee                       Sewall                                     

DEPARTMENT EMPLOYEE                  COLLEAGUE                                  
---------- ------------------------- -------------------------                  
        80 Lee                       Smith                                      
        80 Lee                       Smith                                      
        80 Lee                       Sully                                      
        80 Lee                       Taylor                                     
        80 Lee                       Tucker                                     
        80 Lee                       Tuvault                                    
        80 Lee                       Vishney                                    
        80 Lee                       Zlotkey                                    
        80 Livingston                Abel                                       
        80 Livingston                Ande                                       
        80 Livingston                Banda                                      

DEPARTMENT EMPLOYEE                  COLLEAGUE                                  
---------- ------------------------- -------------------------                  
        80 Livingston                Bates                                      
        80 Livingston                Bernstein                                  
        80 Livingston                Bloom                                      
        80 Livingston                Cambrault                                  
        80 Livingston                Cambrault                                  
        80 Livingston                Doran                                      
        80 Livingston                Errazuriz                                  
        80 Livingston                Fox                                        
        80 Livingston                Greene                                     
        80 Livingston                Hall                                       
        80 Livingston                Hutton                                     

DEPARTMENT EMPLOYEE                  COLLEAGUE                                  
---------- ------------------------- -------------------------                  
        80 Livingston                Johnson                                    
        80 Livingston                King                                       
        80 Livingston                Kumar                                      
        80 Livingston                Lee                                        
        80 Livingston                Marvins                                    
        80 Livingston                McEwen                                     
        80 Livingston                Olsen                                      
        80 Livingston                Ozer                                       
        80 Livingston                Partners                                   
        80 Livingston                Russell                                    
        80 Livingston                Sewall                                     

DEPARTMENT EMPLOYEE                  COLLEAGUE                                  
---------- ------------------------- -------------------------                  
        80 Livingston                Smith                                      
        80 Livingston                Smith                                      
        80 Livingston                Sully                                      
        80 Livingston                Taylor                                     
        80 Livingston                Tucker                                     
        80 Livingston                Tuvault                                    
        80 Livingston                Vishney                                    
        80 Livingston                Zlotkey                                    
        80 Marvins                   Abel                                       
        80 Marvins                   Ande                                       
        80 Marvins                   Banda                                      

DEPARTMENT EMPLOYEE                  COLLEAGUE                                  
---------- ------------------------- -------------------------                  
        80 Marvins                   Bates                                      
        80 Marvins                   Bernstein                                  
        80 Marvins                   Bloom                                      
        80 Marvins                   Cambrault                                  
        80 Marvins                   Cambrault                                  
        80 Marvins                   Doran                                      
        80 Marvins                   Errazuriz                                  
        80 Marvins                   Fox                                        
        80 Marvins                   Greene                                     
        80 Marvins                   Hall                                       
        80 Marvins                   Hutton                                     

DEPARTMENT EMPLOYEE                  COLLEAGUE                                  
---------- ------------------------- -------------------------                  
        80 Marvins                   Johnson                                    
        80 Marvins                   King                                       
        80 Marvins                   Kumar                                      
        80 Marvins                   Lee                                        
        80 Marvins                   Livingston                                 
        80 Marvins                   McEwen                                     
        80 Marvins                   Olsen                                      
        80 Marvins                   Ozer                                       
        80 Marvins                   Partners                                   
        80 Marvins                   Russell                                    
        80 Marvins                   Sewall                                     

DEPARTMENT EMPLOYEE                  COLLEAGUE                                  
---------- ------------------------- -------------------------                  
        80 Marvins                   Smith                                      
        80 Marvins                   Smith                                      
        80 Marvins                   Sully                                      
        80 Marvins                   Taylor                                     
        80 Marvins                   Tucker                                     
        80 Marvins                   Tuvault                                    
        80 Marvins                   Vishney                                    
        80 Marvins                   Zlotkey                                    
        80 McEwen                    Abel                                       
        80 McEwen                    Ande                                       
        80 McEwen                    Banda                                      

DEPARTMENT EMPLOYEE                  COLLEAGUE                                  
---------- ------------------------- -------------------------                  
        80 McEwen                    Bates                                      
        80 McEwen                    Bernstein                                  
        80 McEwen                    Bloom                                      
        80 McEwen                    Cambrault                                  
        80 McEwen                    Cambrault                                  
        80 McEwen                    Doran                                      
        80 McEwen                    Errazuriz                                  
        80 McEwen                    Fox                                        
        80 McEwen                    Greene                                     
        80 McEwen                    Hall                                       
        80 McEwen                    Hutton                                     

DEPARTMENT EMPLOYEE                  COLLEAGUE                                  
---------- ------------------------- -------------------------                  
        80 McEwen                    Johnson                                    
        80 McEwen                    King                                       
        80 McEwen                    Kumar                                      
        80 McEwen                    Lee                                        
        80 McEwen                    Livingston                                 
        80 McEwen                    Marvins                                    
        80 McEwen                    Olsen                                      
        80 McEwen                    Ozer                                       
        80 McEwen                    Partners                                   
        80 McEwen                    Russell                                    
        80 McEwen                    Sewall                                     

DEPARTMENT EMPLOYEE                  COLLEAGUE                                  
---------- ------------------------- -------------------------                  
        80 McEwen                    Smith                                      
        80 McEwen                    Smith                                      
        80 McEwen                    Sully                                      
        80 McEwen                    Taylor                                     
        80 McEwen                    Tucker                                     
        80 McEwen                    Tuvault                                    
        80 McEwen                    Vishney                                    
        80 McEwen                    Zlotkey                                    
        80 Olsen                     Abel                                       
        80 Olsen                     Ande                                       
        80 Olsen                     Banda                                      

DEPARTMENT EMPLOYEE                  COLLEAGUE                                  
---------- ------------------------- -------------------------                  
        80 Olsen                     Bates                                      
        80 Olsen                     Bernstein                                  
        80 Olsen                     Bloom                                      
        80 Olsen                     Cambrault                                  
        80 Olsen                     Cambrault                                  
        80 Olsen                     Doran                                      
        80 Olsen                     Errazuriz                                  
        80 Olsen                     Fox                                        
        80 Olsen                     Greene                                     
        80 Olsen                     Hall                                       
        80 Olsen                     Hutton                                     

DEPARTMENT EMPLOYEE                  COLLEAGUE                                  
---------- ------------------------- -------------------------                  
        80 Olsen                     Johnson                                    
        80 Olsen                     King                                       
        80 Olsen                     Kumar                                      
        80 Olsen                     Lee                                        
        80 Olsen                     Livingston                                 
        80 Olsen                     Marvins                                    
        80 Olsen                     McEwen                                     
        80 Olsen                     Ozer                                       
        80 Olsen                     Partners                                   
        80 Olsen                     Russell                                    
        80 Olsen                     Sewall                                     

DEPARTMENT EMPLOYEE                  COLLEAGUE                                  
---------- ------------------------- -------------------------                  
        80 Olsen                     Smith                                      
        80 Olsen                     Smith                                      
        80 Olsen                     Sully                                      
        80 Olsen                     Taylor                                     
        80 Olsen                     Tucker                                     
        80 Olsen                     Tuvault                                    
        80 Olsen                     Vishney                                    
        80 Olsen                     Zlotkey                                    
        80 Ozer                      Abel                                       
        80 Ozer                      Ande                                       
        80 Ozer                      Banda                                      

DEPARTMENT EMPLOYEE                  COLLEAGUE                                  
---------- ------------------------- -------------------------                  
        80 Ozer                      Bates                                      
        80 Ozer                      Bernstein                                  
        80 Ozer                      Bloom                                      
        80 Ozer                      Cambrault                                  
        80 Ozer                      Cambrault                                  
        80 Ozer                      Doran                                      
        80 Ozer                      Errazuriz                                  
        80 Ozer                      Fox                                        
        80 Ozer                      Greene                                     
        80 Ozer                      Hall                                       
        80 Ozer                      Hutton                                     

DEPARTMENT EMPLOYEE                  COLLEAGUE                                  
---------- ------------------------- -------------------------                  
        80 Ozer                      Johnson                                    
        80 Ozer                      King                                       
        80 Ozer                      Kumar                                      
        80 Ozer                      Lee                                        
        80 Ozer                      Livingston                                 
        80 Ozer                      Marvins                                    
        80 Ozer                      McEwen                                     
        80 Ozer                      Olsen                                      
        80 Ozer                      Partners                                   
        80 Ozer                      Russell                                    
        80 Ozer                      Sewall                                     

DEPARTMENT EMPLOYEE                  COLLEAGUE                                  
---------- ------------------------- -------------------------                  
        80 Ozer                      Smith                                      
        80 Ozer                      Smith                                      
        80 Ozer                      Sully                                      
        80 Ozer                      Taylor                                     
        80 Ozer                      Tucker                                     
        80 Ozer                      Tuvault                                    
        80 Ozer                      Vishney                                    
        80 Ozer                      Zlotkey                                    
        80 Partners                  Abel                                       
        80 Partners                  Ande                                       
        80 Partners                  Banda                                      

DEPARTMENT EMPLOYEE                  COLLEAGUE                                  
---------- ------------------------- -------------------------                  
        80 Partners                  Bates                                      
        80 Partners                  Bernstein                                  
        80 Partners                  Bloom                                      
        80 Partners                  Cambrault                                  
        80 Partners                  Cambrault                                  
        80 Partners                  Doran                                      
        80 Partners                  Errazuriz                                  
        80 Partners                  Fox                                        
        80 Partners                  Greene                                     
        80 Partners                  Hall                                       
        80 Partners                  Hutton                                     

DEPARTMENT EMPLOYEE                  COLLEAGUE                                  
---------- ------------------------- -------------------------                  
        80 Partners                  Johnson                                    
        80 Partners                  King                                       
        80 Partners                  Kumar                                      
        80 Partners                  Lee                                        
        80 Partners                  Livingston                                 
        80 Partners                  Marvins                                    
        80 Partners                  McEwen                                     
        80 Partners                  Olsen                                      
        80 Partners                  Ozer                                       
        80 Partners                  Russell                                    
        80 Partners                  Sewall                                     

DEPARTMENT EMPLOYEE                  COLLEAGUE                                  
---------- ------------------------- -------------------------                  
        80 Partners                  Smith                                      
        80 Partners                  Smith                                      
        80 Partners                  Sully                                      
        80 Partners                  Taylor                                     
        80 Partners                  Tucker                                     
        80 Partners                  Tuvault                                    
        80 Partners                  Vishney                                    
        80 Partners                  Zlotkey                                    
        80 Russell                   Abel                                       
        80 Russell                   Ande                                       
        80 Russell                   Banda                                      

DEPARTMENT EMPLOYEE                  COLLEAGUE                                  
---------- ------------------------- -------------------------                  
        80 Russell                   Bates                                      
        80 Russell                   Bernstein                                  
        80 Russell                   Bloom                                      
        80 Russell                   Cambrault                                  
        80 Russell                   Cambrault                                  
        80 Russell                   Doran                                      
        80 Russell                   Errazuriz                                  
        80 Russell                   Fox                                        
        80 Russell                   Greene                                     
        80 Russell                   Hall                                       
        80 Russell                   Hutton                                     

DEPARTMENT EMPLOYEE                  COLLEAGUE                                  
---------- ------------------------- -------------------------                  
        80 Russell                   Johnson                                    
        80 Russell                   King                                       
        80 Russell                   Kumar                                      
        80 Russell                   Lee                                        
        80 Russell                   Livingston                                 
        80 Russell                   Marvins                                    
        80 Russell                   McEwen                                     
        80 Russell                   Olsen                                      
        80 Russell                   Ozer                                       
        80 Russell                   Partners                                   
        80 Russell                   Sewall                                     

DEPARTMENT EMPLOYEE                  COLLEAGUE                                  
---------- ------------------------- -------------------------                  
        80 Russell                   Smith                                      
        80 Russell                   Smith                                      
        80 Russell                   Sully                                      
        80 Russell                   Taylor                                     
        80 Russell                   Tucker                                     
        80 Russell                   Tuvault                                    
        80 Russell                   Vishney                                    
        80 Russell                   Zlotkey                                    
        80 Sewall                    Abel                                       
        80 Sewall                    Ande                                       
        80 Sewall                    Banda                                      

DEPARTMENT EMPLOYEE                  COLLEAGUE                                  
---------- ------------------------- -------------------------                  
        80 Sewall                    Bates                                      
        80 Sewall                    Bernstein                                  
        80 Sewall                    Bloom                                      
        80 Sewall                    Cambrault                                  
        80 Sewall                    Cambrault                                  
        80 Sewall                    Doran                                      
        80 Sewall                    Errazuriz                                  
        80 Sewall                    Fox                                        
        80 Sewall                    Greene                                     
        80 Sewall                    Hall                                       
        80 Sewall                    Hutton                                     

DEPARTMENT EMPLOYEE                  COLLEAGUE                                  
---------- ------------------------- -------------------------                  
        80 Sewall                    Johnson                                    
        80 Sewall                    King                                       
        80 Sewall                    Kumar                                      
        80 Sewall                    Lee                                        
        80 Sewall                    Livingston                                 
        80 Sewall                    Marvins                                    
        80 Sewall                    McEwen                                     
        80 Sewall                    Olsen                                      
        80 Sewall                    Ozer                                       
        80 Sewall                    Partners                                   
        80 Sewall                    Russell                                    

DEPARTMENT EMPLOYEE                  COLLEAGUE                                  
---------- ------------------------- -------------------------                  
        80 Sewall                    Smith                                      
        80 Sewall                    Smith                                      
        80 Sewall                    Sully                                      
        80 Sewall                    Taylor                                     
        80 Sewall                    Tucker                                     
        80 Sewall                    Tuvault                                    
        80 Sewall                    Vishney                                    
        80 Sewall                    Zlotkey                                    
        80 Smith                     Abel                                       
        80 Smith                     Abel                                       
        80 Smith                     Ande                                       

DEPARTMENT EMPLOYEE                  COLLEAGUE                                  
---------- ------------------------- -------------------------                  
        80 Smith                     Ande                                       
        80 Smith                     Banda                                      
        80 Smith                     Banda                                      
        80 Smith                     Bates                                      
        80 Smith                     Bates                                      
        80 Smith                     Bernstein                                  
        80 Smith                     Bernstein                                  
        80 Smith                     Bloom                                      
        80 Smith                     Bloom                                      
        80 Smith                     Cambrault                                  
        80 Smith                     Cambrault                                  

DEPARTMENT EMPLOYEE                  COLLEAGUE                                  
---------- ------------------------- -------------------------                  
        80 Smith                     Cambrault                                  
        80 Smith                     Cambrault                                  
        80 Smith                     Doran                                      
        80 Smith                     Doran                                      
        80 Smith                     Errazuriz                                  
        80 Smith                     Errazuriz                                  
        80 Smith                     Fox                                        
        80 Smith                     Fox                                        
        80 Smith                     Greene                                     
        80 Smith                     Greene                                     
        80 Smith                     Hall                                       

DEPARTMENT EMPLOYEE                  COLLEAGUE                                  
---------- ------------------------- -------------------------                  
        80 Smith                     Hall                                       
        80 Smith                     Hutton                                     
        80 Smith                     Hutton                                     
        80 Smith                     Johnson                                    
        80 Smith                     Johnson                                    
        80 Smith                     King                                       
        80 Smith                     King                                       
        80 Smith                     Kumar                                      
        80 Smith                     Kumar                                      
        80 Smith                     Lee                                        
        80 Smith                     Lee                                        

DEPARTMENT EMPLOYEE                  COLLEAGUE                                  
---------- ------------------------- -------------------------                  
        80 Smith                     Livingston                                 
        80 Smith                     Livingston                                 
        80 Smith                     Marvins                                    
        80 Smith                     Marvins                                    
        80 Smith                     McEwen                                     
        80 Smith                     McEwen                                     
        80 Smith                     Olsen                                      
        80 Smith                     Olsen                                      
        80 Smith                     Ozer                                       
        80 Smith                     Ozer                                       
        80 Smith                     Partners                                   

DEPARTMENT EMPLOYEE                  COLLEAGUE                                  
---------- ------------------------- -------------------------                  
        80 Smith                     Partners                                   
        80 Smith                     Russell                                    
        80 Smith                     Russell                                    
        80 Smith                     Sewall                                     
        80 Smith                     Sewall                                     
        80 Smith                     Smith                                      
        80 Smith                     Smith                                      
        80 Smith                     Sully                                      
        80 Smith                     Sully                                      
        80 Smith                     Taylor                                     
        80 Smith                     Taylor                                     

DEPARTMENT EMPLOYEE                  COLLEAGUE                                  
---------- ------------------------- -------------------------                  
        80 Smith                     Tucker                                     
        80 Smith                     Tucker                                     
        80 Smith                     Tuvault                                    
        80 Smith                     Tuvault                                    
        80 Smith                     Vishney                                    
        80 Smith                     Vishney                                    
        80 Smith                     Zlotkey                                    
        80 Smith                     Zlotkey                                    
        80 Sully                     Abel                                       
        80 Sully                     Ande                                       
        80 Sully                     Banda                                      

DEPARTMENT EMPLOYEE                  COLLEAGUE                                  
---------- ------------------------- -------------------------                  
        80 Sully                     Bates                                      
        80 Sully                     Bernstein                                  
        80 Sully                     Bloom                                      
        80 Sully                     Cambrault                                  
        80 Sully                     Cambrault                                  
        80 Sully                     Doran                                      
        80 Sully                     Errazuriz                                  
        80 Sully                     Fox                                        
        80 Sully                     Greene                                     
        80 Sully                     Hall                                       
        80 Sully                     Hutton                                     

DEPARTMENT EMPLOYEE                  COLLEAGUE                                  
---------- ------------------------- -------------------------                  
        80 Sully                     Johnson                                    
        80 Sully                     King                                       
        80 Sully                     Kumar                                      
        80 Sully                     Lee                                        
        80 Sully                     Livingston                                 
        80 Sully                     Marvins                                    
        80 Sully                     McEwen                                     
        80 Sully                     Olsen                                      
        80 Sully                     Ozer                                       
        80 Sully                     Partners                                   
        80 Sully                     Russell                                    

DEPARTMENT EMPLOYEE                  COLLEAGUE                                  
---------- ------------------------- -------------------------                  
        80 Sully                     Sewall                                     
        80 Sully                     Smith                                      
        80 Sully                     Smith                                      
        80 Sully                     Taylor                                     
        80 Sully                     Tucker                                     
        80 Sully                     Tuvault                                    
        80 Sully                     Vishney                                    
        80 Sully                     Zlotkey                                    
        80 Taylor                    Abel                                       
        80 Taylor                    Ande                                       
        80 Taylor                    Banda                                      

DEPARTMENT EMPLOYEE                  COLLEAGUE                                  
---------- ------------------------- -------------------------                  
        80 Taylor                    Bates                                      
        80 Taylor                    Bernstein                                  
        80 Taylor                    Bloom                                      
        80 Taylor                    Cambrault                                  
        80 Taylor                    Cambrault                                  
        80 Taylor                    Doran                                      
        80 Taylor                    Errazuriz                                  
        80 Taylor                    Fox                                        
        80 Taylor                    Greene                                     
        80 Taylor                    Hall                                       
        80 Taylor                    Hutton                                     

DEPARTMENT EMPLOYEE                  COLLEAGUE                                  
---------- ------------------------- -------------------------                  
        80 Taylor                    Johnson                                    
        80 Taylor                    King                                       
        80 Taylor                    Kumar                                      
        80 Taylor                    Lee                                        
        80 Taylor                    Livingston                                 
        80 Taylor                    Marvins                                    
        80 Taylor                    McEwen                                     
        80 Taylor                    Olsen                                      
        80 Taylor                    Ozer                                       
        80 Taylor                    Partners                                   
        80 Taylor                    Russell                                    

DEPARTMENT EMPLOYEE                  COLLEAGUE                                  
---------- ------------------------- -------------------------                  
        80 Taylor                    Sewall                                     
        80 Taylor                    Smith                                      
        80 Taylor                    Smith                                      
        80 Taylor                    Sully                                      
        80 Taylor                    Tucker                                     
        80 Taylor                    Tuvault                                    
        80 Taylor                    Vishney                                    
        80 Taylor                    Zlotkey                                    
        80 Tucker                    Abel                                       
        80 Tucker                    Ande                                       
        80 Tucker                    Banda                                      

DEPARTMENT EMPLOYEE                  COLLEAGUE                                  
---------- ------------------------- -------------------------                  
        80 Tucker                    Bates                                      
        80 Tucker                    Bernstein                                  
        80 Tucker                    Bloom                                      
        80 Tucker                    Cambrault                                  
        80 Tucker                    Cambrault                                  
        80 Tucker                    Doran                                      
        80 Tucker                    Errazuriz                                  
        80 Tucker                    Fox                                        
        80 Tucker                    Greene                                     
        80 Tucker                    Hall                                       
        80 Tucker                    Hutton                                     

DEPARTMENT EMPLOYEE                  COLLEAGUE                                  
---------- ------------------------- -------------------------                  
        80 Tucker                    Johnson                                    
        80 Tucker                    King                                       
        80 Tucker                    Kumar                                      
        80 Tucker                    Lee                                        
        80 Tucker                    Livingston                                 
        80 Tucker                    Marvins                                    
        80 Tucker                    McEwen                                     
        80 Tucker                    Olsen                                      
        80 Tucker                    Ozer                                       
        80 Tucker                    Partners                                   
        80 Tucker                    Russell                                    

DEPARTMENT EMPLOYEE                  COLLEAGUE                                  
---------- ------------------------- -------------------------                  
        80 Tucker                    Sewall                                     
        80 Tucker                    Smith                                      
        80 Tucker                    Smith                                      
        80 Tucker                    Sully                                      
        80 Tucker                    Taylor                                     
        80 Tucker                    Tuvault                                    
        80 Tucker                    Vishney                                    
        80 Tucker                    Zlotkey                                    
        80 Tuvault                   Abel                                       
        80 Tuvault                   Ande                                       
        80 Tuvault                   Banda                                      

DEPARTMENT EMPLOYEE                  COLLEAGUE                                  
---------- ------------------------- -------------------------                  
        80 Tuvault                   Bates                                      
        80 Tuvault                   Bernstein                                  
        80 Tuvault                   Bloom                                      
        80 Tuvault                   Cambrault                                  
        80 Tuvault                   Cambrault                                  
        80 Tuvault                   Doran                                      
        80 Tuvault                   Errazuriz                                  
        80 Tuvault                   Fox                                        
        80 Tuvault                   Greene                                     
        80 Tuvault                   Hall                                       
        80 Tuvault                   Hutton                                     

DEPARTMENT EMPLOYEE                  COLLEAGUE                                  
---------- ------------------------- -------------------------                  
        80 Tuvault                   Johnson                                    
        80 Tuvault                   King                                       
        80 Tuvault                   Kumar                                      
        80 Tuvault                   Lee                                        
        80 Tuvault                   Livingston                                 
        80 Tuvault                   Marvins                                    
        80 Tuvault                   McEwen                                     
        80 Tuvault                   Olsen                                      
        80 Tuvault                   Ozer                                       
        80 Tuvault                   Partners                                   
        80 Tuvault                   Russell                                    

DEPARTMENT EMPLOYEE                  COLLEAGUE                                  
---------- ------------------------- -------------------------                  
        80 Tuvault                   Sewall                                     
        80 Tuvault                   Smith                                      
        80 Tuvault                   Smith                                      
        80 Tuvault                   Sully                                      
        80 Tuvault                   Taylor                                     
        80 Tuvault                   Tucker                                     
        80 Tuvault                   Vishney                                    
        80 Tuvault                   Zlotkey                                    
        80 Vishney                   Abel                                       
        80 Vishney                   Ande                                       
        80 Vishney                   Banda                                      

DEPARTMENT EMPLOYEE                  COLLEAGUE                                  
---------- ------------------------- -------------------------                  
        80 Vishney                   Bates                                      
        80 Vishney                   Bernstein                                  
        80 Vishney                   Bloom                                      
        80 Vishney                   Cambrault                                  
        80 Vishney                   Cambrault                                  
        80 Vishney                   Doran                                      
        80 Vishney                   Errazuriz                                  
        80 Vishney                   Fox                                        
        80 Vishney                   Greene                                     
        80 Vishney                   Hall                                       
        80 Vishney                   Hutton                                     

DEPARTMENT EMPLOYEE                  COLLEAGUE                                  
---------- ------------------------- -------------------------                  
        80 Vishney                   Johnson                                    
        80 Vishney                   King                                       
        80 Vishney                   Kumar                                      
        80 Vishney                   Lee                                        
        80 Vishney                   Livingston                                 
        80 Vishney                   Marvins                                    
        80 Vishney                   McEwen                                     
        80 Vishney                   Olsen                                      
        80 Vishney                   Ozer                                       
        80 Vishney                   Partners                                   
        80 Vishney                   Russell                                    

DEPARTMENT EMPLOYEE                  COLLEAGUE                                  
---------- ------------------------- -------------------------                  
        80 Vishney                   Sewall                                     
        80 Vishney                   Smith                                      
        80 Vishney                   Smith                                      
        80 Vishney                   Sully                                      
        80 Vishney                   Taylor                                     
        80 Vishney                   Tucker                                     
        80 Vishney                   Tuvault                                    
        80 Vishney                   Zlotkey                                    
        80 Zlotkey                   Abel                                       
        80 Zlotkey                   Ande                                       
        80 Zlotkey                   Banda                                      

DEPARTMENT EMPLOYEE                  COLLEAGUE                                  
---------- ------------------------- -------------------------                  
        80 Zlotkey                   Bates                                      
        80 Zlotkey                   Bernstein                                  
        80 Zlotkey                   Bloom                                      
        80 Zlotkey                   Cambrault                                  
        80 Zlotkey                   Cambrault                                  
        80 Zlotkey                   Doran                                      
        80 Zlotkey                   Errazuriz                                  
        80 Zlotkey                   Fox                                        
        80 Zlotkey                   Greene                                     
        80 Zlotkey                   Hall                                       
        80 Zlotkey                   Hutton                                     

DEPARTMENT EMPLOYEE                  COLLEAGUE                                  
---------- ------------------------- -------------------------                  
        80 Zlotkey                   Johnson                                    
        80 Zlotkey                   King                                       
        80 Zlotkey                   Kumar                                      
        80 Zlotkey                   Lee                                        
        80 Zlotkey                   Livingston                                 
        80 Zlotkey                   Marvins                                    
        80 Zlotkey                   McEwen                                     
        80 Zlotkey                   Olsen                                      
        80 Zlotkey                   Ozer                                       
        80 Zlotkey                   Partners                                   
        80 Zlotkey                   Russell                                    

DEPARTMENT EMPLOYEE                  COLLEAGUE                                  
---------- ------------------------- -------------------------                  
        80 Zlotkey                   Sewall                                     
        80 Zlotkey                   Smith                                      
        80 Zlotkey                   Smith                                      
        80 Zlotkey                   Sully                                      
        80 Zlotkey                   Taylor                                     
        80 Zlotkey                   Tucker                                     
        80 Zlotkey                   Tuvault                                    
        80 Zlotkey                   Vishney                                    
        90 De Haan                   King                                       
        90 De Haan                   Kochhar                                    
        90 King                      De Haan                                    

DEPARTMENT EMPLOYEE                  COLLEAGUE                                  
---------- ------------------------- -------------------------                  
        90 King                      Kochhar                                    
        90 Kochhar                   De Haan                                    
        90 Kochhar                   King                                       
       100 Chen                      Faviet                                     
       100 Chen                      Greenberg                                  
       100 Chen                      Popp                                       
       100 Chen                      Sciarra                                    
       100 Chen                      Urman                                      
       100 Faviet                    Chen                                       
       100 Faviet                    Greenberg                                  
       100 Faviet                    Popp                                       

DEPARTMENT EMPLOYEE                  COLLEAGUE                                  
---------- ------------------------- -------------------------                  
       100 Faviet                    Sciarra                                    
       100 Faviet                    Urman                                      
       100 Greenberg                 Chen                                       
       100 Greenberg                 Faviet                                     
       100 Greenberg                 Popp                                       
       100 Greenberg                 Sciarra                                    
       100 Greenberg                 Urman                                      
       100 Popp                      Chen                                       
       100 Popp                      Faviet                                     
       100 Popp                      Greenberg                                  
       100 Popp                      Sciarra                                    

DEPARTMENT EMPLOYEE                  COLLEAGUE                                  
---------- ------------------------- -------------------------                  
       100 Popp                      Urman                                      
       100 Sciarra                   Chen                                       
       100 Sciarra                   Faviet                                     
       100 Sciarra                   Greenberg                                  
       100 Sciarra                   Popp                                       
       100 Sciarra                   Urman                                      
       100 Urman                     Chen                                       
       100 Urman                     Faviet                                     
       100 Urman                     Greenberg                                  
       100 Urman                     Popp                                       
       100 Urman                     Sciarra                                    

DEPARTMENT EMPLOYEE                  COLLEAGUE                                  
---------- ------------------------- -------------------------                  
       110 Gietz                     Higgins                                    
       110 Higgins                   Gietz                                      

3192 rows selected.

SQL> 
SQL> 
SQL> 
SQL> 
SQL> 
SQL> select e.last_name, e.hire_date
  2  from employees e join employees davies
  3  on (davies.last_name='Davies')
  4  where davies.hire_date<e.hire_date;

LAST_NAME                 HIRE_DATE                                             
------------------------- ---------                                             
Kochhar                   21-SEP-05                                             
Hunold                    03-JAN-06                                             
Ernst                     21-MAY-07                                             
Austin                    25-JUN-05                                             
Pataballa                 05-FEB-06                                             
Lorentz                   07-FEB-07                                             
Chen                      28-SEP-05                                             
Sciarra                   30-SEP-05                                             
Urman                     07-MAR-06                                             
Popp                      07-DEC-07                                             
Baida                     24-DEC-05                                             

LAST_NAME                 HIRE_DATE                                             
------------------------- ---------                                             
Tobias                    24-JUL-05                                             
Himuro                    15-NOV-06                                             
Colmenares                10-AUG-07                                             
Fripp                     10-APR-05                                             
Vollman                   10-OCT-05                                             
Mourgos                   16-NOV-07                                             
Nayer                     16-JUL-05                                             
Mikkilineni               28-SEP-06                                             
Landry                    14-JAN-07                                             
Markle                    08-MAR-08                                             
Bissot                    20-AUG-05                                             

LAST_NAME                 HIRE_DATE                                             
------------------------- ---------                                             
Atkinson                  30-OCT-05                                             
Marlow                    16-FEB-05                                             
Olson                     10-APR-07                                             
Rogers                    26-AUG-06                                             
Gee                       12-DEC-07                                             
Philtanker                06-FEB-08                                             
Stiles                    26-OCT-05                                             
Seo                       12-FEB-06                                             
Patel                     06-APR-06                                             
Matos                     15-MAR-06                                             
Vargas                    09-JUL-06                                             

LAST_NAME                 HIRE_DATE                                             
------------------------- ---------                                             
Errazuriz                 10-MAR-05                                             
Cambrault                 15-OCT-07                                             
Zlotkey                   29-JAN-08                                             
Tucker                    30-JAN-05                                             
Bernstein                 24-MAR-05                                             
Hall                      20-AUG-05                                             
Olsen                     30-MAR-06                                             
Cambrault                 09-DEC-06                                             
Tuvault                   23-NOV-07                                             
Smith                     10-MAR-05                                             
Doran                     15-DEC-05                                             

LAST_NAME                 HIRE_DATE                                             
------------------------- ---------                                             
Sewall                    03-NOV-06                                             
Vishney                   11-NOV-05                                             
Greene                    19-MAR-07                                             
Marvins                   24-JAN-08                                             
Lee                       23-FEB-08                                             
Ande                      24-MAR-08                                             
Banda                     21-APR-08                                             
Ozer                      11-MAR-05                                             
Bloom                     23-MAR-06                                             
Fox                       24-JAN-06                                             
Smith                     23-FEB-07                                             

LAST_NAME                 HIRE_DATE                                             
------------------------- ---------                                             
Bates                     24-MAR-07                                             
Kumar                     21-APR-08                                             
Hutton                    19-MAR-05                                             
Taylor                    24-MAR-06                                             
Livingston                23-APR-06                                             
Grant                     24-MAY-07                                             
Johnson                   04-JAN-08                                             
Taylor                    24-JAN-06                                             
Fleaur                    23-FEB-06                                             
Sullivan                  21-JUN-07                                             
Geoni                     03-FEB-08                                             

LAST_NAME                 HIRE_DATE                                             
------------------------- ---------                                             
Bull                      20-FEB-05                                             
Dellinger                 24-JUN-06                                             
Cabrio                    07-FEB-07                                             
Chung                     14-JUN-05                                             
Dilly                     13-AUG-05                                             
Gates                     11-JUL-06                                             
Perkins                   19-DEC-07                                             
Everett                   03-MAR-05                                             
McCain                    01-JUL-06                                             
Jones                     17-MAR-07                                             
Walsh                     24-APR-06                                             

LAST_NAME                 HIRE_DATE                                             
------------------------- ---------                                             
Feeney                    23-MAY-06                                             
OConnell                  21-JUN-07                                             
Grant                     13-JAN-08                                             
Fay                       17-AUG-05                                             

81 rows selected.

SQL> select e.last_name, d.hire_date, m.Last_name, m.hire_date
  2  from employees e join employees m
  3  on (e.manager_id=m.employee_id)
  4  where e.hire_date< m.hire_date;
select e.last_name, d.hire_date, m.Last_name, m.hire_date
                    *
ERROR at line 1:
ORA-00904: "D"."HIRE_DATE": invalid identifier 


SQL> select e.last_name, e.hire_date, m.Last_name, m.hire_date
  2  from employees e join employees m
  3  on (e.manager_id=m.employee_id)
  4  where e.hire_date< m.hire_date;

LAST_NAME                 HIRE_DATE LAST_NAME                 HIRE_DATE         
------------------------- --------- ------------------------- ---------         
De Haan                   13-JAN-01 King                      17-JUN-03         
Austin                    25-JUN-05 Hunold                    03-JAN-06         
Greenberg                 17-AUG-02 Kochhar                   21-SEP-05         
Faviet                    16-AUG-02 Greenberg                 17-AUG-02         
Raphaely                  07-DEC-02 King                      17-JUN-03         
Kaufling                  01-MAY-03 King                      17-JUN-03         
Marlow                    16-FEB-05 Fripp                     10-APR-05         
Ladwig                    14-JUL-03 Vollman                   10-OCT-05         
Rajs                      17-OCT-03 Mourgos                   16-NOV-07         
Davies                    29-JAN-05 Mourgos                   16-NOV-07         
Matos                     15-MAR-06 Mourgos                   16-NOV-07         

LAST_NAME                 HIRE_DATE LAST_NAME                 HIRE_DATE         
------------------------- --------- ------------------------- ---------         
Vargas                    09-JUL-06 Mourgos                   16-NOV-07         
King                      30-JAN-04 Partners                  05-JAN-05         
Sully                     04-MAR-04 Partners                  05-JAN-05         
McEwen                    01-AUG-04 Partners                  05-JAN-05         
Ozer                      11-MAR-05 Cambrault                 15-OCT-07         
Bloom                     23-MAR-06 Cambrault                 15-OCT-07         
Fox                       24-JAN-06 Cambrault                 15-OCT-07         
Smith                     23-FEB-07 Cambrault                 15-OCT-07         
Bates                     24-MAR-07 Cambrault                 15-OCT-07         
Abel                      11-MAY-04 Zlotkey                   29-JAN-08         
Hutton                    19-MAR-05 Zlotkey                   29-JAN-08         

LAST_NAME                 HIRE_DATE LAST_NAME                 HIRE_DATE         
------------------------- --------- ------------------------- ---------         
Taylor                    24-MAR-06 Zlotkey                   29-JAN-08         
Livingston                23-APR-06 Zlotkey                   29-JAN-08         
Grant                     24-MAY-07 Zlotkey                   29-JAN-08         
Johnson                   04-JAN-08 Zlotkey                   29-JAN-08         
Sarchand                  27-JAN-04 Fripp                     10-APR-05         
Bull                      20-FEB-05 Fripp                     10-APR-05         
Bell                      04-FEB-04 Vollman                   10-OCT-05         
Everett                   03-MAR-05 Vollman                   10-OCT-05         
Walsh                     24-APR-06 Mourgos                   16-NOV-07         
Feeney                    23-MAY-06 Mourgos                   16-NOV-07         
OConnell                  21-JUN-07 Mourgos                   16-NOV-07         

LAST_NAME                 HIRE_DATE LAST_NAME                 HIRE_DATE         
------------------------- --------- ------------------------- ---------         
Whalen                    17-SEP-03 Kochhar                   21-SEP-05         
Mavris                    07-JUN-02 Kochhar                   21-SEP-05         
Baer                      07-JUN-02 Kochhar                   21-SEP-05         
Higgins                   07-JUN-02 Kochhar                   21-SEP-05         

37 rows selected.

SQL> spool off;
